Component: Arm Compiler for Embedded 6.19 Tool: armlink [5e73cb00]

==============================================================================

Section Cross References

    main.o(.text.main) refers to app_program.o(.text.app_init) for app_init
    main.o(.text.main) refers to app_program.o(.text.app_start) for app_start
    main.o(.ARM.exidx.text.main) refers to main.o(.text.main) for [Anonymous Symbol]
    gpio_program.o(.ARM.exidx.text.gpio_pin_init) refers to gpio_program.o(.text.gpio_pin_init) for [Anonymous Symbol]
    gpio_program.o(.ARM.exidx.text.gpio_setPortVal) refers to gpio_program.o(.text.gpio_setPortVal) for [Anonymous Symbol]
    gpio_program.o(.ARM.exidx.text.gpio_setPinVal) refers to gpio_program.o(.text.gpio_setPinVal) for [Anonymous Symbol]
    gpio_program.o(.ARM.exidx.text.gpio_togPinVal) refers to gpio_program.o(.text.gpio_togPinVal) for [Anonymous Symbol]
    gpio_program.o(.ARM.exidx.text.gpio_getPinVal) refers to gpio_program.o(.text.gpio_getPinVal) for [Anonymous Symbol]
    gpio_program.o(.ARM.exidx.text.gpio_enableInt) refers to gpio_program.o(.text.gpio_enableInt) for [Anonymous Symbol]
    gpio_program.o(.ARM.exidx.text.gpio_disableInt) refers to gpio_program.o(.text.gpio_disableInt) for [Anonymous Symbol]
    gpio_program.o(.ARM.exidx.text.gpio_setIntSense) refers to gpio_program.o(.text.gpio_setIntSense) for [Anonymous Symbol]
    gpio_program.o(.text.gpio_setIntCallback) refers to gpio_program.o(.bss.arr_gpio_cbf) for arr_gpio_cbf
    gpio_program.o(.ARM.exidx.text.gpio_setIntCallback) refers to gpio_program.o(.text.gpio_setIntCallback) for [Anonymous Symbol]
    gpio_program.o(.text.GPIOA_Handler) refers to gpio_program.o(.bss.arr_gpio_cbf) for arr_gpio_cbf
    gpio_program.o(.ARM.exidx.text.GPIOA_Handler) refers to gpio_program.o(.text.GPIOA_Handler) for [Anonymous Symbol]
    gpio_program.o(.text.GPIOB_Handler) refers to gpio_program.o(.bss.arr_gpio_cbf) for arr_gpio_cbf
    gpio_program.o(.ARM.exidx.text.GPIOB_Handler) refers to gpio_program.o(.text.GPIOB_Handler) for [Anonymous Symbol]
    gpio_program.o(.text.GPIOC_Handler) refers to gpio_program.o(.bss.arr_gpio_cbf) for arr_gpio_cbf
    gpio_program.o(.ARM.exidx.text.GPIOC_Handler) refers to gpio_program.o(.text.GPIOC_Handler) for [Anonymous Symbol]
    gpio_program.o(.text.GPIOD_Handler) refers to gpio_program.o(.bss.arr_gpio_cbf) for arr_gpio_cbf
    gpio_program.o(.ARM.exidx.text.GPIOD_Handler) refers to gpio_program.o(.text.GPIOD_Handler) for [Anonymous Symbol]
    gpio_program.o(.text.GPIOE_Handler) refers to gpio_program.o(.bss.arr_gpio_cbf) for arr_gpio_cbf
    gpio_program.o(.ARM.exidx.text.GPIOE_Handler) refers to gpio_program.o(.text.GPIOE_Handler) for [Anonymous Symbol]
    gpio_program.o(.text.GPIOF_Handler) refers to gpio_program.o(.bss.arr_gpio_cbf) for arr_gpio_cbf
    gpio_program.o(.ARM.exidx.text.GPIOF_Handler) refers to gpio_program.o(.text.GPIOF_Handler) for [Anonymous Symbol]
    gpt_program.o(.text.gpt_init) refers to gpt_program.o(.bss.gl_gpt_initialized) for gl_gpt_initialized
    gpt_program.o(.text.gpt_init) refers to gpt_linking_cfg.o(.data.gl_st_gpt_lconfig_arr) for gl_st_gpt_lconfig_arr
    gpt_program.o(.text.gpt_init) refers to gpt_program.o(.text.gpt_enable_notification) for gpt_enable_notification
    gpt_program.o(.ARM.exidx.text.gpt_init) refers to gpt_program.o(.text.gpt_init) for [Anonymous Symbol]
    gpt_program.o(.text.gpt_enable_notification) refers to gpt_linking_cfg.o(.data.gl_st_gpt_lconfig_arr) for gl_st_gpt_lconfig_arr
    gpt_program.o(.ARM.exidx.text.gpt_enable_notification) refers to gpt_program.o(.text.gpt_enable_notification) for [Anonymous Symbol]
    gpt_program.o(.text.gpt_start) refers to gpt_linking_cfg.o(.data.gl_st_gpt_lconfig_arr) for gl_st_gpt_lconfig_arr
    gpt_program.o(.text.gpt_start) refers to dflt_clz.o(x$fpl$dfltu) for __aeabi_ui2d
    gpt_program.o(.text.gpt_start) refers to ddiv.o(x$fpl$ddiv) for __aeabi_ddiv
    gpt_program.o(.text.gpt_start) refers to dcmp.o(x$fpl$fcmp) for __aeabi_dcmplt
    gpt_program.o(.text.gpt_start) refers to dmul.o(x$fpl$dmul) for __aeabi_dmul
    gpt_program.o(.text.gpt_start) refers to dfix.o(x$fpl$dfix) for __aeabi_d2iz
    gpt_program.o(.text.gpt_start) refers to dflt_clz.o(x$fpl$dflt) for __aeabi_i2d
    gpt_program.o(.text.gpt_start) refers to daddsub_clz.o(x$fpl$dsub) for __aeabi_dsub
    gpt_program.o(.text.gpt_start) refers to daddsub_clz.o(x$fpl$dadd) for __aeabi_dadd
    gpt_program.o(.ARM.exidx.text.gpt_start) refers to gpt_program.o(.text.gpt_start) for [Anonymous Symbol]
    gpt_program.o(.text.gpt_stop) refers to gpt_linking_cfg.o(.data.gl_st_gpt_lconfig_arr) for gl_st_gpt_lconfig_arr
    gpt_program.o(.ARM.exidx.text.gpt_stop) refers to gpt_program.o(.text.gpt_stop) for [Anonymous Symbol]
    gpt_program.o(.ARM.exidx.text.gpt_get_elapsed_time) refers to gpt_program.o(.text.gpt_get_elapsed_time) for [Anonymous Symbol]
[...]
    libinit.o(.ARM.Collect$$libinit$$00000000) refers (Special) to libinit2.o(.ARM.Collect$$libinit$$00000017) for __rt_lib_init_lc_monetary_1
    libinit.o(.ARM.Collect$$libinit$$00000000) refers (Special) to libinit2.o(.ARM.Collect$$libinit$$00000019) for __rt_lib_init_lc_numeric_1
    libinit.o(.ARM.Collect$$libinit$$00000000) refers (Special) to libinit2.o(.ARM.Collect$$libinit$$0000001B) for __rt_lib_init_lc_time_1
    libinit.o(.ARM.Collect$$libinit$$00000000) refers (Special) to libinit2.o(.ARM.Collect$$libinit$$00000006) for __rt_lib_init_preinit_1
    libinit.o(.ARM.Collect$$libinit$$00000000) refers (Special) to libinit2.o(.ARM.Collect$$libinit$$00000010) for __rt_lib_init_rand_1
    libinit.o(.ARM.Collect$$libinit$$00000000) refers (Special) to libinit2.o(.ARM.Collect$$libinit$$00000004) for __rt_lib_init_relocate_pie_1
    libinit.o(.ARM.Collect$$libinit$$00000000) refers (Special) to libinit2.o(.ARM.Collect$$libinit$$00000035) for __rt_lib_init_return
    libinit.o(.ARM.Collect$$libinit$$00000000) refers (Special) to libinit2.o(.ARM.Collect$$libinit$$0000001F) for __rt_lib_init_signal_1
    libinit.o(.ARM.Collect$$libinit$$00000000) refers (Special) to libinit2.o(.ARM.Collect$$libinit$$00000027) for __rt_lib_init_stdio_1
    libinit.o(.ARM.Collect$$libinit$$00000000) refers (Special) to libinit2.o(.ARM.Collect$$libinit$$0000000E) for __rt_lib_init_user_alloc_1
    libspace.o(.text) refers to libspace.o(.bss) for __libspace_start
    rtexit.o(.ARM.Collect$$rtexit$$00000000) refers (Special) to rtexit2.o(.ARM.Collect$$rtexit$$00000004) for __rt_exit_exit
    rtexit.o(.ARM.Collect$$rtexit$$00000000) refers (Special) to rtexit2.o(.ARM.Collect$$rtexit$$00000003) for __rt_exit_ls
    rtexit.o(.ARM.Collect$$rtexit$$00000000) refers (Special) to rtexit2.o(.ARM.Collect$$rtexit$$00000002) for __rt_exit_prels_1
    rtexit.o(.ARM.exidx) refers (Special) to rtexit2.o(.ARM.Collect$$rtexit$$00000004) for __rt_exit_exit
    rtexit.o(.ARM.exidx) refers (Special) to rtexit2.o(.ARM.Collect$$rtexit$$00000003) for __rt_exit_ls
    rtexit.o(.ARM.exidx) refers (Special) to rtexit2.o(.ARM.Collect$$rtexit$$00000002) for __rt_exit_prels_1
    rtexit.o(.ARM.exidx) refers to rtexit.o(.ARM.Collect$$rtexit$$00000000) for .ARM.Collect$$rtexit$$00000000
    libinit2.o(.ARM.Collect$$libinit$$00000001) refers to fpinit.o(x$fpl$fpinit) for _fp_init
    libinit2.o(.ARM.Collect$$libinit$$00000012) refers to libinit2.o(.ARM.Collect$$libinit$$00000011) for .ARM.Collect$$libinit$$00000011
    libinit2.o(.ARM.Collect$$libinit$$00000014) refers to libinit2.o(.ARM.Collect$$libinit$$00000011) for .ARM.Collect$$libinit$$00000011
    libinit2.o(.ARM.Collect$$libinit$$00000016) refers to libinit2.o(.ARM.Collect$$libinit$$00000011) for .ARM.Collect$$libinit$$00000011
    libinit2.o(.ARM.Collect$$libinit$$00000018) refers to libinit2.o(.ARM.Collect$$libinit$$00000011) for .ARM.Collect$$libinit$$00000011
    libinit2.o(.ARM.Collect$$libinit$$0000001A) refers to libinit2.o(.ARM.Collect$$libinit$$00000011) for .ARM.Collect$$libinit$$00000011
    libinit2.o(.ARM.Collect$$libinit$$00000028) refers to argv_veneer.o(.emb_text) for __ARM_argv_veneer
    libinit2.o(.ARM.Collect$$libinit$$00000029) refers to argv_veneer.o(.emb_text) for __ARM_argv_veneer
    rtexit2.o(.ARM.Collect$$rtexit$$00000003) refers to libshutdown.o(.ARM.Collect$$libshutdown$$00000000) for __rt_lib_shutdown
    rtexit2.o(.ARM.Collect$$rtexit$$00000004) refers to sys_exit.o(.text) for _sys_exit
    rtexit2.o(.ARM.exidx) refers to rtexit2.o(.ARM.Collect$$rtexit$$00000001) for .ARM.Collect$$rtexit$$00000001
    rtexit2.o(.ARM.exidx) refers to rtexit2.o(.ARM.Collect$$rtexit$$00000003) for .ARM.Collect$$rtexit$$00000003
    rtexit2.o(.ARM.exidx) refers to rtexit2.o(.ARM.Collect$$rtexit$$00000004) for .ARM.Collect$$rtexit$$00000004
    argv_veneer.o(.emb_text) refers to no_argv.o(.text) for __ARM_get_argv
    sys_exit.o(.text) refers (Special) to use_no_semi.o(.text) for __I$use$semihosting
    sys_exit.o(.text) refers (Special) to indicate_semi.o(.text) for __semihosting_library_function
    sys_exit_hlt.o(.text) refers (Special) to use_no_semi.o(.text) for __I$use$semihosting
    sys_exit_hlt.o(.text) refers (Special) to indicate_semi.o(.text) for __semihosting_library_function
    _get_argv_nomalloc.o(.text) refers (Special) to hrguard.o(.text) for __heap_region$guard
    _get_argv_nomalloc.o(.text) refers to defsig_rtmem_outer.o(.text) for __rt_SIGRTMEM
    _get_argv_nomalloc.o(.text) refers to sys_command.o(.text) for _sys_command_string
    libshutdown.o(.ARM.Collect$$libshutdown$$00000000) refers (Special) to libshutdown2.o(.ARM.Collect$$libshutdown$$00000002) for __rt_lib_shutdown_cpp_1
    libshutdown.o(.ARM.Collect$$libshutdown$$00000000) refers (Special) to libshutdown2.o(.ARM.Collect$$libshutdown$$00000007) for __rt_lib_shutdown_fp_trap_1
    libshutdown.o(.ARM.Collect$$libshutdown$$00000000) refers (Special) to libshutdown2.o(.ARM.Collect$$libshutdown$$0000000F) for __rt_lib_shutdown_heap_1
    libshutdown.o(.ARM.Collect$$libshutdown$$00000000) refers (Special) to libshutdown2.o(.ARM.Collect$$libshutdown$$00000010) for __rt_lib_shutdown_return
    libshutdown.o(.ARM.Collect$$libshutdown$$00000000) refers (Special) to libshutdown2.o(.ARM.Collect$$libshutdown$$0000000A) for __rt_lib_shutdown_signal_1
    libshutdown.o(.ARM.Collect$$libshutdown$$00000000) refers (Special) to libshutdown2.o(.ARM.Collect$$libshutdown$$00000004) for __rt_lib_shutdown_stdio_1
    libshutdown.o(.ARM.Collect$$libshutdown$$00000000) refers (Special) to libshutdown2.o(.ARM.Collect$$libshutdown$$0000000C) for __rt_lib_shutdown_user_alloc_1
    sys_command.o(.text) refers (Special) to use_no_semi.o(.text) for __I$use$semihosting
    sys_command.o(.text) refers (Special) to indicate_semi.o(.text) for __semihosting_library_function
    sys_command_hlt.o(.text) refers (Special) to use_no_semi.o(.text) for __I$use$semihosting
    sys_command_hlt.o(.text) refers (Special) to indicate_semi.o(.text) for __semihosting_library_function
    defsig_rtmem_outer.o(.text) refers to defsig_rtmem_inner.o(.text) for __rt_SIGRTMEM_inner
    defsig_rtmem_outer.o(.text) refers to defsig_exit.o(.text) for __sig_exit
    defsig_rtmem_formal.o(.text) refers to rt_raise.o(.text) for __rt_raise
    rt_raise.o(.text) refers to __raise.o(.text) for __raise
    rt_raise.o(.text) refers to sys_exit.o(.text) for _sys_exit
    defsig_exit.o(.text) refers to sys_exit.o(.text) for _sys_exit
    defsig_rtmem_inner.o(.text) refers to defsig_general.o(.text) for __default_signal_display
    __raise.o(.text) refers to defsig.o(CL$$defsig) for __default_signal_handler
    defsig_general.o(.text) refers to sys_wrch.o(.text) for _ttywrch
    sys_wrch.o(.text) refers (Special) to use_no_semi.o(.text) for __I$use$semihosting
    sys_wrch.o(.text) refers (Special) to indicate_semi.o(.text) for __semihosting_library_function
    sys_wrch_hlt.o(.text) refers (Special) to use_no_semi.o(.text) for __I$use$semihosting
    sys_wrch_hlt.o(.text) refers (Special) to indicate_semi.o(.text) for __semihosting_library_function
    defsig.o(CL$$defsig) refers to defsig_rtmem_inner.o(.text) for __rt_SIGRTMEM_inner
    defsig_abrt_inner.o(.text) refers to defsig_general.o(.text) for __default_signal_display
    defsig_fpe_inner.o(.text) refers to defsig_general.o(.text) for __default_signal_display
    defsig_rtred_inner.o(.text) refers to defsig_general.o(.text) for __default_signal_display
    defsig_stak_inner.o(.text) refers to defsig_general.o(.text) for __default_signal_display
    defsig_pvfn_inner.o(.text) refers to defsig_general.o(.text) for __default_signal_display
    defsig_cppl_inner.o(.text) refers to defsig_general.o(.text) for __default_signal_display
    defsig_segv_inner.o(.text) refers to defsig_general.o(.text) for __default_signal_display
    defsig_other.o(.text) refers to defsig_general.o(.text) for __default_signal_display


==============================================================================

Removing Unused input sections from the image.

    Removing main.o(.text), (0 bytes).
    Removing main.o(.ARM.exidx.text.main), (8 bytes).
    Removing main.o(.ARM.use_no_argv), (4 bytes).
    Removing gpio_program.o(.text), (0 bytes).
    Removing gpio_program.o(.ARM.exidx.text.gpio_pin_init), (8 bytes).
    Removing gpio_program.o(.text.gpio_setPortVal), (52 bytes).
    Removing gpio_program.o(.ARM.exidx.text.gpio_setPortVal), (8 bytes).
    Removing gpio_program.o(.ARM.exidx.text.gpio_setPinVal), (8 bytes).
    Removing gpio_program.o(.text.gpio_togPinVal), (96 bytes).
    Removing gpio_program.o(.ARM.exidx.text.gpio_togPinVal), (8 bytes).
    Removing gpio_program.o(.ARM.exidx.text.gpio_getPinVal), (8 bytes).
    Removing gpio_program.o(.ARM.exidx.text.gpio_enableInt), (8 bytes).
    Removing gpio_program.o(.text.gpio_disableInt), (84 bytes).
    Removing gpio_program.o(.ARM.exidx.text.gpio_disableInt), (8 bytes).
    Removing gpio_program.o(.text.gpio_setIntSense), (180 bytes).
    Removing gpio_program.o(.ARM.exidx.text.gpio_setIntSense), (8 bytes).
    Removing gpio_program.o(.ARM.exidx.text.gpio_setIntCallback), (8 bytes).
    Removing gpio_program.o(.ARM.exidx.text.GPIOA_Handler), (8 bytes).
    Removing gpio_program.o(.ARM.exidx.text.GPIOB_Handler), (8 bytes).
    Removing gpio_program.o(.ARM.exidx.text.GPIOC_Handler), (8 bytes).
    Removing gpio_program.o(.ARM.exidx.text.GPIOD_Handler), (8 bytes).
    Removing gpio_program.o(.ARM.exidx.text.GPIOE_Handler), (8 bytes).
    Removing gpio_program.o(.ARM.exidx.text.GPIOF_Handler), (8 bytes).
    Removing gpt_linking_cfg.o(.text), (0 bytes).
    Removing gpt_program.o(.text), (0 bytes).
    Removing gpt_program.o(.ARM.exidx.text.gpt_init), (8 bytes).
    Removing gpt_program.o(.ARM.exidx.text.gpt_enable_notification), (8 bytes).
    Removing gpt_program.o(.ARM.exidx.text.gpt_start), (8 bytes).
    Removing gpt_program.o(.ARM.exidx.text.gpt_stop), (8 bytes).
    Removing gpt_program.o(.text.gpt_get_elapsed_time), (4 bytes).
    Removing gpt_program.o(.ARM.exidx.text.gpt_get_elapsed_time), (8 bytes).
    Removing gpt_program.o(.text.gpt_get_remaining_time), (4 bytes).
    Removing gpt_program.o(.ARM.exidx.text.gpt_get_remaining_time), (8 bytes).
    Removing gpt_program.o(.ARM.exidx.text.gpt_set_callback), (8 bytes).
    Removing gpt_program.o(.text.gpt_disable_notification), (154 bytes).
    Removing gpt_program.o(.ARM.exidx.text.gpt_disable_notification), (8 bytes).
    Removing gpt_program.o(.ARM.exidx.text.TIMER0A_Handler), (8 bytes).
    Removing gpt_program.o(.ARM.exidx.text.TIMER1A_Handler), (8 bytes).
    Removing gpt_program.o(.ARM.exidx.text.TIMER2A_Handler), (8 bytes).
    Removing gpt_program.o(.ARM.exidx.text.TIMER3A_Handler), (8 bytes).
    Removing gpt_program.o(.ARM.exidx.text.TIMER4A_Handler), (8 bytes).
    Removing gpt_program.o(.ARM.exidx.text.TIMER5A_Handler), (8 bytes).
    Removing gpt_program.o(.ARM.exidx.text.WTIMER0A_Handler), (8 bytes).
    Removing gpt_program.o(.ARM.exidx.text.WTIMER1A_Handler), (8 bytes).
    Removing gpt_program.o(.ARM.exidx.text.WTIMER2A_Handler), (8 bytes).
    Removing gpt_program.o(.ARM.exidx.text.WTIMER3A_Handler), (8 bytes).
    Removing gpt_program.o(.ARM.exidx.text.WTIMER4A_Handler), (8 bytes).
    Removing gpt_program.o(.ARM.exidx.text.WTIMER5A_Handler), (8 bytes).
    Removing btn_program.o(.text), (0 bytes).
    Removing btn_program.o(.ARM.exidx.text.button_init), (8 bytes).
    Removing btn_program.o(.ARM.exidx.text.button_get_state), (8 bytes).
    Removing btn_program.o(.ARM.exidx.text.button_set_callback), (8 bytes).
    Removing led_program.o(.text), (0 bytes).
    Removing led_program.o(.ARM.exidx.text.led_init), (8 bytes).
    Removing led_program.o(.ARM.exidx.text.led_on), (8 bytes).
    Removing led_program.o(.ARM.exidx.text.led_off), (8 bytes).
    Removing led_program.o(.text.led_toggle), (36 bytes).
    Removing led_program.o(.ARM.exidx.text.led_toggle), (8 bytes).
    Removing pwm_linking_cfg.o(.text), (0 bytes).
    Removing pwm_program.o(.text), (0 bytes).
    Removing pwm_program.o(.ARM.exidx.text.pwm_init), (8 bytes).
    Removing pwm_program.o(.ARM.exidx.text.pwm_adjust_signal), (8 bytes).
    Removing pwm_program.o(.ARM.exidx.text.pwm_start), (8 bytes).
    Removing pwm_program.o(.ARM.exidx.text.pwm_timer_cbf), (8 bytes).
    Removing pwm_program.o(.ARM.exidx.text.pwm_stop), (8 bytes).
    Removing delay_program.o(.text), (0 bytes).
    Removing delay_program.o(.text.delay_init), (14 bytes).
    Removing delay_program.o(.ARM.exidx.text.delay_init), (8 bytes).
    Removing delay_program.o(.ARM.exidx.text.delay_start), (8 bytes).
    Removing delay_program.o(.text.delay_stop), (34 bytes).
    Removing delay_program.o(.ARM.exidx.text.delay_stop), (8 bytes).
    Removing delay_program.o(.ARM.exidx.text.delay_shutdown), (8 bytes).
    Removing dcm_cfg.o(.text), (0 bytes).
    Removing dcm_program.o(.text), (0 bytes).
    Removing dcm_program.o(.ARM.exidx.text.dcm_init), (8 bytes).
    Removing dcm_program.o(.ARM.exidx.text.dcm_set_direction), (8 bytes).
    Removing dcm_program.o(.ARM.exidx.text.dcm_speed), (8 bytes).
    Removing dcm_program.o(.ARM.exidx.text.dcm_start), (8 bytes).
    Removing dcm_program.o(.ARM.exidx.text.dcm_stop), (8 bytes).
    Removing app_program.o(.text), (0 bytes).
    Removing app_program.o(.ARM.exidx.text.app_init), (8 bytes).
    Removing app_program.o(.ARM.exidx.text.app_start), (8 bytes).
    Removing app_program.o(.ARM.exidx.text.app_stop_btn_callback), (8 bytes).
    Removing system_tm4c123.o(.text), (0 bytes).
    Removing system_tm4c123.o(.text.SystemCoreClockUpdate), (280 bytes).
    Removing system_tm4c123.o(.ARM.exidx.text.SystemCoreClockUpdate), (8 bytes).
    Removing system_tm4c123.o(.ARM.exidx.text.SystemInit), (8 bytes).
    Removing system_tm4c123.o(.data.SystemCoreClock), (4 bytes).
    Removing system_tm4c123.o(.rodata..Lswitch.table.SystemCoreClockUpdate.1), (92 bytes).

89 unused section(s) (total 1534 bytes) removed from the image.

==============================================================================

Image Symbol Table

    Local Symbols

    Symbol Name                              Value     Ov Type        Size  Object(Section)

    ../clib/angel/boardlib.s                 0x00000000   Number         0  boardinit1.o ABSOLUTE
    ../clib/angel/boardlib.s                 0x00000000   Number         0  boardinit2.o ABSOLUTE
    ../clib/angel/boardlib.s                 0x00000000   Number         0  boardinit3.o ABSOLUTE
    ../clib/angel/boardlib.s                 0x00000000   Number         0  boardshut.o ABSOLUTE
    ../clib/angel/handlers.s                 0x00000000   Number         0  __scatter_copy.o ABSOLUTE
    ../clib/angel/handlers.s                 0x00000000   Number         0  __scatter_zi.o ABSOLUTE
    ../clib/angel/kernel.s                   0x00000000   Number         0  __rtentry.o ABSOLUTE
    ../clib/angel/kernel.s                   0x00000000   Number         0  __rtentry2.o ABSOLUTE
    ../clib/angel/kernel.s                   0x00000000   Number         0  __rtentry4.o ABSOLUTE
    ../clib/angel/kernel.s                   0x00000000   Number         0  rtexit.o ABSOLUTE
    ../clib/angel/kernel.s                   0x00000000   Number         0  rtexit2.o ABSOLUTE
    ../clib/angel/rt.s                       0x00000000   Number         0  rt_raise.o ABSOLUTE
    ../clib/angel/scatter.s                  0x00000000   Number         0  __scatter.o ABSOLUTE
    ../clib/angel/startup.s                  0x00000000   Number         0  __main.o ABSOLUTE
    ../clib/angel/sys.s                      0x00000000   Number         0  sys_stackheap_outer.o ABSOLUTE
    ../clib/angel/sys.s                      0x00000000   Number         0  libspace.o ABSOLUTE
    ../clib/angel/sys.s                      0x00000000   Number         0  use_no_semi.o ABSOLUTE
    ../clib/angel/sys.s                      0x00000000   Number         0  indicate_semi.o ABSOLUTE
    ../clib/angel/sysapp.c                   0x00000000   Number         0  sys_exit.o ABSOLUTE
    ../clib/angel/sysapp.c                   0x00000000   Number         0  sys_exit_hlt.o ABSOLUTE
    ../clib/angel/sysapp.c                   0x00000000   Number         0  sys_command.o ABSOLUTE
    ../clib/angel/sysapp.c                   0x00000000   Number         0  sys_command_hlt.o ABSOLUTE
    ../clib/angel/sysapp.c                   0x00000000   Number         0  sys_wrch.o ABSOLUTE
    ../clib/angel/sysapp.c                   0x00000000   Number         0  sys_wrch_hlt.o ABSOLUTE
    ../clib/armsys.c                         0x00000000   Number         0  argv_veneer.o ABSOLUTE
    ../clib/armsys.c                         0x00000000   Number         0  argv_veneer.o ABSOLUTE
    ../clib/armsys.c                         0x00000000   Number         0  _get_argv_nomalloc.o ABSOLUTE
    ../clib/armsys.c                         0x00000000   Number         0  no_argv.o ABSOLUTE
    ../clib/heapalloc.c                      0x00000000   Number         0  hrguard.o ABSOLUTE
    ../clib/heapaux.c                        0x00000000   Number         0  heapauxi.o ABSOLUTE
    ../clib/libinit.s                        0x00000000   Number         0  libinit.o ABSOLUTE
    ../clib/libinit.s                        0x00000000   Number         0  libinit2.o ABSOLUTE
    ../clib/libinit.s                        0x00000000   Number         0  libshutdown.o ABSOLUTE
    ../clib/libinit.s                        0x00000000   Number         0  libshutdown2.o ABSOLUTE
    ../clib/signal.c                         0x00000000   Number         0  defsig_rtmem_outer.o ABSOLUTE
    ../clib/signal.c                         0x00000000   Number         0  defsig_rtmem_formal.o ABSOLUTE
    ../clib/signal.c                         0x00000000   Number         0  defsig_exit.o ABSOLUTE
    ../clib/signal.c                         0x00000000   Number         0  defsig_rtmem_inner.o ABSOLUTE
    ../clib/signal.c                         0x00000000   Number         0  __raise.o ABSOLUTE
    ../clib/signal.c                         0x00000000   Number         0  defsig_general.o ABSOLUTE
    ../clib/signal.c                         0x00000000   Number         0  defsig_abrt_inner.o ABSOLUTE
    ../clib/signal.c                         0x00000000   Number         0  defsig_fpe_inner.o ABSOLUTE
    ../clib/signal.c                         0x00000000   Number         0  defsig_rtred_inner.o ABSOLUTE
    ../clib/signal.c                         0x00000000   Number         0  defsig_stak_inner.o ABSOLUTE
    ../clib/signal.c                         0x00000000   Number         0  defsig_pvfn_inner.o ABSOLUTE
    ../clib/signal.c                         0x00000000   Number         0  defsig_cppl_inner.o ABSOLUTE
    ../clib/signal.c                         0x00000000   Number         0  defsig_segv_inner.o ABSOLUTE
    ../clib/signal.c                         0x00000000   Number         0  defsig_other.o ABSOLUTE
    ../clib/signal.s                         0x00000000   Number         0  defsig.o ABSOLUTE
    ../clib/stdlib.c                         0x00000000   Number         0  exit.o ABSOLUTE
    ../fplib/daddsub.s                       0x00000000   Number         0  daddsub_clz.o ABSOLUTE
    ../fplib/dcmp.s                          0x00000000   Number         0  dcmp.o ABSOLUTE
    ../fplib/dcmpi.s                         0x00000000   Number         0  dcmpi.o ABSOLUTE
    ../fplib/ddiv.s                          0x00000000   Number         0  ddiv.o ABSOLUTE
    ../fplib/deqf.s                          0x00000000   Number         0  deqf.o ABSOLUTE
    ../fplib/dfix.s                          0x00000000   Number         0  dfix.o ABSOLUTE
    ../fplib/dflt.s                          0x00000000   Number         0  dflt_clz.o ABSOLUTE
    ../fplib/dgeqf.s                         0x00000000   Number         0  dgeqf.o ABSOLUTE
    ../fplib/dleqf.s                         0x00000000   Number         0  dleqf.o ABSOLUTE
    ../fplib/dmul.s                          0x00000000   Number         0  dmul.o ABSOLUTE
    ../fplib/dnaninf.s                       0x00000000   Number         0  dnaninf.o ABSOLUTE
    ../fplib/dretinf.s                       0x00000000   Number         0  dretinf.o ABSOLUTE
    ../fplib/fpinit.s                        0x00000000   Number         0  fpinit.o ABSOLUTE
    ../fplib/usenofp.s                       0x00000000   Number         0  usenofp.o ABSOLUTE
    RTE/Device/TM4C123GH6PM/startup_TM4C123.s 0x00000000   Number         0  startup_tm4c123.o ABSOLUTE
    app_program.c                            0x00000000   Number         0  app_program.o ABSOLUTE
    btn_program.c                            0x00000000   Number         0  btn_program.o ABSOLUTE
    dc.s                                     0x00000000   Number         0  dc.o ABSOLUTE
    dcm_cfg.c                                0x00000000   Number         0  dcm_cfg.o ABSOLUTE
    dcm_program.c                            0x00000000   Number         0  dcm_program.o ABSOLUTE
    delay_program.c                          0x00000000   Number         0  delay_program.o ABSOLUTE
    gpio_program.c                           0x00000000   Number         0  gpio_program.o ABSOLUTE
    gpt_linking_cfg.c                        0x00000000   Number         0  gpt_linking_cfg.o ABSOLUTE
    gpt_program.c                            0x00000000   Number         0  gpt_program.o ABSOLUTE
    led_program.c                            0x00000000   Number         0  led_program.o ABSOLUTE
    main.c                                   0x00000000   Number         0  main.o ABSOLUTE
    pwm_linking_cfg.c                        0x00000000   Number         0  pwm_linking_cfg.o ABSOLUTE
    pwm_program.c                            0x00000000   Number         0  pwm_program.o ABSOLUTE
    system_TM4C123.c                         0x00000000   Number         0  system_tm4c123.o ABSOLUTE
    RESET                                    0x00000000   Section      620  startup_tm4c123.o(RESET)
    !!!main                                  0x0000026c   Section        8  __main.o(!!!main)
    !!!scatter                               0x00000274   Section       52  __scatter.o(!!!scatter)
    !!handler_copy                           0x000002a8   Section       26  __scatter_copy.o(!!handler_copy)
    !!handler_zi                             0x000002c4   Section       28  __scatter_zi.o(!!handler_zi)
    .ARM.Collect$$libinit$$00000000          0x000002e0   Section        2  libinit.o(.ARM.Collect$$libinit$$00000000)
    .ARM.Collect$$libinit$$00000001          0x000002e2   Section        4  libinit2.o(.ARM.Collect$$libinit$$00000001)
    .ARM.Collect$$libinit$$00000004          0x000002e6   Section        0  libinit2.o(.ARM.Collect$$libinit$$00000004)
    .ARM.Collect$$libinit$$00000006          0x000002e6   Section        0  libinit2.o(.ARM.Collect$$libinit$$00000006)
    .ARM.Collect$$libinit$$0000000C          0x000002e6   Section        0  libinit2.o(.ARM.Collect$$libinit$$0000000C)
    .ARM.Collect$$libinit$$0000000E          0x000002e6   Section        0  libinit2.o(.ARM.Collect$$libinit$$0000000E)
    .ARM.Collect$$libinit$$00000010          0x000002e6   Section        0  libinit2.o(.ARM.Collect$$libinit$$00000010)
    .ARM.Collect$$libinit$$00000013          0x000002e6   Section        0  libinit2.o(.ARM.Collect$$libinit$$00000013)
    .ARM.Collect$$libinit$$00000015          0x000002e6   Section        0  libinit2.o(.ARM.Collect$$libinit$$00000015)
    .ARM.Collect$$libinit$$00000017          0x000002e6   Section        0  libinit2.o(.ARM.Collect$$libinit$$00000017)
    .ARM.Collect$$libinit$$00000019          0x000002e6   Section        0  libinit2.o(.ARM.Collect$$libinit$$00000019)
    .ARM.Collect$$libinit$$0000001B          0x000002e6   Section        0  libinit2.o(.ARM.Collect$$libinit$$0000001B)
    .ARM.Collect$$libinit$$0000001D          0x000002e6   Section        0  libinit2.o(.ARM.Collect$$libinit$$0000001D)
    .ARM.Collect$$libinit$$0000001F          0x000002e6   Section        0  libinit2.o(.ARM.Collect$$libinit$$0000001F)
    .ARM.Collect$$libinit$$00000021          0x000002e6   Section        0  libinit2.o(.ARM.Collect$$libinit$$00000021)
    .ARM.Collect$$libinit$$00000023          0x000002e6   Section        0  libinit2.o(.ARM.Collect$$libinit$$00000023)
    .ARM.Collect$$libinit$$00000025          0x000002e6   Section        0  libinit2.o(.ARM.Collect$$libinit$$00000025)
    .ARM.Collect$$libinit$$00000027          0x000002e6   Section        0  libinit2.o(.ARM.Collect$$libinit$$00000027)
    .ARM.Collect$$libinit$$0000002E          0x000002e6   Section        0  libinit2.o(.ARM.Collect$$libinit$$0000002E)
    .ARM.Collect$$libinit$$00000030          0x000002e6   Section        0  libinit2.o(.ARM.Collect$$libinit$$00000030)
    .ARM.Collect$$libinit$$00000032          0x000002e6   Section        0  libinit2.o(.ARM.Collect$$libinit$$00000032)
    .ARM.Collect$$libinit$$00000034          0x000002e6   Section        0  libinit2.o(.ARM.Collect$$libinit$$00000034)
    .ARM.Collect$$libinit$$00000035          0x000002e6   Section        2  libinit2.o(.ARM.Collect$$libinit$$00000035)
    .ARM.Collect$$libshutdown$$00000000      0x000002e8   Section        2  libshutdown.o(.ARM.Collect$$libshutdown$$00000000)
    .ARM.Collect$$libshutdown$$00000002      0x000002ea   Section        0  libshutdown2.o(.ARM.Collect$$libshutdown$$00000002)
    .ARM.Collect$$libshutdown$$00000004      0x000002ea   Section        0  libshutdown2.o(.ARM.Collect$$libshutdown$$00000004)
    .ARM.Collect$$libshutdown$$00000007      0x000002ea   Section        0  libshutdown2.o(.ARM.Collect$$libshutdown$$00000007)
    .ARM.Collect$$libshutdown$$0000000A      0x000002ea   Section        0  libshutdown2.o(.ARM.Collect$$libshutdown$$0000000A)
    .ARM.Collect$$libshutdown$$0000000C      0x000002ea   Section        0  libshutdown2.o(.ARM.Collect$$libshutdown$$0000000C)
    .ARM.Collect$$libshutdown$$0000000F      0x000002ea   Section        0  libshutdown2.o(.ARM.Collect$$libshutdown$$0000000F)
    .ARM.Collect$$libshutdown$$00000010      0x000002ea   Section        2  libshutdown2.o(.ARM.Collect$$libshutdown$$00000010)
    .ARM.Collect$$rtentry$$00000000          0x000002ec   Section        0  __rtentry.o(.ARM.Collect$$rtentry$$00000000)
    .ARM.Collect$$rtentry$$00000002          0x000002ec   Section        0  __rtentry2.o(.ARM.Collect$$rtentry$$00000002)
    .ARM.Collect$$rtentry$$00000004          0x000002ec   Section        6  __rtentry4.o(.ARM.Collect$$rtentry$$00000004)
    .ARM.Collect$$rtentry$$00000009          0x000002f2   Section        0  __rtentry2.o(.ARM.Collect$$rtentry$$00000009)
    .ARM.Collect$$rtentry$$0000000A          0x000002f2   Section        4  __rtentry2.o(.ARM.Collect$$rtentry$$0000000A)
    .ARM.Collect$$rtentry$$0000000C          0x000002f6   Section        0  __rtentry2.o(.ARM.Collect$$rtentry$$0000000C)
    .ARM.Collect$$rtentry$$0000000D          0x000002f6   Section        8  __rtentry2.o(.ARM.Collect$$rtentry$$0000000D)
    .ARM.Collect$$rtexit$$00000000           0x000002fe   Section        2  rtexit.o(.ARM.Collect$$rtexit$$00000000)
    .ARM.Collect$$rtexit$$00000002           0x00000300   Section        0  rtexit2.o(.ARM.Collect$$rtexit$$00000002)
    .ARM.Collect$$rtexit$$00000003           0x00000300   Section        4  rtexit2.o(.ARM.Collect$$rtexit$$00000003)
    .ARM.Collect$$rtexit$$00000004           0x00000304   Section        6  rtexit2.o(.ARM.Collect$$rtexit$$00000004)
    $v0                                      0x0000030c   Number         0  startup_tm4c123.o(.text)
    .text                                    0x0000030c   Section      276  startup_tm4c123.o(.text)
    .text                                    0x00000420   Section        0  heapauxi.o(.text)
    .text                                    0x00000426   Section       74  sys_stackheap_outer.o(.text)
    .text                                    0x00000470   Section        0  exit.o(.text)
    .text                                    0x00000484   Section        8  libspace.o(.text)
    .text                                    0x0000048c   Section        0  sys_exit.o(.text)
    .text                                    0x00000498   Section        2  use_no_semi.o(.text)
    .text                                    0x0000049a   Section        0  indicate_semi.o(.text)
    [Anonymous Symbol]                       0x0000049c   Section        0  gpio_program.o(.text.GPIOA_Handler)
    [Anonymous Symbol]                       0x00000544   Section        0  gpio_program.o(.text.GPIOB_Handler)
    [Anonymous Symbol]                       0x000005ec   Section        0  gpio_program.o(.text.GPIOC_Handler)
    [Anonymous Symbol]                       0x00000694   Section        0  gpio_program.o(.text.GPIOD_Handler)
    [Anonymous Symbol]                       0x0000073c   Section        0  gpio_program.o(.text.GPIOE_Handler)
    [Anonymous Symbol]                       0x000007e8   Section        0  gpio_program.o(.text.GPIOF_Handler)
    [Anonymous Symbol]                       0x00000868   Section        0  system_tm4c123.o(.text.SystemInit)
    [Anonymous Symbol]                       0x000008bc   Section        0  gpt_program.o(.text.TIMER0A_Handler)
    [Anonymous Symbol]                       0x000008e0   Section        0  gpt_program.o(.text.TIMER1A_Handler)
    [Anonymous Symbol]                       0x00000904   Section        0  gpt_program.o(.text.TIMER2A_Handler)
    [Anonymous Symbol]                       0x00000928   Section        0  gpt_program.o(.text.TIMER3A_Handler)
    [Anonymous Symbol]                       0x0000094c   Section        0  gpt_program.o(.text.TIMER4A_Handler)
    [Anonymous Symbol]                       0x00000970   Section        0  gpt_program.o(.text.TIMER5A_Handler)
    [Anonymous Symbol]                       0x00000994   Section        0  gpt_program.o(.text.WTIMER0A_Handler)
    [Anonymous Symbol]                       0x000009b8   Section        0  gpt_program.o(.text.WTIMER1A_Handler)
    [Anonymous Symbol]                       0x000009dc   Section        0  gpt_program.o(.text.WTIMER2A_Handler)
    [Anonymous Symbol]                       0x00000a00   Section        0  gpt_program.o(.text.WTIMER3A_Handler)
    [Anonymous Symbol]                       0x00000a24   Section        0  gpt_program.o(.text.WTIMER4A_Handler)
    [Anonymous Symbol]                       0x00000a48   Section        0  gpt_program.o(.text.WTIMER5A_Handler)
    [Anonymous Symbol]                       0x00000a6c   Section        0  app_program.o(.text.app_init)
    [Anonymous Symbol]                       0x00000b30   Section        0  app_program.o(.text.app_start)
    app_stop_btn_callback                    0x00000ca1   Thumb Code    22  app_program.o(.text.app_stop_btn_callback)
    [Anonymous Symbol]                       0x00000ca0   Section        0  app_program.o(.text.app_stop_btn_callback)
    [Anonymous Symbol]                       0x00000cb8   Section        0  btn_program.o(.text.button_get_state)
    [Anonymous Symbol]                       0x00000d00   Section        0  btn_program.o(.text.button_init)
    [Anonymous Symbol]                       0x00000d40   Section        0  btn_program.o(.text.button_set_callback)
    [Anonymous Symbol]                       0x00000d50   Section        0  dcm_program.o(.text.dcm_init)
    [Anonymous Symbol]                       0x00000ddc   Section        0  dcm_program.o(.text.dcm_set_direction)
    [Anonymous Symbol]                       0x00000e44   Section        0  dcm_program.o(.text.dcm_speed)
    [Anonymous Symbol]                       0x00000e7c   Section        0  dcm_program.o(.text.dcm_start)
    [Anonymous Symbol]                       0x00000e9c   Section        0  dcm_program.o(.text.dcm_stop)
    [Anonymous Symbol]                       0x00000ebc   Section        0  delay_program.o(.text.delay_shutdown)
    [Anonymous Symbol]                       0x00000ee8   Section        0  delay_program.o(.text.delay_start)
    [Anonymous Symbol]                       0x00000f10   Section        0  gpio_program.o(.text.gpio_enableInt)
    [Anonymous Symbol]                       0x00000f8c   Section        0  gpio_program.o(.text.gpio_getPinVal)
    [Anonymous Symbol]                       0x00000fec   Section        0  gpio_program.o(.text.gpio_pin_init)
    [Anonymous Symbol]                       0x00001234   Section        0  gpio_program.o(.text.gpio_setIntCallback)
    [Anonymous Symbol]                       0x00001280   Section        0  gpio_program.o(.text.gpio_setPinVal)
    [Anonymous Symbol]                       0x00001300   Section        0  gpt_program.o(.text.gpt_enable_notification)
    [Anonymous Symbol]                       0x00001484   Section        0  gpt_program.o(.text.gpt_init)
    [Anonymous Symbol]                       0x000015ec   Section        0  gpt_program.o(.text.gpt_set_callback)
    [Anonymous Symbol]                       0x00001610   Section        0  gpt_program.o(.text.gpt_start)
    [Anonymous Symbol]                       0x000018b0   Section        0  gpt_program.o(.text.gpt_stop)
    [Anonymous Symbol]                       0x00001a80   Section        0  led_program.o(.text.led_init)
    [Anonymous Symbol]                       0x00001ab8   Section        0  led_program.o(.text.led_off)
    [Anonymous Symbol]                       0x00001ae0   Section        0  led_program.o(.text.led_on)
    [Anonymous Symbol]                       0x00001b08   Section        0  main.o(.text.main)
    [Anonymous Symbol]                       0x00001b20   Section        0  pwm_program.o(.text.pwm_adjust_signal)
    [Anonymous Symbol]                       0x00001ba8   Section        0  pwm_program.o(.text.pwm_init)
    [Anonymous Symbol]                       0x00001c10   Section        0  pwm_program.o(.text.pwm_start)
    [Anonymous Symbol]                       0x00001cfc   Section        0  pwm_program.o(.text.pwm_stop)
    pwm_timer_cbf                            0x00001d75   Thumb Code   116  pwm_program.o(.text.pwm_timer_cbf)
    [Anonymous Symbol]                       0x00001d74   Section        0  pwm_program.o(.text.pwm_timer_cbf)
    $v0                                      0x00001de8   Number         0  daddsub_clz.o(x$fpl$dadd)
    x$fpl$dadd                               0x00001de8   Section      336  daddsub_clz.o(x$fpl$dadd)
    _dadd1                                   0x00001df9   Thumb Code     0  daddsub_clz.o(x$fpl$dadd)
    $v0                                      0x00001f38   Number         0  dcmpi.o(x$fpl$dcmpinf)
    x$fpl$dcmpinf                            0x00001f38   Section       24  dcmpi.o(x$fpl$dcmpinf)
    $v0                                      0x00001f50   Number         0  ddiv.o(x$fpl$ddiv)
    x$fpl$ddiv                               0x00001f50   Section      692  ddiv.o(x$fpl$ddiv)
    ddiv_entry                               0x00001f57   Thumb Code     0  ddiv.o(x$fpl$ddiv)
    $v0                                      0x00002204   Number         0  deqf.o(x$fpl$deqf)
    x$fpl$deqf                               0x00002204   Section      120  deqf.o(x$fpl$deqf)
    $v0                                      0x0000227c   Number         0  dfix.o(x$fpl$dfix)
    x$fpl$dfix                               0x0000227c   Section       94  dfix.o(x$fpl$dfix)
    $v0                                      0x000022da   Number         0  dflt_clz.o(x$fpl$dflt)
    x$fpl$dflt                               0x000022da   Section       46  dflt_clz.o(x$fpl$dflt)
    $v0                                      0x00002308   Number         0  dflt_clz.o(x$fpl$dfltu)
    x$fpl$dfltu                              0x00002308   Section       38  dflt_clz.o(x$fpl$dfltu)
    $v0                                      0x00002330   Number         0  dgeqf.o(x$fpl$dgeqf)
    x$fpl$dgeqf                              0x00002330   Section      120  dgeqf.o(x$fpl$dgeqf)
    $v0                                      0x000023a8   Number         0  dleqf.o(x$fpl$dleqf)
    x$fpl$dleqf                              0x000023a8   Section      120  dleqf.o(x$fpl$dleqf)
    $v0                                      0x00002420   Number         0  dmul.o(x$fpl$dmul)
    x$fpl$dmul                               0x00002420   Section      340  dmul.o(x$fpl$dmul)
    $v0                                      0x00002574   Number         0  dnaninf.o(x$fpl$dnaninf)
    x$fpl$dnaninf                            0x00002574   Section      156  dnaninf.o(x$fpl$dnaninf)
    $v0                                      0x00002610   Number         0  dretinf.o(x$fpl$dretinf)
    x$fpl$dretinf                            0x00002610   Section       12  dretinf.o(x$fpl$dretinf)
    $v0                                      0x0000261c   Number         0  daddsub_clz.o(x$fpl$dsub)
    x$fpl$dsub                               0x0000261c   Section      476  daddsub_clz.o(x$fpl$dsub)
    _dsub1                                   0x0000262d   Thumb Code     0  daddsub_clz.o(x$fpl$dsub)
    $v0                                      0x000027f8   Number         0  dcmp.o(x$fpl$fcmp)
    x$fpl$fcmp                               0x000027f8   Section       84  dcmp.o(x$fpl$fcmp)
    $v0                                      0x0000284c   Number         0  fpinit.o(x$fpl$fpinit)
    x$fpl$fpinit                             0x0000284c   Section       26  fpinit.o(x$fpl$fpinit)
    x$fpl$usenofp                            0x00002866   Section        0  usenofp.o(x$fpl$usenofp)
    .bss                                     0x20000010   Section       96  libspace.o(.bss)
    arr_gl_st_signal_state                   0x20000070   Data          48  pwm_program.o(.bss.arr_gl_st_signal_state)
    [Anonymous Symbol]                       0x20000070   Section        0  pwm_program.o(.bss.arr_gl_st_signal_state)
    en_gl_active_channel_index               0x20000160   Data           1  pwm_program.o(.bss.en_gl_active_channel_index)
    [Anonymous Symbol]                       0x20000160   Section        0  pwm_program.o(.bss.en_gl_active_channel_index)
    gl_bool_shutdown                         0x20000161   Data           1  delay_program.o(.bss.gl_bool_shutdown)
    [Anonymous Symbol]                       0x20000161   Section        0  delay_program.o(.bss.gl_bool_shutdown)
    gl_callbacks_array                       0x20000164   Data          48  gpt_program.o(.bss.gl_callbacks_array)
    [Anonymous Symbol]                       0x20000164   Section        0  gpt_program.o(.bss.gl_callbacks_array)
    gl_en_app_state_next_side                0x20000194   Data           1  app_program.o(.bss.gl_en_app_state_next_side)
    [Anonymous Symbol]                       0x20000194   Section        0  app_program.o(.bss.gl_en_app_state_next_side)
    gl_en_current_app_state                  0x20000195   Data           1  app_program.o(.bss.gl_en_current_app_state)
    [Anonymous Symbol]                       0x20000195   Section        0  app_program.o(.bss.gl_en_current_app_state)
    gl_gpt_initialized                       0x20000196   Data           1  gpt_program.o(.bss.gl_gpt_initialized)
    [Anonymous Symbol]                       0x20000196   Section        0  gpt_program.o(.bss.gl_gpt_initialized)
    u8_gl_active_channels                    0x20000197   Data           1  pwm_program.o(.bss.u8_gl_active_channels)
    [Anonymous Symbol]                       0x20000197   Section        0  pwm_program.o(.bss.u8_gl_active_channels)
    Heap_Mem                                 0x20000198   Data           0  startup_tm4c123.o(HEAP)
    Stack_Mem                                0x20000198   Data         512  startup_tm4c123.o(STACK)
    HEAP                                     0x20000198   Section        0  startup_tm4c123.o(HEAP)
    STACK                                    0x20000198   Section      512  startup_tm4c123.o(STACK)
    __initial_sp                             0x20000398   Data           0  startup_tm4c123.o(STACK)

    Global Symbols

    Symbol Name                              Value     Ov Type        Size  Object(Section)

    BuildAttributes$$THM_ISAv4$E$P$D$K$B$S$7EM$VFPi3$EXTD16$VFPS$VFMA$PE$A:L22UL41UL21$X:L11$S22US41US21$IEEE1$IW$~IW$USESV6$~STKCKD$USESV7$~SHL$OTIME$ROPI$EBA8$UX$STANDARDLIB$REQ8$PRES8$EABIv2 0x00000000   Number         0  anon$$obj.o ABSOLUTE
    __Vectors                                0x00000000   Data           4  startup_tm4c123.o(RESET)
    __ARM_exceptions_init                     - Undefined Weak Reference
    __alloca_initialize                       - Undefined Weak Reference
    __arm_preinit_                            - Undefined Weak Reference
    __arm_relocate_pie_                       - Undefined Weak Reference
    __cpp_initialize__aeabi_                  - Undefined Weak Reference
    __cxa_finalize                            - Undefined Weak Reference
    __rt_locale                               - Undefined Weak Reference
    __sigvec_lookup                           - Undefined Weak Reference
    _atexit_init                              - Undefined Weak Reference
    _call_atexit_fns                          - Undefined Weak Reference
    _clock_init                               - Undefined Weak Reference
    _fp_trap_init                             - Undefined Weak Reference
    _fp_trap_shutdown                         - Undefined Weak Reference
    _get_lc_collate                           - Undefined Weak Reference
    _get_lc_ctype                             - Undefined Weak Reference
    _get_lc_monetary                          - Undefined Weak Reference
    _get_lc_numeric                           - Undefined Weak Reference
    _get_lc_time                              - Undefined Weak Reference
    _getenv_init                              - Undefined Weak Reference
    _handle_redirection                       - Undefined Weak Reference
    _init_alloc                               - Undefined Weak Reference
    _init_user_alloc                          - Undefined Weak Reference
    _initio                                   - Undefined Weak Reference
    _rand_init                                - Undefined Weak Reference
    _signal_finish                            - Undefined Weak Reference
    _signal_init                              - Undefined Weak Reference
    _terminate_alloc                          - Undefined Weak Reference
    _terminate_user_alloc                     - Undefined Weak Reference
    _terminateio                              - Undefined Weak Reference
    __Vectors_End                            0x0000026c   Data           0  startup_tm4c123.o(RESET)
    __Vectors_Size                           0x0000026c   Number         0  startup_tm4c123.o ABSOLUTE
    __main                                   0x0000026d   Thumb Code     8  __main.o(!!!main)
    __scatterload                            0x00000275   Thumb Code     0  __scatter.o(!!!scatter)
    __scatterload_rt2                        0x00000275   Thumb Code    44  __scatter.o(!!!scatter)
    __scatterload_rt2_thumb_only             0x00000275   Thumb Code     0  __scatter.o(!!!scatter)
    __scatterload_null                       0x00000283   Thumb Code     0  __scatter.o(!!!scatter)
    __scatterload_copy                       0x000002a9   Thumb Code    26  __scatter_copy.o(!!handler_copy)
    __scatterload_zeroinit                   0x000002c5   Thumb Code    28  __scatter_zi.o(!!handler_zi)
    __rt_lib_init                            0x000002e1   Thumb Code     0  libinit.o(.ARM.Collect$$libinit$$00000000)
    __rt_lib_init_fp_1                       0x000002e3   Thumb Code     0  libinit2.o(.ARM.Collect$$libinit$$00000001)
    __rt_lib_init_alloca_1                   0x000002e7   Thumb Code     0  libinit2.o(.ARM.Collect$$libinit$$00000030)
    __rt_lib_init_argv_1                     0x000002e7   Thumb Code     0  libinit2.o(.ARM.Collect$$libinit$$0000002E)
    __rt_lib_init_atexit_1                   0x000002e7   Thumb Code     0  libinit2.o(.ARM.Collect$$libinit$$0000001D)
    __rt_lib_init_clock_1                    0x000002e7   Thumb Code     0  libinit2.o(.ARM.Collect$$libinit$$00000023)
    __rt_lib_init_cpp_1                      0x000002e7   Thumb Code     0  libinit2.o(.ARM.Collect$$libinit$$00000034)
    __rt_lib_init_exceptions_1               0x000002e7   Thumb Code     0  libinit2.o(.ARM.Collect$$libinit$$00000032)
    __rt_lib_init_fp_trap_1                  0x000002e7   Thumb Code     0  libinit2.o(.ARM.Collect$$libinit$$00000021)
    __rt_lib_init_getenv_1                   0x000002e7   Thumb Code     0  libinit2.o(.ARM.Collect$$libinit$$00000025)
    __rt_lib_init_heap_1                     0x000002e7   Thumb Code     0  libinit2.o(.ARM.Collect$$libinit$$0000000C)
    __rt_lib_init_lc_collate_1               0x000002e7   Thumb Code     0  libinit2.o(.ARM.Collect$$libinit$$00000013)
    __rt_lib_init_lc_ctype_1                 0x000002e7   Thumb Code     0  libinit2.o(.ARM.Collect$$libinit$$00000015)
    __rt_lib_init_lc_monetary_1              0x000002e7   Thumb Code     0  libinit2.o(.ARM.Collect$$libinit$$00000017)
    __rt_lib_init_lc_numeric_1               0x000002e7   Thumb Code     0  libinit2.o(.ARM.Collect$$libinit$$00000019)
    __rt_lib_init_lc_time_1                  0x000002e7   Thumb Code     0  libinit2.o(.ARM.Collect$$libinit$$0000001B)
    __rt_lib_init_preinit_1                  0x000002e7   Thumb Code     0  libinit2.o(.ARM.Collect$$libinit$$00000006)
    __rt_lib_init_rand_1                     0x000002e7   Thumb Code     0  libinit2.o(.ARM.Collect$$libinit$$00000010)
    __rt_lib_init_relocate_pie_1             0x000002e7   Thumb Code     0  libinit2.o(.ARM.Collect$$libinit$$00000004)
    __rt_lib_init_return                     0x000002e7   Thumb Code     0  libinit2.o(.ARM.Collect$$libinit$$00000035)
    __rt_lib_init_signal_1                   0x000002e7   Thumb Code     0  libinit2.o(.ARM.Collect$$libinit$$0000001F)
    __rt_lib_init_stdio_1                    0x000002e7   Thumb Code     0  libinit2.o(.ARM.Collect$$libinit$$00000027)
    __rt_lib_init_user_alloc_1               0x000002e7   Thumb Code     0  libinit2.o(.ARM.Collect$$libinit$$0000000E)
    __rt_lib_shutdown                        0x000002e9   Thumb Code     0  libshutdown.o(.ARM.Collect$$libshutdown$$00000000)
    __rt_lib_shutdown_cpp_1                  0x000002eb   Thumb Code     0  libshutdown2.o(.ARM.Collect$$libshutdown$$00000002)
    __rt_lib_shutdown_fp_trap_1              0x000002eb   Thumb Code     0  libshutdown2.o(.ARM.Collect$$libshutdown$$00000007)
    __rt_lib_shutdown_heap_1                 0x000002eb   Thumb Code     0  libshutdown2.o(.ARM.Collect$$libshutdown$$0000000F)
    __rt_lib_shutdown_return                 0x000002eb   Thumb Code     0  libshutdown2.o(.ARM.Collect$$libshutdown$$00000010)
    __rt_lib_shutdown_signal_1               0x000002eb   Thumb Code     0  libshutdown2.o(.ARM.Collect$$libshutdown$$0000000A)
    __rt_lib_shutdown_stdio_1                0x000002eb   Thumb Code     0  libshutdown2.o(.ARM.Collect$$libshutdown$$00000004)
    __rt_lib_shutdown_user_alloc_1           0x000002eb   Thumb Code     0  libshutdown2.o(.ARM.Collect$$libshutdown$$0000000C)
    __rt_entry                               0x000002ed   Thumb Code     0  __rtentry.o(.ARM.Collect$$rtentry$$00000000)
    __rt_entry_presh_1                       0x000002ed   Thumb Code     0  __rtentry2.o(.ARM.Collect$$rtentry$$00000002)
    __rt_entry_sh                            0x000002ed   Thumb Code     0  __rtentry4.o(.ARM.Collect$$rtentry$$00000004)
    __rt_entry_li                            0x000002f3   Thumb Code     0  __rtentry2.o(.ARM.Collect$$rtentry$$0000000A)
    __rt_entry_postsh_1                      0x000002f3   Thumb Code     0  __rtentry2.o(.ARM.Collect$$rtentry$$00000009)
    __rt_entry_main                          0x000002f7   Thumb Code     0  __rtentry2.o(.ARM.Collect$$rtentry$$0000000D)
    __rt_entry_postli_1                      0x000002f7   Thumb Code     0  __rtentry2.o(.ARM.Collect$$rtentry$$0000000C)
    __rt_exit                                0x000002ff   Thumb Code     0  rtexit.o(.ARM.Collect$$rtexit$$00000000)
    __rt_exit_ls                             0x00000301   Thumb Code     0  rtexit2.o(.ARM.Collect$$rtexit$$00000003)
    __rt_exit_prels_1                        0x00000301   Thumb Code     0  rtexit2.o(.ARM.Collect$$rtexit$$00000002)
    __rt_exit_exit                           0x00000305   Thumb Code     0  rtexit2.o(.ARM.Collect$$rtexit$$00000004)
    Reset_Handler                            0x0000030d   Thumb Code     8  startup_tm4c123.o(.text)
    NMI_Handler                              0x00000315   Thumb Code     2  startup_tm4c123.o(.text)
    HardFault_Handler                        0x00000317   Thumb Code     2  startup_tm4c123.o(.text)
    MemManage_Handler                        0x00000319   Thumb Code     2  startup_tm4c123.o(.text)
    BusFault_Handler                         0x0000031b   Thumb Code     2  startup_tm4c123.o(.text)
    UsageFault_Handler                       0x0000031d   Thumb Code     2  startup_tm4c123.o(.text)
    SVC_Handler                              0x0000031f   Thumb Code     2  startup_tm4c123.o(.text)
    DebugMon_Handler                         0x00000321   Thumb Code     2  startup_tm4c123.o(.text)
    PendSV_Handler                           0x00000323   Thumb Code     2  startup_tm4c123.o(.text)
    SysTick_Handler                          0x00000325   Thumb Code     2  startup_tm4c123.o(.text)
    UART0_Handler                            0x00000331   Thumb Code     2  startup_tm4c123.o(.text)
    UART1_Handler                            0x00000333   Thumb Code     2  startup_tm4c123.o(.text)
    SSI0_Handler                             0x00000335   Thumb Code     2  startup_tm4c123.o(.text)
    I2C0_Handler                             0x00000337   Thumb Code     2  startup_tm4c123.o(.text)
    PMW0_FAULT_Handler                       0x00000339   Thumb Code     2  startup_tm4c123.o(.text)
    PWM0_0_Handler                           0x0000033b   Thumb Code     2  startup_tm4c123.o(.text)
    PWM0_1_Handler                           0x0000033d   Thumb Code     2  startup_tm4c123.o(.text)
    PWM0_2_Handler                           0x0000033f   Thumb Code     2  startup_tm4c123.o(.text)
    QEI0_Handler                             0x00000341   Thumb Code     2  startup_tm4c123.o(.text)
    ADC0SS0_Handler                          0x00000343   Thumb Code     2  startup_tm4c123.o(.text)
    ADC0SS1_Handler                          0x00000345   Thumb Code     2  startup_tm4c123.o(.text)
    ADC0SS2_Handler                          0x00000347   Thumb Code     2  startup_tm4c123.o(.text)
    ADC0SS3_Handler                          0x00000349   Thumb Code     2  startup_tm4c123.o(.text)
    WDT0_Handler                             0x0000034b   Thumb Code     2  startup_tm4c123.o(.text)
    TIMER0B_Handler                          0x0000034f   Thumb Code     2  startup_tm4c123.o(.text)
    TIMER1B_Handler                          0x00000353   Thumb Code     2  startup_tm4c123.o(.text)
    TIMER2B_Handler                          0x00000357   Thumb Code     2  startup_tm4c123.o(.text)
    COMP0_Handler                            0x00000359   Thumb Code     2  startup_tm4c123.o(.text)
    COMP1_Handler                            0x0000035b   Thumb Code     2  startup_tm4c123.o(.text)
    COMP2_Handler                            0x0000035d   Thumb Code     2  startup_tm4c123.o(.text)
    SYSCTL_Handler                           0x0000035f   Thumb Code     2  startup_tm4c123.o(.text)
    FLASH_Handler                            0x00000361   Thumb Code     2  startup_tm4c123.o(.text)
    GPIOG_Handler                            0x00000365   Thumb Code     2  startup_tm4c123.o(.text)
    GPIOH_Handler                            0x00000367   Thumb Code     2  startup_tm4c123.o(.text)
    UART2_Handler                            0x00000369   Thumb Code     2  startup_tm4c123.o(.text)
    SSI1_Handler                             0x0000036b   Thumb Code     2  startup_tm4c123.o(.text)
    TIMER3B_Handler                          0x0000036f   Thumb Code     2  startup_tm4c123.o(.text)
    I2C1_Handler                             0x00000371   Thumb Code     2  startup_tm4c123.o(.text)
    QEI1_Handler                             0x00000373   Thumb Code     2  startup_tm4c123.o(.text)
    CAN0_Handler                             0x00000375   Thumb Code     2  startup_tm4c123.o(.text)
    CAN1_Handler                             0x00000377   Thumb Code     2  startup_tm4c123.o(.text)
    CAN2_Handler                             0x00000379   Thumb Code     2  startup_tm4c123.o(.text)
    HIB_Handler                              0x0000037b   Thumb Code     2  startup_tm4c123.o(.text)
    USB0_Handler                             0x0000037d   Thumb Code     2  startup_tm4c123.o(.text)
    PWM0_3_Handler                           0x0000037f   Thumb Code     2  startup_tm4c123.o(.text)
    UDMA_Handler                             0x00000381   Thumb Code     2  startup_tm4c123.o(.text)
    UDMAERR_Handler                          0x00000383   Thumb Code     2  startup_tm4c123.o(.text)
    ADC1SS0_Handler                          0x00000385   Thumb Code     2  startup_tm4c123.o(.text)
    ADC1SS1_Handler                          0x00000387   Thumb Code     2  startup_tm4c123.o(.text)
    ADC1SS2_Handler                          0x00000389   Thumb Code     2  startup_tm4c123.o(.text)
    ADC1SS3_Handler                          0x0000038b   Thumb Code     2  startup_tm4c123.o(.text)
    GPIOJ_Handler                            0x0000038d   Thumb Code     2  startup_tm4c123.o(.text)
    GPIOK_Handler                            0x0000038f   Thumb Code     2  startup_tm4c123.o(.text)
    GPIOL_Handler                            0x00000391   Thumb Code     2  startup_tm4c123.o(.text)
    SSI2_Handler                             0x00000393   Thumb Code     2  startup_tm4c123.o(.text)
    SSI3_Handler                             0x00000395   Thumb Code     2  startup_tm4c123.o(.text)
    UART3_Handler                            0x00000397   Thumb Code     2  startup_tm4c123.o(.text)
    UART4_Handler                            0x00000399   Thumb Code     2  startup_tm4c123.o(.text)
    UART5_Handler                            0x0000039b   Thumb Code     2  startup_tm4c123.o(.text)
    UART6_Handler                            0x0000039d   Thumb Code     2  startup_tm4c123.o(.text)
    UART7_Handler                            0x0000039f   Thumb Code     2  startup_tm4c123.o(.text)
    I2C2_Handler                             0x000003a1   Thumb Code     2  startup_tm4c123.o(.text)
    I2C3_Handler                             0x000003a3   Thumb Code     2  startup_tm4c123.o(.text)
    TIMER4B_Handler                          0x000003a7   Thumb Code     2  startup_tm4c123.o(.text)
    TIMER5B_Handler                          0x000003ab   Thumb Code     2  startup_tm4c123.o(.text)
    WTIMER0B_Handler                         0x000003af   Thumb Code     2  startup_tm4c123.o(.text)
    WTIMER1B_Handler                         0x000003b3   Thumb Code     2  startup_tm4c123.o(.text)
    WTIMER2B_Handler                         0x000003b7   Thumb Code     2  startup_tm4c123.o(.text)
    WTIMER3B_Handler                         0x000003bb   Thumb Code     2  startup_tm4c123.o(.text)
    WTIMER4B_Handler                         0x000003bf   Thumb Code     2  startup_tm4c123.o(.text)
    WTIMER5B_Handler                         0x000003c3   Thumb Code     2  startup_tm4c123.o(.text)
    FPU_Handler                              0x000003c5   Thumb Code     2  startup_tm4c123.o(.text)
    I2C4_Handler                             0x000003c7   Thumb Code     2  startup_tm4c123.o(.text)
    I2C5_Handler                             0x000003c9   Thumb Code     2  startup_tm4c123.o(.text)
    GPIOM_Handler                            0x000003cb   Thumb Code     2  startup_tm4c123.o(.text)
    GPION_Handler                            0x000003cd   Thumb Code     2  startup_tm4c123.o(.text)
    QEI2_Handler                             0x000003cf   Thumb Code     2  startup_tm4c123.o(.text)
    GPIOP0_Handler                           0x000003d1   Thumb Code     2  startup_tm4c123.o(.text)
    GPIOP1_Handler                           0x000003d3   Thumb Code     2  startup_tm4c123.o(.text)
    GPIOP2_Handler                           0x000003d5   Thumb Code     2  startup_tm4c123.o(.text)
    GPIOP3_Handler                           0x000003d7   Thumb Code     2  startup_tm4c123.o(.text)
    GPIOP4_Handler                           0x000003d9   Thumb Code     2  startup_tm4c123.o(.text)
    GPIOP5_Handler                           0x000003db   Thumb Code     2  startup_tm4c123.o(.text)
    GPIOP6_Handler                           0x000003dd   Thumb Code     2  startup_tm4c123.o(.text)
    GPIOP7_Handler                           0x000003df   Thumb Code     2  startup_tm4c123.o(.text)
    GPIOQ0_Handler                           0x000003e1   Thumb Code     2  startup_tm4c123.o(.text)
    GPIOQ1_Handler                           0x000003e3   Thumb Code     2  startup_tm4c123.o(.text)
    GPIOQ2_Handler                           0x000003e5   Thumb Code     2  startup_tm4c123.o(.text)
    GPIOQ3_Handler                           0x000003e7   Thumb Code     2  startup_tm4c123.o(.text)
    GPIOQ4_Handler                           0x000003e9   Thumb Code     2  startup_tm4c123.o(.text)
    GPIOQ5_Handler                           0x000003eb   Thumb Code     2  startup_tm4c123.o(.text)
    GPIOQ6_Handler                           0x000003ed   Thumb Code     2  startup_tm4c123.o(.text)
    GPIOQ7_Handler                           0x000003ef   Thumb Code     2  startup_tm4c123.o(.text)
    GPIOR_Handler                            0x000003f1   Thumb Code     2  startup_tm4c123.o(.text)
    GPIOS_Handler                            0x000003f3   Thumb Code     2  startup_tm4c123.o(.text)
    PMW1_0_Handler                           0x000003f5   Thumb Code     2  startup_tm4c123.o(.text)
    PWM1_1_Handler                           0x000003f7   Thumb Code     2  startup_tm4c123.o(.text)
    PWM1_2_Handler                           0x000003f9   Thumb Code     2  startup_tm4c123.o(.text)
    PWM1_3_Handler                           0x000003fb   Thumb Code     2  startup_tm4c123.o(.text)
    PWM1_FAULT_Handler                       0x000003fd   Thumb Code     2  startup_tm4c123.o(.text)
    __user_initial_stackheap                 0x00000401   Thumb Code     0  startup_tm4c123.o(.text)
    __use_two_region_memory                  0x00000421   Thumb Code     2  heapauxi.o(.text)
    __rt_heap_escrow$2region                 0x00000423   Thumb Code     2  heapauxi.o(.text)
    __rt_heap_expand$2region                 0x00000425   Thumb Code     2  heapauxi.o(.text)
    __user_setup_stackheap                   0x00000427   Thumb Code    74  sys_stackheap_outer.o(.text)
    exit                                     0x00000471   Thumb Code    18  exit.o(.text)
    __user_libspace                          0x00000485   Thumb Code     8  libspace.o(.text)
    __user_perproc_libspace                  0x00000485   Thumb Code     0  libspace.o(.text)
    __user_perthread_libspace                0x00000485   Thumb Code     0  libspace.o(.text)
    _sys_exit                                0x0000048d   Thumb Code     8  sys_exit.o(.text)
    __I$use$semihosting                      0x00000499   Thumb Code     0  use_no_semi.o(.text)
    __use_no_semihosting_swi                 0x00000499   Thumb Code     2  use_no_semi.o(.text)
    __semihosting_library_function           0x0000049b   Thumb Code     0  indicate_semi.o(.text)
    GPIOA_Handler                            0x0000049d   Thumb Code   166  gpio_program.o(.text.GPIOA_Handler)
    GPIOB_Handler                            0x00000545   Thumb Code   168  gpio_program.o(.text.GPIOB_Handler)
    GPIOC_Handler                            0x000005ed   Thumb Code   168  gpio_program.o(.text.GPIOC_Handler)
    GPIOD_Handler                            0x00000695   Thumb Code   168  gpio_program.o(.text.GPIOD_Handler)
    GPIOE_Handler                            0x0000073d   Thumb Code   170  gpio_program.o(.text.GPIOE_Handler)
    GPIOF_Handler                            0x000007e9   Thumb Code   128  gpio_program.o(.text.GPIOF_Handler)
    SystemInit                               0x00000869   Thumb Code    84  system_tm4c123.o(.text.SystemInit)
    TIMER0A_Handler                          0x000008bd   Thumb Code    34  gpt_program.o(.text.TIMER0A_Handler)
    TIMER1A_Handler                          0x000008e1   Thumb Code    36  gpt_program.o(.text.TIMER1A_Handler)
    TIMER2A_Handler                          0x00000905   Thumb Code    36  gpt_program.o(.text.TIMER2A_Handler)
    TIMER3A_Handler                          0x00000929   Thumb Code    36  gpt_program.o(.text.TIMER3A_Handler)
    TIMER4A_Handler                          0x0000094d   Thumb Code    36  gpt_program.o(.text.TIMER4A_Handler)
    TIMER5A_Handler                          0x00000971   Thumb Code    36  gpt_program.o(.text.TIMER5A_Handler)
    WTIMER0A_Handler                         0x00000995   Thumb Code    36  gpt_program.o(.text.WTIMER0A_Handler)
    WTIMER1A_Handler                         0x000009b9   Thumb Code    36  gpt_program.o(.text.WTIMER1A_Handler)
    WTIMER2A_Handler                         0x000009dd   Thumb Code    36  gpt_program.o(.text.WTIMER2A_Handler)
    WTIMER3A_Handler                         0x00000a01   Thumb Code    36  gpt_program.o(.text.WTIMER3A_Handler)
    WTIMER4A_Handler                         0x00000a25   Thumb Code    36  gpt_program.o(.text.WTIMER4A_Handler)
    WTIMER5A_Handler                         0x00000a49   Thumb Code    36  gpt_program.o(.text.WTIMER5A_Handler)
    app_init                                 0x00000a6d   Thumb Code   196  app_program.o(.text.app_init)
    app_start                                0x00000b31   Thumb Code   366  app_program.o(.text.app_start)
    button_get_state                         0x00000cb9   Thumb Code    70  btn_program.o(.text.button_get_state)
    button_init                              0x00000d01   Thumb Code    64  btn_program.o(.text.button_init)
    button_set_callback                      0x00000d41   Thumb Code    16  btn_program.o(.text.button_set_callback)
    dcm_init                                 0x00000d51   Thumb Code   138  dcm_program.o(.text.dcm_init)
    dcm_set_direction                        0x00000ddd   Thumb Code   104  dcm_program.o(.text.dcm_set_direction)
    dcm_speed                                0x00000e45   Thumb Code    54  dcm_program.o(.text.dcm_speed)
    dcm_start                                0x00000e7d   Thumb Code    30  dcm_program.o(.text.dcm_start)
    dcm_stop                                 0x00000e9d   Thumb Code    30  dcm_program.o(.text.dcm_stop)
    delay_shutdown                           0x00000ebd   Thumb Code    42  delay_program.o(.text.delay_shutdown)
    delay_start                              0x00000ee9   Thumb Code    38  delay_program.o(.text.delay_start)
    gpio_enableInt                           0x00000f11   Thumb Code   124  gpio_program.o(.text.gpio_enableInt)
    gpio_getPinVal                           0x00000f8d   Thumb Code    94  gpio_program.o(.text.gpio_getPinVal)
    gpio_pin_init                            0x00000fed   Thumb Code   584  gpio_program.o(.text.gpio_pin_init)
    gpio_setIntCallback                      0x00001235   Thumb Code    74  gpio_program.o(.text.gpio_setIntCallback)
    gpio_setPinVal                           0x00001281   Thumb Code   128  gpio_program.o(.text.gpio_setPinVal)
    gpt_enable_notification                  0x00001301   Thumb Code   388  gpt_program.o(.text.gpt_enable_notification)
    gpt_init                                 0x00001485   Thumb Code   358  gpt_program.o(.text.gpt_init)
    gpt_set_callback                         0x000015ed   Thumb Code    32  gpt_program.o(.text.gpt_set_callback)
    gpt_start                                0x00001611   Thumb Code   672  gpt_program.o(.text.gpt_start)
    gpt_stop                                 0x000018b1   Thumb Code   462  gpt_program.o(.text.gpt_stop)
    led_init                                 0x00001a81   Thumb Code    56  led_program.o(.text.led_init)
    led_off                                  0x00001ab9   Thumb Code    38  led_program.o(.text.led_off)
    led_on                                   0x00001ae1   Thumb Code    38  led_program.o(.text.led_on)
    main                                     0x00001b09   Thumb Code    18  main.o(.text.main)
    pwm_adjust_signal                        0x00001b21   Thumb Code   136  pwm_program.o(.text.pwm_adjust_signal)
    pwm_init                                 0x00001ba9   Thumb Code   102  pwm_program.o(.text.pwm_init)
    pwm_start                                0x00001c11   Thumb Code   234  pwm_program.o(.text.pwm_start)
    pwm_stop                                 0x00001cfd   Thumb Code   118  pwm_program.o(.text.pwm_stop)
    __aeabi_dadd                             0x00001de9   Thumb Code     0  daddsub_clz.o(x$fpl$dadd)
    _dadd                                    0x00001de9   Thumb Code   332  daddsub_clz.o(x$fpl$dadd)
    __fpl_dcmp_Inf                           0x00001f39   Thumb Code    24  dcmpi.o(x$fpl$dcmpinf)
    __aeabi_ddiv                             0x00001f51   Thumb Code     0  ddiv.o(x$fpl$ddiv)
    _ddiv                                    0x00001f51   Thumb Code   556  ddiv.o(x$fpl$ddiv)
    __aeabi_cdcmpeq                          0x00002205   Thumb Code     0  deqf.o(x$fpl$deqf)
    _dcmpeq                                  0x00002205   Thumb Code   120  deqf.o(x$fpl$deqf)
    __aeabi_d2iz                             0x0000227d   Thumb Code     0  dfix.o(x$fpl$dfix)
    _dfix                                    0x0000227d   Thumb Code    94  dfix.o(x$fpl$dfix)
    __aeabi_i2d                              0x000022db   Thumb Code     0  dflt_clz.o(x$fpl$dflt)
    _dflt                                    0x000022db   Thumb Code    46  dflt_clz.o(x$fpl$dflt)
    __aeabi_ui2d                             0x00002309   Thumb Code     0  dflt_clz.o(x$fpl$dfltu)
    _dfltu                                   0x00002309   Thumb Code    38  dflt_clz.o(x$fpl$dfltu)
    __aeabi_cdcmpge                          0x00002331   Thumb Code     0  dgeqf.o(x$fpl$dgeqf)
    _dcmpge                                  0x00002331   Thumb Code   120  dgeqf.o(x$fpl$dgeqf)
    __aeabi_cdcmple                          0x000023a9   Thumb Code     0  dleqf.o(x$fpl$dleqf)
    _dcmple                                  0x000023a9   Thumb Code   120  dleqf.o(x$fpl$dleqf)
    __fpl_dcmple_InfNaN                      0x0000240b   Thumb Code     0  dleqf.o(x$fpl$dleqf)
    __aeabi_dmul                             0x00002421   Thumb Code     0  dmul.o(x$fpl$dmul)
    _dmul                                    0x00002421   Thumb Code   332  dmul.o(x$fpl$dmul)
    __fpl_dnaninf                            0x00002575   Thumb Code   156  dnaninf.o(x$fpl$dnaninf)
    __fpl_dretinf                            0x00002611   Thumb Code    12  dretinf.o(x$fpl$dretinf)
    __aeabi_dsub                             0x0000261d   Thumb Code     0  daddsub_clz.o(x$fpl$dsub)
    _dsub                                    0x0000261d   Thumb Code   472  daddsub_clz.o(x$fpl$dsub)
    __aeabi_dcmpeq                           0x000027f9   Thumb Code     0  dcmp.o(x$fpl$fcmp)
    _deq                                     0x000027f9   Thumb Code    14  dcmp.o(x$fpl$fcmp)
    _dneq                                    0x00002807   Thumb Code    14  dcmp.o(x$fpl$fcmp)
    __aeabi_dcmpgt                           0x00002815   Thumb Code     0  dcmp.o(x$fpl$fcmp)
    _dgr                                     0x00002815   Thumb Code    14  dcmp.o(x$fpl$fcmp)
    __aeabi_dcmpge                           0x00002823   Thumb Code     0  dcmp.o(x$fpl$fcmp)
    _dgeq                                    0x00002823   Thumb Code    14  dcmp.o(x$fpl$fcmp)
    __aeabi_dcmple                           0x00002831   Thumb Code     0  dcmp.o(x$fpl$fcmp)
    _dleq                                    0x00002831   Thumb Code    14  dcmp.o(x$fpl$fcmp)
    __aeabi_dcmplt                           0x0000283f   Thumb Code     0  dcmp.o(x$fpl$fcmp)
    _dls                                     0x0000283f   Thumb Code    14  dcmp.o(x$fpl$fcmp)
    _fp_init                                 0x0000284d   Thumb Code    26  fpinit.o(x$fpl$fpinit)
    __fplib_config_fpu_vfp                   0x00002865   Thumb Code     0  fpinit.o(x$fpl$fpinit)
    __fplib_config_pureend_doubles           0x00002865   Thumb Code     0  fpinit.o(x$fpl$fpinit)
    __I$use$fp                               0x00002866   Number         0  usenofp.o(x$fpl$usenofp)
    arr_gl_st_signal_cfg                     0x00002866   Data          24  pwm_linking_cfg.o(.rodata.arr_gl_st_signal_cfg)
    str_dcm_config                           0x0000287e   Data          10  dcm_cfg.o(.rodata.str_dcm_config)
    Region$$Table$$Base                      0x00002888   Number         0  anon$$obj.o(Region$$Table)
    Region$$Table$$Limit                     0x000028a8   Number         0  anon$$obj.o(Region$$Table)
    gl_st_gpt_lconfig_arr                    0x20000000   Data           9  gpt_linking_cfg.o(.data.gl_st_gpt_lconfig_arr)
    __libspace_start                         0x20000010   Data          96  libspace.o(.bss)
    __temporary_stack_top$libspace           0x20000070   Data           0  libspace.o(.bss)
    arr_gpio_cbf                             0x200000a0   Data         192  gpio_program.o(.bss.arr_gpio_cbf)



==============================================================================

Memory Map of the image

  Image Entry point : 0x0000030d

  Load Region LR_1 (Base: 0x00000000, Size: 0x000028b4, Max: 0xffffffff, ABSOLUTE)

    Execution Region ER_RO (Exec base: 0x00000000, Load base: 0x00000000, Size: 0x000028a8, Max: 0xffffffff, ABSOLUTE)

    Exec Addr    Load Addr    Size         Type   Attr      Idx    E Section Name        Object

    0x00000000   0x00000000   0x0000026c   Data   RO          221    RESET               startup_tm4c123.o
    0x0000026c   0x0000026c   0x00000008   Code   RO          246  * !!!main             c_w.l(__main.o)
    0x00000274   0x00000274   0x00000034   Code   RO          448    !!!scatter          c_w.l(__scatter.o)
    0x000002a8   0x000002a8   0x0000001a   Code   RO          450    !!handler_copy      c_w.l(__scatter_copy.o)
    0x000002c2   0x000002c2   0x00000002   PAD
    0x000002c4   0x000002c4   0x0000001c   Code   RO          452    !!handler_zi        c_w.l(__scatter_zi.o)
    0x000002e0   0x000002e0   0x00000002   Code   RO          310    .ARM.Collect$$libinit$$00000000  c_w.l(libinit.o)
    0x000002e2   0x000002e2   0x00000004   Code   RO          316    .ARM.Collect$$libinit$$00000001  c_w.l(libinit2.o)
    0x000002e6   0x000002e6   0x00000000   Code   RO          319    .ARM.Collect$$libinit$$00000004  c_w.l(libinit2.o)
    0x000002e6   0x000002e6   0x00000000   Code   RO          321    .ARM.Collect$$libinit$$00000006  c_w.l(libinit2.o)
    0x000002e6   0x000002e6   0x00000000   Code   RO          324    .ARM.Collect$$libinit$$0000000C  c_w.l(libinit2.o)
    0x000002e6   0x000002e6   0x00000000   Code   RO          326    .ARM.Collect$$libinit$$0000000E  c_w.l(libinit2.o)
    0x000002e6   0x000002e6   0x00000000   Code   RO          328    .ARM.Collect$$libinit$$00000010  c_w.l(libinit2.o)
    0x000002e6   0x000002e6   0x00000000   Code   RO          331    .ARM.Collect$$libinit$$00000013  c_w.l(libinit2.o)
    0x000002e6   0x000002e6   0x00000000   Code   RO          333    .ARM.Collect$$libinit$$00000015  c_w.l(libinit2.o)
    0x000002e6   0x000002e6   0x00000000   Code   RO          335    .ARM.Collect$$libinit$$00000017  c_w.l(libinit2.o)
    0x000002e6   0x000002e6   0x00000000   Code   RO          337    .ARM.Collect$$libinit$$00000019  c_w.l(libinit2.o)
    0x000002e6   0x000002e6   0x00000000   Code   RO          339    .ARM.Collect$$libinit$$0000001B  c_w.l(libinit2.o)
    0x000002e6   0x000002e6   0x00000000   Code   RO          341    .ARM.Collect$$libinit$$0000001D  c_w.l(libinit2.o)
    0x000002e6   0x000002e6   0x00000000   Code   RO          343    .ARM.Collect$$libinit$$0000001F  c_w.l(libinit2.o)
    0x000002e6   0x000002e6   0x00000000   Code   RO          345    .ARM.Collect$$libinit$$00000021  c_w.l(libinit2.o)
    0x000002e6   0x000002e6   0x00000000   Code   RO          347    .ARM.Collect$$libinit$$00000023  c_w.l(libinit2.o)
    0x000002e6   0x000002e6   0x00000000   Code   RO          349    .ARM.Collect$$libinit$$00000025  c_w.l(libinit2.o)
    0x000002e6   0x000002e6   0x00000000   Code   RO          351    .ARM.Collect$$libinit$$00000027  c_w.l(libinit2.o)
    0x000002e6   0x000002e6   0x00000000   Code   RO          355    .ARM.Collect$$libinit$$0000002E  c_w.l(libinit2.o)
    0x000002e6   0x000002e6   0x00000000   Code   RO          357    .ARM.Collect$$libinit$$00000030  c_w.l(libinit2.o)
    0x000002e6   0x000002e6   0x00000000   Code   RO          359    .ARM.Collect$$libinit$$00000032  c_w.l(libinit2.o)
    0x000002e6   0x000002e6   0x00000000   Code   RO          361    .ARM.Collect$$libinit$$00000034  c_w.l(libinit2.o)
    0x000002e6   0x000002e6   0x00000002   Code   RO          362    .ARM.Collect$$libinit$$00000035  c_w.l(libinit2.o)
    0x000002e8   0x000002e8   0x00000002   Code   RO          384    .ARM.Collect$$libshutdown$$00000000  c_w.l(libshutdown.o)
    0x000002ea   0x000002ea   0x00000000   Code   RO          399    .ARM.Collect$$libshutdown$$00000002  c_w.l(libshutdown2.o)
    0x000002ea   0x000002ea   0x00000000   Code   RO          401    .ARM.Collect$$libshutdown$$00000004  c_w.l(libshutdown2.o)
    0x000002ea   0x000002ea   0x00000000   Code   RO          404    .ARM.Collect$$libshutdown$$00000007  c_w.l(libshutdown2.o)
    0x000002ea   0x000002ea   0x00000000   Code   RO          407    .ARM.Collect$$libshutdown$$0000000A  c_w.l(libshutdown2.o)
    0x000002ea   0x000002ea   0x00000000   Code   RO          409    .ARM.Collect$$libshutdown$$0000000C  c_w.l(libshutdown2.o)
    0x000002ea   0x000002ea   0x00000000   Code   RO          412    .ARM.Collect$$libshutdown$$0000000F  c_w.l(libshutdown2.o)
    0x000002ea   0x000002ea   0x00000002   Code   RO          413    .ARM.Collect$$libshutdown$$00000010  c_w.l(libshutdown2.o)
    0x000002ec   0x000002ec   0x00000000   Code   RO          272    .ARM.Collect$$rtentry$$00000000  c_w.l(__rtentry.o)
    0x000002ec   0x000002ec   0x00000000   Code   RO          285    .ARM.Collect$$rtentry$$00000002  c_w.l(__rtentry2.o)
    0x000002ec   0x000002ec   0x00000006   Code   RO          297    .ARM.Collect$$rtentry$$00000004  c_w.l(__rtentry4.o)
    0x000002f2   0x000002f2   0x00000000   Code   RO          287    .ARM.Collect$$rtentry$$00000009  c_w.l(__rtentry2.o)
    0x000002f2   0x000002f2   0x00000004   Code   RO          288    .ARM.Collect$$rtentry$$0000000A  c_w.l(__rtentry2.o)
    0x000002f6   0x000002f6   0x00000000   Code   RO          290    .ARM.Collect$$rtentry$$0000000C  c_w.l(__rtentry2.o)
    0x000002f6   0x000002f6   0x00000008   Code   RO          291    .ARM.Collect$$rtentry$$0000000D  c_w.l(__rtentry2.o)
    0x000002fe   0x000002fe   0x00000002   Code   RO          314    .ARM.Collect$$rtexit$$00000000  c_w.l(rtexit.o)
    0x00000300   0x00000300   0x00000000   Code   RO          364    .ARM.Collect$$rtexit$$00000002  c_w.l(rtexit2.o)
    0x00000300   0x00000300   0x00000004   Code   RO          365    .ARM.Collect$$rtexit$$00000003  c_w.l(rtexit2.o)
    0x00000304   0x00000304   0x00000006   Code   RO          366    .ARM.Collect$$rtexit$$00000004  c_w.l(rtexit2.o)
    0x0000030a   0x0000030a   0x00000002   PAD
    0x0000030c   0x0000030c   0x00000114   Code   RO          222  * .text               startup_tm4c123.o
    0x00000420   0x00000420   0x00000006   Code   RO          244    .text               c_w.l(heapauxi.o)
    0x00000426   0x00000426   0x0000004a   Code   RO          301    .text               c_w.l(sys_stackheap_outer.o)
    0x00000470   0x00000470   0x00000012   Code   RO          303    .text               c_w.l(exit.o)
    0x00000482   0x00000482   0x00000002   PAD
    0x00000484   0x00000484   0x00000008   Code   RO          311    .text               c_w.l(libspace.o)
    0x0000048c   0x0000048c   0x0000000c   Code   RO          374    .text               c_w.l(sys_exit.o)
    0x00000498   0x00000498   0x00000002   Code   RO          389    .text               c_w.l(use_no_semi.o)
    0x0000049a   0x0000049a   0x00000000   Code   RO          391    .text               c_w.l(indicate_semi.o)
    0x0000049a   0x0000049a   0x00000002   PAD
    0x0000049c   0x0000049c   0x000000a6   Code   RO           29    .text.GPIOA_Handler  gpio_program.o
    0x00000542   0x00000542   0x00000002   PAD
    0x00000544   0x00000544   0x000000a8   Code   RO           31    .text.GPIOB_Handler  gpio_program.o
    0x000005ec   0x000005ec   0x000000a8   Code   RO           33    .text.GPIOC_Handler  gpio_program.o
    0x00000694   0x00000694   0x000000a8   Code   RO           35    .text.GPIOD_Handler  gpio_program.o
    0x0000073c   0x0000073c   0x000000aa   Code   RO           37    .text.GPIOE_Handler  gpio_program.o
    0x000007e6   0x000007e6   0x00000002   PAD
    0x000007e8   0x000007e8   0x00000080   Code   RO           39    .text.GPIOF_Handler  gpio_program.o
    0x00000868   0x00000868   0x00000054   Code   RO          231    .text.SystemInit    system_tm4c123.o
    0x000008bc   0x000008bc   0x00000022   Code   RO           72    .text.TIMER0A_Handler  gpt_program.o
    0x000008de   0x000008de   0x00000002   PAD
    0x000008e0   0x000008e0   0x00000024   Code   RO           74    .text.TIMER1A_Handler  gpt_program.o
    0x00000904   0x00000904   0x00000024   Code   RO           76    .text.TIMER2A_Handler  gpt_program.o
    0x00000928   0x00000928   0x00000024   Code   RO           78    .text.TIMER3A_Handler  gpt_program.o
    0x0000094c   0x0000094c   0x00000024   Code   RO           80    .text.TIMER4A_Handler  gpt_program.o
    0x00000970   0x00000970   0x00000024   Code   RO           82    .text.TIMER5A_Handler  gpt_program.o
    0x00000994   0x00000994   0x00000024   Code   RO           84    .text.WTIMER0A_Handler  gpt_program.o
    0x000009b8   0x000009b8   0x00000024   Code   RO           86    .text.WTIMER1A_Handler  gpt_program.o
    0x000009dc   0x000009dc   0x00000024   Code   RO           88    .text.WTIMER2A_Handler  gpt_program.o
    0x00000a00   0x00000a00   0x00000024   Code   RO           90    .text.WTIMER3A_Handler  gpt_program.o
    0x00000a24   0x00000a24   0x00000024   Code   RO           92    .text.WTIMER4A_Handler  gpt_program.o
    0x00000a48   0x00000a48   0x00000024   Code   RO           94    .text.WTIMER5A_Handler  gpt_program.o
    0x00000a6c   0x00000a6c   0x000000c4   Code   RO          204    .text.app_init      app_program.o
    0x00000b30   0x00000b30   0x0000016e   Code   RO          206    .text.app_start     app_program.o
    0x00000c9e   0x00000c9e   0x00000002   PAD
    0x00000ca0   0x00000ca0   0x00000016   Code   RO          208    .text.app_stop_btn_callback  app_program.o
    0x00000cb6   0x00000cb6   0x00000002   PAD
    0x00000cb8   0x00000cb8   0x00000046   Code   RO          108    .text.button_get_state  btn_program.o
    0x00000cfe   0x00000cfe   0x00000002   PAD
    0x00000d00   0x00000d00   0x00000040   Code   RO          106    .text.button_init   btn_program.o
    0x00000d40   0x00000d40   0x00000010   Code   RO          110    .text.button_set_callback  btn_program.o
    0x00000d50   0x00000d50   0x0000008a   Code   RO          186    .text.dcm_init      dcm_program.o
    0x00000dda   0x00000dda   0x00000002   PAD
    0x00000ddc   0x00000ddc   0x00000068   Code   RO          188    .text.dcm_set_direction  dcm_program.o
    0x00000e44   0x00000e44   0x00000036   Code   RO          190    .text.dcm_speed     dcm_program.o
    0x00000e7a   0x00000e7a   0x00000002   PAD
    0x00000e7c   0x00000e7c   0x0000001e   Code   RO          192    .text.dcm_start     dcm_program.o
    0x00000e9a   0x00000e9a   0x00000002   PAD
    0x00000e9c   0x00000e9c   0x0000001e   Code   RO          194    .text.dcm_stop      dcm_program.o
    0x00000eba   0x00000eba   0x00000002   PAD
    0x00000ebc   0x00000ebc   0x0000002a   Code   RO          169    .text.delay_shutdown  delay_program.o
    0x00000ee6   0x00000ee6   0x00000002   PAD
    0x00000ee8   0x00000ee8   0x00000026   Code   RO          165    .text.delay_start   delay_program.o
    0x00000f0e   0x00000f0e   0x00000002   PAD
    0x00000f10   0x00000f10   0x0000007c   Code   RO           21    .text.gpio_enableInt  gpio_program.o
    0x00000f8c   0x00000f8c   0x0000005e   Code   RO           19    .text.gpio_getPinVal  gpio_program.o
    0x00000fea   0x00000fea   0x00000002   PAD
    0x00000fec   0x00000fec   0x00000248   Code   RO           11    .text.gpio_pin_init  gpio_program.o
    0x00001234   0x00001234   0x0000004a   Code   RO           27    .text.gpio_setIntCallback  gpio_program.o
    0x0000127e   0x0000127e   0x00000002   PAD
    0x00001280   0x00001280   0x00000080   Code   RO           15    .text.gpio_setPinVal  gpio_program.o
    0x00001300   0x00001300   0x00000184   Code   RO           58    .text.gpt_enable_notification  gpt_program.o
    0x00001484   0x00001484   0x00000166   Code   RO           56    .text.gpt_init      gpt_program.o
    0x000015ea   0x000015ea   0x00000002   PAD
    0x000015ec   0x000015ec   0x00000020   Code   RO           68    .text.gpt_set_callback  gpt_program.o
    0x0000160c   0x0000160c   0x00000004   PAD
    0x00001610   0x00001610   0x000002a0   Code   RO           60    .text.gpt_start     gpt_program.o
    0x000018b0   0x000018b0   0x000001ce   Code   RO           62    .text.gpt_stop      gpt_program.o
    0x00001a7e   0x00001a7e   0x00000002   PAD
    0x00001a80   0x00001a80   0x00000038   Code   RO          120    .text.led_init      led_program.o
    0x00001ab8   0x00001ab8   0x00000026   Code   RO          124    .text.led_off       led_program.o
    0x00001ade   0x00001ade   0x00000002   PAD
    0x00001ae0   0x00001ae0   0x00000026   Code   RO          122    .text.led_on        led_program.o
    0x00001b06   0x00001b06   0x00000002   PAD
    0x00001b08   0x00001b08   0x00000012   Code   RO            2    .text.main          main.o
    0x00001b1a   0x00001b1a   0x00000006   PAD
    0x00001b20   0x00001b20   0x00000088   Code   RO          144    .text.pwm_adjust_signal  pwm_program.o
    0x00001ba8   0x00001ba8   0x00000066   Code   RO          142    .text.pwm_init      pwm_program.o
    0x00001c0e   0x00001c0e   0x00000002   PAD
    0x00001c10   0x00001c10   0x000000ea   Code   RO          146    .text.pwm_start     pwm_program.o
    0x00001cfa   0x00001cfa   0x00000002   PAD
    0x00001cfc   0x00001cfc   0x00000076   Code   RO          150    .text.pwm_stop      pwm_program.o
    0x00001d72   0x00001d72   0x00000002   PAD
    0x00001d74   0x00001d74   0x00000074   Code   RO          148    .text.pwm_timer_cbf  pwm_program.o
    0x00001de8   0x00001de8   0x00000150   Code   RO          248    x$fpl$dadd          fz_wm.l(daddsub_clz.o)
    0x00001f38   0x00001f38   0x00000018   Code   RO          299    x$fpl$dcmpinf       fz_wm.l(dcmpi.o)
    0x00001f50   0x00001f50   0x000002b4   Code   RO          257    x$fpl$ddiv          fz_wm.l(ddiv.o)
    0x00002204   0x00002204   0x00000078   Code   RO          273    x$fpl$deqf          fz_wm.l(deqf.o)
    0x0000227c   0x0000227c   0x0000005e   Code   RO          260    x$fpl$dfix          fz_wm.l(dfix.o)
    0x000022da   0x000022da   0x0000002e   Code   RO          265    x$fpl$dflt          fz_wm.l(dflt_clz.o)
    0x00002308   0x00002308   0x00000026   Code   RO          264    x$fpl$dfltu         fz_wm.l(dflt_clz.o)
    0x0000232e   0x0000232e   0x00000002   PAD
    0x00002330   0x00002330   0x00000078   Code   RO          275    x$fpl$dgeqf         fz_wm.l(dgeqf.o)
    0x000023a8   0x000023a8   0x00000078   Code   RO          277    x$fpl$dleqf         fz_wm.l(dleqf.o)
    0x00002420   0x00002420   0x00000154   Code   RO          270    x$fpl$dmul          fz_wm.l(dmul.o)
    0x00002574   0x00002574   0x0000009c   Code   RO          279    x$fpl$dnaninf       fz_wm.l(dnaninf.o)
    0x00002610   0x00002610   0x0000000c   Code   RO          281    x$fpl$dretinf       fz_wm.l(dretinf.o)
    0x0000261c   0x0000261c   0x000001dc   Code   RO          250    x$fpl$dsub          fz_wm.l(daddsub_clz.o)
    0x000027f8   0x000027f8   0x00000054   Code   RO          254    x$fpl$fcmp          fz_wm.l(dcmp.o)
    0x0000284c   0x0000284c   0x0000001a   Code   RO          372    x$fpl$fpinit        fz_wm.l(fpinit.o)
    0x00002866   0x00002866   0x00000000   Code   RO          283    x$fpl$usenofp       fz_wm.l(usenofp.o)
    0x00002866   0x00002866   0x00000018   Data   RO          136    .rodata.arr_gl_st_signal_cfg  pwm_linking_cfg.o
    0x0000287e   0x0000287e   0x0000000a   Data   RO          180    .rodata.str_dcm_config  dcm_cfg.o
    0x00002888   0x00002888   0x00000020   Data   RO          447    Region$$Table       anon$$obj.o


    Execution Region ER_RW (Exec base: 0x20000000, Load base: 0x000028a8, Size: 0x0000000c, Max: 0xffffffff, ABSOLUTE)

    Exec Addr    Load Addr    Size         Type   Attr      Idx    E Section Name        Object

    0x20000000   0x000028a8   0x00000009   Data   RW           50    .data.gl_st_gpt_lconfig_arr  gpt_linking_cfg.o


    Execution Region ER_ZI (Exec base: 0x20000010, Load base: 0x000028b4, Size: 0x00000388, Max: 0xffffffff, ABSOLUTE)

    Exec Addr    Load Addr    Size         Type   Attr      Idx    E Section Name        Object

    0x20000010        -       0x00000060   Zero   RW          312    .bss                c_w.l(libspace.o)
    0x20000070        -       0x00000030   Zero   RW          152    .bss.arr_gl_st_signal_state  pwm_program.o
    0x200000a0        -       0x000000c0   Zero   RW           41    .bss.arr_gpio_cbf   gpio_program.o
    0x20000160        -       0x00000001   Zero   RW          154    .bss.en_gl_active_channel_index  pwm_program.o
    0x20000161        -       0x00000001   Zero   RW          171    .bss.gl_bool_shutdown  delay_program.o
    0x20000162   0x000028b4   0x00000002   PAD
    0x20000164        -       0x00000030   Zero   RW           97    .bss.gl_callbacks_array  gpt_program.o
    0x20000194        -       0x00000001   Zero   RW          211    .bss.gl_en_app_state_next_side  app_program.o
    0x20000195        -       0x00000001   Zero   RW          210    .bss.gl_en_current_app_state  app_program.o
    0x20000196        -       0x00000001   Zero   RW           96    .bss.gl_gpt_initialized  gpt_program.o
    0x20000197        -       0x00000001   Zero   RW          153    .bss.u8_gl_active_channels  pwm_program.o
    0x20000198        -       0x00000000   Zero   RW          220    HEAP                startup_tm4c123.o
    0x20000198        -       0x00000200   Zero   RW          219    STACK               startup_tm4c123.o


==============================================================================

Image component sizes


      Code (inc. data)   RO Data    RW Data    ZI Data      Debug   Object Name

       584          6          0          0          2       2791   app_program.o
       150          0          0          0          0       3709   btn_program.o
         0          0         10          0          0       1081   dcm_cfg.o
       356          0          0          0          0       3828   dcm_program.o
        80          0          0          0          1       2387   delay_program.o
      1972          6          0          0        192      10585   gpio_program.o
         0          0          0          9          0       1096   gpt_linking_cfg.o
      2342        148          0          0         49      11466   gpt_program.o
       132          0          0          0          0       3325   led_program.o
        18          0          0          0          0        523   main.o
         0          0         24          0          0       1008   pwm_linking_cfg.o
       706          8          0          0         50       5401   pwm_program.o
       276         24        620          0        512       5504   startup_tm4c123.o
        84          0          0          0          0       6464   system_tm4c123.o

    ----------------------------------------------------------------------
      6752        192        686         12        808      59168   Object Totals
         0          0         32          0          0          0   (incl. Generated)
        52          0          0          3          2          0   (incl. Padding)

    ----------------------------------------------------------------------

      Code (inc. data)   RO Data    RW Data    ZI Data      Debug   Library Member Name

         8          0          0          0          0         68   __main.o
         0          0          0          0          0          0   __rtentry.o
        12          0          0          0          0          0   __rtentry2.o
         6          0          0          0          0          0   __rtentry4.o
        52          8          0          0          0          0   __scatter.o
        26          0          0          0          0          0   __scatter_copy.o
        28          0          0          0          0          0   __scatter_zi.o
        18          0          0          0          0         80   exit.o
         6          0          0          0          0        152   heapauxi.o
         0          0          0          0          0          0   indicate_semi.o
         2          0          0          0          0          0   libinit.o
         6          0          0          0          0          0   libinit2.o
         2          0          0          0          0          0   libshutdown.o
         2          0          0          0          0          0   libshutdown2.o
         8          4          0          0         96         68   libspace.o
         2          0          0          0          0          0   rtexit.o
        10          0          0          0          0          0   rtexit2.o
        12          4          0          0          0         68   sys_exit.o
        74          0          0          0          0         80   sys_stackheap_outer.o
         2          0          0          0          0         68   use_no_semi.o
       812         16          0          0          0        392   daddsub_clz.o
        84          0          0          0          0        244   dcmp.o
        24          0          0          0          0        116   dcmpi.o
       692        140          0          0          0        264   ddiv.o
       120          4          0          0          0        140   deqf.o
        94          4          0          0          0        140   dfix.o
        84          0          0          0          0        232   dflt_clz.o
       120          4          0          0          0        140   dgeqf.o
       120          4          0          0          0        140   dleqf.o
       340         12          0          0          0        152   dmul.o
       156          4          0          0          0        140   dnaninf.o
        12          0          0          0          0        116   dretinf.o
        26          0          0          0          0        116   fpinit.o
         0          0          0          0          0          0   usenofp.o

    ----------------------------------------------------------------------
      2970        204          0          0         96       2916   Library Totals
        10          0          0          0          0          0   (incl. Padding)

    ----------------------------------------------------------------------

      Code (inc. data)   RO Data    RW Data    ZI Data      Debug   Library Name

       276         16          0          0         96        584   c_w.l
      2684        188          0          0          0       2332   fz_wm.l

    ----------------------------------------------------------------------
      2970        204          0          0         96       2916   Library Totals

    ----------------------------------------------------------------------

==============================================================================


      Code (inc. data)   RO Data    RW Data    ZI Data      Debug   

      9722        396        686         12        904      60348   Grand Totals
      9722        396        686         12        904      60348   ELF Image Totals
      9722        396        686         12          0          0   ROM Totals

==============================================================================

    Total RO  Size (Code + RO Data)                10408 (  10.16kB)
    Total RW  Size (RW Data + ZI Data)               916 (   0.89kB)
    Total ROM Size (Code + RO Data + RW Data)      10420 (  10.18kB)

==============================================================================

