Component: Arm Compiler for Embedded 6.19 Tool: armlink [5e73cb00]

==============================================================================

Section Cross References

    main.o(.text.main) refers to app_program.o(.text.app_init) for app_init
    main.o(.text.main) refers to app_program.o(.text.app_start) for app_start
    main.o(.ARM.exidx.text.main) refers to main.o(.text.main) for [Anonymous Symbol]
    gpio_program.o(.ARM.exidx.text.gpio_pin_init) refers to gpio_program.o(.text.gpio_pin_init) for [Anonymous Symbol]
    gpio_program.o(.ARM.exidx.text.gpio_setPortVal) refers to gpio_program.o(.text.gpio_setPortVal) for [Anonymous Symbol]
    gpio_program.o(.ARM.exidx.text.gpio_setPinVal) refers to gpio_program.o(.text.gpio_setPinVal) for [Anonymous Symbol]
    gpio_program.o(.ARM.exidx.text.gpio_togPinVal) refers to gpio_program.o(.text.gpio_togPinVal) for [Anonymous Symbol]
    gpio_program.o(.ARM.exidx.text.gpio_getPinVal) refers to gpio_program.o(.text.gpio_getPinVal) for [Anonymous Symbol]
    gpio_program.o(.ARM.exidx.text.gpio_enableInt) refers to gpio_program.o(.text.gpio_enableInt) for [Anonymous Symbol]
    gpio_program.o(.ARM.exidx.text.gpio_disableInt) refers to gpio_program.o(.text.gpio_disableInt) for [Anonymous Symbol]
    gpio_program.o(.ARM.exidx.text.gpio_setIntSense) refers to gpio_program.o(.text.gpio_setIntSense) for [Anonymous Symbol]
    gpio_program.o(.text.gpio_setIntCallback) refers to gpio_program.o(.bss.arr_gpio_cbf) for arr_gpio_cbf
    gpio_program.o(.ARM.exidx.text.gpio_setIntCallback) refers to gpio_program.o(.text.gpio_setIntCallback) for [Anonymous Symbol]
    gpio_program.o(.text.GPIOA_Handler) refers to gpio_program.o(.bss.arr_gpio_cbf) for arr_gpio_cbf
    gpio_program.o(.ARM.exidx.text.GPIOA_Handler) refers to gpio_program.o(.text.GPIOA_Handler) for [Anonymous Symbol]
    gpio_program.o(.text.GPIOB_Handler) refers to gpio_program.o(.bss.arr_gpio_cbf) for arr_gpio_cbf
    gpio_program.o(.ARM.exidx.text.GPIOB_Handler) refers to gpio_program.o(.text.GPIOB_Handler) for [Anonymous Symbol]
    gpio_program.o(.text.GPIOC_Handler) refers to gpio_program.o(.bss.arr_gpio_cbf) for arr_gpio_cbf
    gpio_program.o(.ARM.exidx.text.GPIOC_Handler) refers to gpio_program.o(.text.GPIOC_Handler) for [Anonymous Symbol]
    gpio_program.o(.text.GPIOD_Handler) refers to gpio_program.o(.bss.arr_gpio_cbf) for arr_gpio_cbf
    gpio_program.o(.ARM.exidx.text.GPIOD_Handler) refers to gpio_program.o(.text.GPIOD_Handler) for [Anonymous Symbol]
    gpio_program.o(.text.GPIOE_Handler) refers to gpio_program.o(.bss.arr_gpio_cbf) for arr_gpio_cbf
    gpio_program.o(.ARM.exidx.text.GPIOE_Handler) refers to gpio_program.o(.text.GPIOE_Handler) for [Anonymous Symbol]
    gpio_program.o(.text.GPIOF_Handler) refers to gpio_program.o(.bss.arr_gpio_cbf) for arr_gpio_cbf
    gpio_program.o(.ARM.exidx.text.GPIOF_Handler) refers to gpio_program.o(.text.GPIOF_Handler) for [Anonymous Symbol]
    gpt_program.o(.text.gpt_init) refers to gpt_program.o(.bss.gl_gpt_initialized) for gl_gpt_initialized
    gpt_program.o(.text.gpt_init) refers to gpt_linking_cfg.o(.data.gl_st_gpt_lconfig_arr) for gl_st_gpt_lconfig_arr
    gpt_program.o(.text.gpt_init) refers to gpt_program.o(.text.gpt_enable_notification) for gpt_enable_notification
    gpt_program.o(.ARM.exidx.text.gpt_init) refers to gpt_program.o(.text.gpt_init) for [Anonymous Symbol]
    gpt_program.o(.text.gpt_enable_notification) refers to gpt_linking_cfg.o(.data.gl_st_gpt_lconfig_arr) for gl_st_gpt_lconfig_arr
    gpt_program.o(.ARM.exidx.text.gpt_enable_notification) refers to gpt_program.o(.text.gpt_enable_notification) for [Anonymous Symbol]
    gpt_program.o(.text.gpt_start) refers to gpt_linking_cfg.o(.data.gl_st_gpt_lconfig_arr) for gl_st_gpt_lconfig_arr
    gpt_program.o(.text.gpt_start) refers to dflt_clz.o(x$fpl$dfltu) for __aeabi_ui2d
    gpt_program.o(.text.gpt_start) refers to ddiv.o(x$fpl$ddiv) for __aeabi_ddiv
    gpt_program.o(.text.gpt_start) refers to dcmp.o(x$fpl$fcmp) for __aeabi_dcmplt
    gpt_program.o(.text.gpt_start) refers to dmul.o(x$fpl$dmul) for __aeabi_dmul
    gpt_program.o(.text.gpt_start) refers to dfix.o(x$fpl$dfix) for __aeabi_d2iz
    gpt_program.o(.text.gpt_start) refers to dflt_clz.o(x$fpl$dflt) for __aeabi_i2d
    gpt_program.o(.text.gpt_start) refers to daddsub_clz.o(x$fpl$dsub) for __aeabi_dsub
    gpt_program.o(.text.gpt_start) refers to daddsub_clz.o(x$fpl$dadd) for __aeabi_dadd
    gpt_program.o(.ARM.exidx.text.gpt_start) refers to gpt_program.o(.text.gpt_start) for [Anonymous Symbol]
    gpt_program.o(.text.gpt_stop) refers to gpt_linking_cfg.o(.data.gl_st_gpt_lconfig_arr) for gl_st_gpt_lconfig_arr
    gpt_program.o(.ARM.exidx.text.gpt_stop) refers to gpt_program.o(.text.gpt_stop) for [Anonymous Symbol]
    gpt_program.o(.ARM.exidx.text.gpt_get_elapsed_time) refers to gpt_program.o(.text.gpt_get_elapsed_time) for [Anonymous Symbol]
    gpt_program.o(.ARM.exidx.text.gpt_get_remaining_time) refers to gpt_program.o(.text.gpt_get_remaining_time) for [Anonymous Symbol]
    gpt_program.o(.text.gpt_set_callback) refers to gpt_program.o(.bss.gl_callbacks_array) for gl_callbacks_array
    gpt_program.o(.ARM.exidx.text.gpt_set_callback) refers to gpt_program.o(.text.gpt_set_callback) for [Anonymous Symbol]
    gpt_program.o(.text.gpt_disable_notification) refers to gpt_linking_cfg.o(.data.gl_st_gpt_lconfig_arr) for gl_st_gpt_lconfig_arr
    gpt_program.o(.ARM.exidx.text.gpt_disable_notification) refers to gpt_program.o(.text.gpt_disable_notification) for [Anonymous Symbol]
    gpt_program.o(.text.TIMER0A_Handler) refers to gpt_program.o(.bss.gl_callbacks_array) for gl_callbacks_array
    gpt_program.o(.ARM.exidx.text.TIMER0A_Handler) refers to gpt_program.o(.text.TIMER0A_Handler) for [Anonymous Symbol]
    gpt_program.o(.text.TIMER1A_Handler) refers to gpt_program.o(.bss.gl_callbacks_array) for gl_callbacks_array
    gpt_program.o(.ARM.exidx.text.TIMER1A_Handler) refers to gpt_program.o(.text.TIMER1A_Handler) for [Anonymous Symbol]
    gpt_program.o(.text.TIMER2A_Handler) refers to gpt_program.o(.bss.gl_callbacks_array) for gl_callbacks_array
    gpt_program.o(.ARM.exidx.text.TIMER2A_Handler) refers to gpt_program.o(.text.TIMER2A_Handler) for [Anonymous Symbol]
    gpt_program.o(.text.TIMER3A_Handler) refers to gpt_program.o(.bss.gl_callbacks_array) for gl_callbacks_array
    gpt_program.o(.ARM.exidx.text.TIMER3A_Handler) refers to gpt_program.o(.text.TIMER3A_Handler) for [Anonymous Symbol]
    gpt_program.o(.text.TIMER4A_Handler) refers to gpt_program.o(.bss.gl_callbacks_array) for gl_callbacks_array
    gpt_program.o(.ARM.exidx.text.TIMER4A_Handler) refers to gpt_program.o(.text.TIMER4A_Handler) for [Anonymous Symbol]
    gpt_program.o(.text.TIMER5A_Handler) refers to gpt_program.o(.bss.gl_callbacks_array) for gl_callbacks_array
    gpt_program.o(.ARM.exidx.text.TIMER5A_Handler) refers to gpt_program.o(.text.TIMER5A_Handler) for [Anonymous Symbol]
    gpt_program.o(.text.WTIMER0A_Handler) refers to gpt_program.o(.bss.gl_callbacks_array) for gl_callbacks_array
    gpt_program.o(.ARM.exidx.text.WTIMER0A_Handler) refers to gpt_program.o(.text.WTIMER0A_Handler) for [Anonymous Symbol]
    gpt_program.o(.text.WTIMER1A_Handler) refers to gpt_program.o(.bss.gl_callbacks_array) for gl_callbacks_array
    gpt_program.o(.ARM.exidx.text.WTIMER1A_Handler) refers to gpt_program.o(.text.WTIMER1A_Handler) for [Anonymous Symbol]
    gpt_program.o(.text.WTIMER2A_Handler) refers to gpt_program.o(.bss.gl_callbacks_array) for gl_callbacks_array
    gpt_program.o(.ARM.exidx.text.WTIMER2A_Handler) refers to gpt_program.o(.text.WTIMER2A_Handler) for [Anonymous Symbol]
    gpt_program.o(.text.WTIMER3A_Handler) refers to gpt_program.o(.bss.gl_callbacks_array) for gl_callbacks_array
    gpt_program.o(.ARM.exidx.text.WTIMER3A_Handler) refers to gpt_program.o(.text.WTIMER3A_Handler) for [Anonymous Symbol]
    gpt_program.o(.text.WTIMER4A_Handler) refers to gpt_program.o(.bss.gl_callbacks_array) for gl_callbacks_array
    gpt_program.o(.ARM.exidx.text.WTIMER4A_Handler) refers to gpt_program.o(.text.WTIMER4A_Handler) for [Anonymous Symbol]
    gpt_program.o(.text.WTIMER5A_Handler) refers to gpt_program.o(.bss.gl_callbacks_array) for gl_callbacks_array
    gpt_program.o(.ARM.exidx.text.WTIMER5A_Handler) refers to gpt_program.o(.text.WTIMER5A_Handler) for [Anonymous Symbol]
    led_program.o(.text.led_init) refers to gpio_program.o(.text.gpio_pin_init) for gpio_pin_init
    led_program.o(.ARM.exidx.text.led_init) refers to led_program.o(.text.led_init) for [Anonymous Symbol]
    led_program.o(.text.led_on) refers to gpio_program.o(.text.gpio_setPinVal) for gpio_setPinVal
    led_program.o(.ARM.exidx.text.led_on) refers to led_program.o(.text.led_on) for [Anonymous Symbol]
    led_program.o(.text.led_off) refers to gpio_program.o(.text.gpio_setPinVal) for gpio_setPinVal
    led_program.o(.ARM.exidx.text.led_off) refers to led_program.o(.text.led_off) for [Anonymous Symbol]
    led_program.o(.text.led_toggle) refers to gpio_program.o(.text.gpio_togPinVal) for gpio_togPinVal
    led_program.o(.ARM.exidx.text.led_toggle) refers to led_program.o(.text.led_toggle) for [Anonymous Symbol]
    pwm_program.o(.text.pwm_init) refers to gpt_program.o(.text.gpt_init) for gpt_init
    pwm_program.o(.text.pwm_init) refers to pwm_linking_cfg.o(.rodata.arr_gl_st_signal_cfg) for arr_gl_st_signal_cfg
    pwm_program.o(.text.pwm_init) refers to gpio_program.o(.text.gpio_pin_init) for gpio_pin_init
    pwm_program.o(.ARM.exidx.text.pwm_init) refers to pwm_program.o(.text.pwm_init) for [Anonymous Symbol]
    pwm_program.o(.text.pwm_adjust_signal) refers to dflt_clz.o(x$fpl$dfltu) for __aeabi_ui2d
    pwm_program.o(.text.pwm_adjust_signal) refers to ddiv.o(x$fpl$ddiv) for __aeabi_ddiv
    pwm_program.o(.text.pwm_adjust_signal) refers to dmul.o(x$fpl$dmul) for __aeabi_dmul
    pwm_program.o(.text.pwm_adjust_signal) refers to dfix.o(x$fpl$dfix) for __aeabi_d2iz
    pwm_program.o(.text.pwm_adjust_signal) refers to pwm_program.o(.bss.arr_gl_st_signal_state) for arr_gl_st_signal_state
    pwm_program.o(.text.pwm_adjust_signal) refers to dflt_clz.o(x$fpl$dflt) for __aeabi_i2d
    pwm_program.o(.ARM.exidx.text.pwm_adjust_signal) refers to pwm_program.o(.text.pwm_adjust_signal) for [Anonymous Symbol]
    pwm_program.o(.text.pwm_start) refers to pwm_program.o(.bss.u8_gl_active_channels) for u8_gl_active_channels
    pwm_program.o(.text.pwm_start) refers to pwm_program.o(.bss.arr_gl_st_signal_state) for arr_gl_st_signal_state
    pwm_program.o(.text.pwm_start) refers to pwm_program.o(.bss.en_gl_active_channel_index) for en_gl_active_channel_index
    pwm_program.o(.text.pwm_start) refers to pwm_linking_cfg.o(.rodata.arr_gl_st_signal_cfg) for arr_gl_st_signal_cfg
    pwm_program.o(.text.pwm_start) refers to gpio_program.o(.text.gpio_setPinVal) for gpio_setPinVal
    pwm_program.o(.text.pwm_start) refers to pwm_program.o(.text.pwm_timer_cbf) for pwm_timer_cbf
    pwm_program.o(.text.pwm_start) refers to gpt_program.o(.text.gpt_set_callback) for gpt_set_callback
    pwm_program.o(.text.pwm_start) refers to gpt_program.o(.text.gpt_start) for gpt_start
    pwm_program.o(.ARM.exidx.text.pwm_start) refers to pwm_program.o(.text.pwm_start) for [Anonymous Symbol]
    pwm_program.o(.text.pwm_timer_cbf) refers to pwm_program.o(.bss.en_gl_active_channel_index) for en_gl_active_channel_index
    pwm_program.o(.text.pwm_timer_cbf) refers to pwm_program.o(.bss.arr_gl_st_signal_state) for arr_gl_st_signal_state
    pwm_program.o(.text.pwm_timer_cbf) refers to gpt_program.o(.text.gpt_stop) for gpt_stop
    pwm_program.o(.text.pwm_timer_cbf) refers to pwm_linking_cfg.o(.rodata.arr_gl_st_signal_cfg) for arr_gl_st_signal_cfg
    pwm_program.o(.text.pwm_timer_cbf) refers to gpio_program.o(.text.gpio_setPinVal) for gpio_setPinVal
    pwm_program.o(.text.pwm_timer_cbf) refers to gpt_program.o(.text.gpt_start) for gpt_start
    pwm_program.o(.ARM.exidx.text.pwm_timer_cbf) refers to pwm_program.o(.text.pwm_timer_cbf) for [Anonymous Symbol]
    pwm_program.o(.text.pwm_stop) refers to pwm_program.o(.bss.arr_gl_st_signal_state) for arr_gl_st_signal_state
    pwm_program.o(.text.pwm_stop) refers to gpt_program.o(.text.gpt_stop) for gpt_stop
    pwm_program.o(.text.pwm_stop) refers to pwm_linking_cfg.o(.rodata.arr_gl_st_signal_cfg) for arr_gl_st_signal_cfg
    pwm_program.o(.text.pwm_stop) refers to gpio_program.o(.text.gpio_setPinVal) for gpio_setPinVal
    pwm_program.o(.text.pwm_stop) refers to pwm_program.o(.bss.u8_gl_active_channels) for u8_gl_active_channels
    pwm_program.o(.ARM.exidx.text.pwm_stop) refers to pwm_program.o(.text.pwm_stop) for [Anonymous Symbol]
    delay_program.o(.text.delay_init) refers to gpt_program.o(.text.gpt_init) for gpt_init
    delay_program.o(.ARM.exidx.text.delay_init) refers to delay_program.o(.text.delay_init) for [Anonymous Symbol]
    delay_program.o(.text.delay_start) refers to gpt_program.o(.text.gpt_start) for gpt_start
    delay_program.o(.ARM.exidx.text.delay_start) refers to delay_program.o(.text.delay_start) for [Anonymous Symbol]
    delay_program.o(.text.delay_stop) refers to gpt_program.o(.text.gpt_stop) for gpt_stop
    delay_program.o(.ARM.exidx.text.delay_stop) refers to delay_program.o(.text.delay_stop) for [Anonymous Symbol]
    app_program.o(.text.app_init) refers to led_program.o(.text.led_init) for led_init
    app_program.o(.text.app_init) refers to led_program.o(.text.led_off) for led_off
    app_program.o(.ARM.exidx.text.app_init) refers to app_program.o(.text.app_init) for [Anonymous Symbol]
    app_program.o(.ARM.exidx.text.app_start) refers to app_program.o(.text.app_start) for [Anonymous Symbol]
    startup_tm4c123.o(STACK) refers (Special) to heapauxi.o(.text) for __use_two_region_memory
    startup_tm4c123.o(HEAP) refers (Special) to heapauxi.o(.text) for __use_two_region_memory
    startup_tm4c123.o(RESET) refers (Special) to heapauxi.o(.text) for __use_two_region_memory
    startup_tm4c123.o(RESET) refers to startup_tm4c123.o(STACK) for __initial_sp
    startup_tm4c123.o(RESET) refers to startup_tm4c123.o(.text) for Reset_Handler
    startup_tm4c123.o(RESET) refers to gpio_program.o(.text.GPIOA_Handler) for GPIOA_Handler
    startup_tm4c123.o(RESET) refers to gpio_program.o(.text.GPIOB_Handler) for GPIOB_Handler
    startup_tm4c123.o(RESET) refers to gpio_program.o(.text.GPIOC_Handler) for GPIOC_Handler
    startup_tm4c123.o(RESET) refers to gpio_program.o(.text.GPIOD_Handler) for GPIOD_Handler
    startup_tm4c123.o(RESET) refers to gpio_program.o(.text.GPIOE_Handler) for GPIOE_Handler
    startup_tm4c123.o(RESET) refers to gpt_program.o(.text.TIMER0A_Handler) for TIMER0A_Handler
    startup_tm4c123.o(RESET) refers to gpt_program.o(.text.TIMER1A_Handler) for TIMER1A_Handler
    startup_tm4c123.o(RESET) refers to gpt_program.o(.text.TIMER2A_Handler) for TIMER2A_Handler
    startup_tm4c123.o(RESET) refers to gpio_program.o(.text.GPIOF_Handler) for GPIOF_Handler
    startup_tm4c123.o(RESET) refers to gpt_program.o(.text.TIMER3A_Handler) for TIMER3A_Handler
    startup_tm4c123.o(RESET) refers to gpt_program.o(.text.TIMER4A_Handler) for TIMER4A_Handler
    startup_tm4c123.o(RESET) refers to gpt_program.o(.text.TIMER5A_Handler) for TIMER5A_Handler
    startup_tm4c123.o(RESET) refers to gpt_program.o(.text.WTIMER0A_Handler) for WTIMER0A_Handler
    startup_tm4c123.o(RESET) refers to gpt_program.o(.text.WTIMER1A_Handler) for WTIMER1A_Handler
    startup_tm4c123.o(RESET) refers to gpt_program.o(.text.WTIMER2A_Handler) for WTIMER2A_Handler
    startup_tm4c123.o(RESET) refers to gpt_program.o(.text.WTIMER3A_Handler) for WTIMER3A_Handler
    startup_tm4c123.o(RESET) refers to gpt_program.o(.text.WTIMER4A_Handler) for WTIMER4A_Handler
    startup_tm4c123.o(RESET) refers to gpt_program.o(.text.WTIMER5A_Handler) for WTIMER5A_Handler
    startup_tm4c123.o(.text) refers (Special) to heapauxi.o(.text) for __use_two_region_memory
    startup_tm4c123.o(.text) refers to system_tm4c123.o(.text.SystemInit) for SystemInit
    startup_tm4c123.o(.text) refers to __main.o(!!!main) for __main
    startup_tm4c123.o(.text) refers to startup_tm4c123.o(HEAP) for Heap_Mem
    startup_tm4c123.o(.text) refers to startup_tm4c123.o(STACK) for Stack_Mem
    system_tm4c123.o(.text.SystemCoreClockUpdate) refers to system_tm4c123.o(.rodata..Lswitch.table.SystemCoreClockUpdate.1) for .Lswitch.table.SystemCoreClockUpdate.1
    system_tm4c123.o(.text.SystemCoreClockUpdate) refers to system_tm4c123.o(.data.SystemCoreClock) for SystemCoreClock
    system_tm4c123.o(.ARM.exidx.text.SystemCoreClockUpdate) refers to system_tm4c123.o(.text.SystemCoreClockUpdate) for [Anonymous Symbol]
    system_tm4c123.o(.ARM.exidx.text.SystemInit) refers to system_tm4c123.o(.text.SystemInit) for [Anonymous Symbol]
    __main.o(!!!main) refers to __rtentry.o(.ARM.Collect$$rtentry$$00000000) for __rt_entry
    daddsub_clz.o(x$fpl$dadd) refers (Special) to usenofp.o(x$fpl$usenofp) for __I$use$fp
    daddsub_clz.o(x$fpl$dadd) refers to daddsub_clz.o(x$fpl$dsub) for _dsub1
    daddsub_clz.o(x$fpl$dadd) refers to dretinf.o(x$fpl$dretinf) for __fpl_dretinf
    daddsub_clz.o(x$fpl$dadd) refers to dnaninf.o(x$fpl$dnaninf) for __fpl_dnaninf
    daddsub_clz.o(x$fpl$drsb) refers (Special) to usenofp.o(x$fpl$usenofp) for __I$use$fp
    daddsub_clz.o(x$fpl$drsb) refers to daddsub_clz.o(x$fpl$dadd) for _dadd1
    daddsub_clz.o(x$fpl$drsb) refers to daddsub_clz.o(x$fpl$dsub) for _dsub1
    daddsub_clz.o(x$fpl$dsub) refers (Special) to usenofp.o(x$fpl$usenofp) for __I$use$fp
    daddsub_clz.o(x$fpl$dsub) refers to daddsub_clz.o(x$fpl$dadd) for _dadd1
    daddsub_clz.o(x$fpl$dsub) refers to dnaninf.o(x$fpl$dnaninf) for __fpl_dnaninf
    dcmp.o(x$fpl$fcmp) refers (Special) to usenofp.o(x$fpl$usenofp) for __I$use$fp
    dcmp.o(x$fpl$fcmp) refers to deqf.o(x$fpl$deqf) for _dcmpeq
    dcmp.o(x$fpl$fcmp) refers to dgeqf.o(x$fpl$dgeqf) for _dcmpge
    dcmp.o(x$fpl$fcmp) refers to dleqf.o(x$fpl$dleqf) for _dcmple
    ddiv.o(x$fpl$drdiv) refers (Special) to usenofp.o(x$fpl$usenofp) for __I$use$fp
    ddiv.o(x$fpl$drdiv) refers to ddiv.o(x$fpl$ddiv) for ddiv_entry
    ddiv.o(x$fpl$ddiv) refers (Special) to usenofp.o(x$fpl$usenofp) for __I$use$fp
    ddiv.o(x$fpl$ddiv) refers to dretinf.o(x$fpl$dretinf) for __fpl_dretinf
    ddiv.o(x$fpl$ddiv) refers to dnaninf.o(x$fpl$dnaninf) for __fpl_dnaninf
    dfix.o(x$fpl$dfix) refers (Special) to usenofp.o(x$fpl$usenofp) for __I$use$fp
    dfix.o(x$fpl$dfix) refers to dnaninf.o(x$fpl$dnaninf) for __fpl_dnaninf
    dfix.o(x$fpl$dfixr) refers (Special) to usenofp.o(x$fpl$usenofp) for __I$use$fp
    dfix.o(x$fpl$dfixr) refers to dnaninf.o(x$fpl$dnaninf) for __fpl_dnaninf
    dflt_clz.o(x$fpl$dfltu) refers (Special) to usenofp.o(x$fpl$usenofp) for __I$use$fp
    dflt_clz.o(x$fpl$dflt) refers (Special) to usenofp.o(x$fpl$usenofp) for __I$use$fp
    dflt_clz.o(x$fpl$dfltn) refers (Special) to usenofp.o(x$fpl$usenofp) for __I$use$fp
    dmul.o(x$fpl$dmul) refers (Special) to usenofp.o(x$fpl$usenofp) for __I$use$fp
    dmul.o(x$fpl$dmul) refers to dretinf.o(x$fpl$dretinf) for __fpl_dretinf
    dmul.o(x$fpl$dmul) refers to dnaninf.o(x$fpl$dnaninf) for __fpl_dnaninf
    __rtentry.o(.ARM.Collect$$rtentry$$00000000) refers (Special) to __rtentry2.o(.ARM.Collect$$rtentry$$0000000A) for __rt_entry_li
    __rtentry.o(.ARM.Collect$$rtentry$$00000000) refers (Special) to __rtentry2.o(.ARM.Collect$$rtentry$$0000000D) for __rt_entry_main
    __rtentry.o(.ARM.Collect$$rtentry$$00000000) refers (Special) to __rtentry2.o(.ARM.Collect$$rtentry$$0000000C) for __rt_entry_postli_1
    __rtentry.o(.ARM.Collect$$rtentry$$00000000) refers (Special) to __rtentry2.o(.ARM.Collect$$rtentry$$00000009) for __rt_entry_postsh_1
    __rtentry.o(.ARM.Collect$$rtentry$$00000000) refers (Special) to __rtentry2.o(.ARM.Collect$$rtentry$$00000002) for __rt_entry_presh_1
    __rtentry.o(.ARM.Collect$$rtentry$$00000000) refers (Special) to __rtentry4.o(.ARM.Collect$$rtentry$$00000004) for __rt_entry_sh
    deqf.o(x$fpl$deqf) refers (Special) to usenofp.o(x$fpl$usenofp) for __I$use$fp
    deqf.o(x$fpl$deqf) refers to dnaninf.o(x$fpl$dnaninf) for __fpl_dnaninf
    deqf.o(x$fpl$deqf) refers to dcmpi.o(x$fpl$dcmpinf) for __fpl_dcmp_Inf
    dgeqf.o(x$fpl$dgeqf) refers (Special) to usenofp.o(x$fpl$usenofp) for __I$use$fp
    dgeqf.o(x$fpl$dgeqf) refers to dnaninf.o(x$fpl$dnaninf) for __fpl_dnaninf
    dgeqf.o(x$fpl$dgeqf) refers to dcmpi.o(x$fpl$dcmpinf) for __fpl_dcmp_Inf
    dleqf.o(x$fpl$dleqf) refers (Special) to usenofp.o(x$fpl$usenofp) for __I$use$fp
    dleqf.o(x$fpl$dleqf) refers to dnaninf.o(x$fpl$dnaninf) for __fpl_dnaninf
    dleqf.o(x$fpl$dleqf) refers to dcmpi.o(x$fpl$dcmpinf) for __fpl_dcmp_Inf
    dnaninf.o(x$fpl$dnaninf) refers (Special) to usenofp.o(x$fpl$usenofp) for __I$use$fp
    dretinf.o(x$fpl$dretinf) refers (Special) to usenofp.o(x$fpl$usenofp) for __I$use$fp
    __rtentry2.o(.ARM.Collect$$rtentry$$00000008) refers to boardinit2.o(.text) for _platform_post_stackheap_init
    __rtentry2.o(.ARM.Collect$$rtentry$$0000000A) refers to libinit.o(.ARM.Collect$$libinit$$00000000) for __rt_lib_init
    __rtentry2.o(.ARM.Collect$$rtentry$$0000000B) refers to boardinit3.o(.text) for _platform_post_lib_init
    __rtentry2.o(.ARM.Collect$$rtentry$$0000000D) refers to main.o(.text.main) for main
    __rtentry2.o(.ARM.Collect$$rtentry$$0000000D) refers to exit.o(.text) for exit
    __rtentry2.o(.ARM.exidx) refers to __rtentry2.o(.ARM.Collect$$rtentry$$00000001) for .ARM.Collect$$rtentry$$00000001
    __rtentry2.o(.ARM.exidx) refers to __rtentry2.o(.ARM.Collect$$rtentry$$00000008) for .ARM.Collect$$rtentry$$00000008
    __rtentry2.o(.ARM.exidx) refers to __rtentry2.o(.ARM.Collect$$rtentry$$0000000A) for .ARM.Collect$$rtentry$$0000000A
    __rtentry2.o(.ARM.exidx) refers to __rtentry2.o(.ARM.Collect$$rtentry$$0000000B) for .ARM.Collect$$rtentry$$0000000B
    __rtentry2.o(.ARM.exidx) refers to __rtentry2.o(.ARM.Collect$$rtentry$$0000000D) for .ARM.Collect$$rtentry$$0000000D
    __rtentry4.o(.ARM.Collect$$rtentry$$00000004) refers to sys_stackheap_outer.o(.text) for __user_setup_stackheap
    __rtentry4.o(.ARM.exidx) refers to __rtentry4.o(.ARM.Collect$$rtentry$$00000004) for .ARM.Collect$$rtentry$$00000004
    dcmpi.o(x$fpl$dcmpinf) refers (Special) to usenofp.o(x$fpl$usenofp) for __I$use$fp
    sys_stackheap_outer.o(.text) refers to libspace.o(.text) for __user_perproc_libspace
    sys_stackheap_outer.o(.text) refers to startup_tm4c123.o(.text) for __user_initial_stackheap
    exit.o(.text) refers to rtexit.o(.ARM.Collect$$rtexit$$00000000) for __rt_exit
    libinit.o(.ARM.Collect$$libinit$$00000000) refers (Special) to libinit2.o(.ARM.Collect$$libinit$$00000030) for __rt_lib_init_alloca_1
    libinit.o(.ARM.Collect$$libinit$$00000000) refers (Special) to libinit2.o(.ARM.Collect$$libinit$$0000002E) for __rt_lib_init_argv_1
    libinit.o(.ARM.Collect$$libinit$$00000000) refers (Special) to libinit2.o(.ARM.Collect$$libinit$$0000001D) for __rt_lib_init_atexit_1
    libinit.o(.ARM.Collect$$libinit$$00000000) refers (Special) to libinit2.o(.ARM.Collect$$libinit$$00000023) for __rt_lib_init_clock_1
    libinit.o(.ARM.Collect$$libinit$$00000000) refers (Special) to libinit2.o(.ARM.Collect$$libinit$$00000034) for __rt_lib_init_cpp_1
    libinit.o(.ARM.Collect$$libinit$$00000000) refers (Special) to libinit2.o(.ARM.Collect$$libinit$$00000032) for __rt_lib_init_exceptions_1
    libinit.o(.ARM.Collect$$libinit$$00000000) refers (Special) to libinit2.o(.ARM.Collect$$libinit$$00000001) for __rt_lib_init_fp_1
    libinit.o(.ARM.Collect$$libinit$$00000000) refers (Special) to libinit2.o(.ARM.Collect$$libinit$$00000021) for __rt_lib_init_fp_trap_1
    libinit.o(.ARM.Collect$$libinit$$00000000) refers (Special) to libinit2.o(.ARM.Collect$$libinit$$00000025) for __rt_lib_init_getenv_1
    libinit.o(.ARM.Collect$$libinit$$00000000) refers (Special) to libinit2.o(.ARM.Collect$$libinit$$0000000C) for __rt_lib_init_heap_1
    libinit.o(.ARM.Collect$$libinit$$00000000) refers (Special) to libinit2.o(.ARM.Collect$$libinit$$00000013) for __rt_lib_init_lc_collate_1
    libinit.o(.ARM.Collect$$libinit$$00000000) refers (Special) to libinit2.o(.ARM.Collect$$libinit$$00000015) for __rt_lib_init_lc_ctype_1
    libinit.o(.ARM.Collect$$libinit$$00000000) refers (Special) to libinit2.o(.ARM.Collect$$libinit$$00000017) for __rt_lib_init_lc_monetary_1
    libinit.o(.ARM.Collect$$libinit$$00000000) refers (Special) to libinit2.o(.ARM.Collect$$libinit$$00000019) for __rt_lib_init_lc_numeric_1
    libinit.o(.ARM.Collect$$libinit$$00000000) refers (Special) to libinit2.o(.ARM.Collect$$libinit$$0000001B) for __rt_lib_init_lc_time_1
    libinit.o(.ARM.Collect$$libinit$$00000000) refers (Special) to libinit2.o(.ARM.Collect$$libinit$$00000006) for __rt_lib_init_preinit_1
    libinit.o(.ARM.Collect$$libinit$$00000000) refers (Special) to libinit2.o(.ARM.Collect$$libinit$$00000010) for __rt_lib_init_rand_1
    libinit.o(.ARM.Collect$$libinit$$00000000) refers (Special) to libinit2.o(.ARM.Collect$$libinit$$00000004) for __rt_lib_init_relocate_pie_1
    libinit.o(.ARM.Collect$$libinit$$00000000) refers (Special) to libinit2.o(.ARM.Collect$$libinit$$00000035) for __rt_lib_init_return
    libinit.o(.ARM.Collect$$libinit$$00000000) refers (Special) to libinit2.o(.ARM.Collect$$libinit$$0000001F) for __rt_lib_init_signal_1
    libinit.o(.ARM.Collect$$libinit$$00000000) refers (Special) to libinit2.o(.ARM.Collect$$libinit$$00000027) for __rt_lib_init_stdio_1
    libinit.o(.ARM.Collect$$libinit$$00000000) refers (Special) to libinit2.o(.ARM.Collect$$libinit$$0000000E) for __rt_lib_init_user_alloc_1
    libspace.o(.text) refers to libspace.o(.bss) for __libspace_start
    rtexit.o(.ARM.Collect$$rtexit$$00000000) refers (Special) to rtexit2.o(.ARM.Collect$$rtexit$$00000004) for __rt_exit_exit
    rtexit.o(.ARM.Collect$$rtexit$$00000000) refers (Special) to rtexit2.o(.ARM.Collect$$rtexit$$00000003) for __rt_exit_ls
    rtexit.o(.ARM.Collect$$rtexit$$00000000) refers (Special) to rtexit2.o(.ARM.Collect$$rtexit$$00000002) for __rt_exit_prels_1
    rtexit.o(.ARM.exidx) refers (Special) to rtexit2.o(.ARM.Collect$$rtexit$$00000004) for __rt_exit_exit
    rtexit.o(.ARM.exidx) refers (Special) to rtexit2.o(.ARM.Collect$$rtexit$$00000003) for __rt_exit_ls
    rtexit.o(.ARM.exidx) refers (Special) to rtexit2.o(.ARM.Collect$$rtexit$$00000002) for __rt_exit_prels_1
    rtexit.o(.ARM.exidx) refers to rtexit.o(.ARM.Collect$$rtexit$$00000000) for .ARM.Collect$$rtexit$$00000000
    libinit2.o(.ARM.Collect$$libinit$$00000001) refers to fpinit.o(x$fpl$fpinit) for _fp_init
    libinit2.o(.ARM.Collect$$libinit$$00000012) refers to libinit2.o(.ARM.Collect$$libinit$$00000011) for .ARM.Collect$$libinit$$00000011
    libinit2.o(.ARM.Collect$$libinit$$00000014) refers to libinit2.o(.ARM.Collect$$libinit$$00000011) for .ARM.Collect$$libinit$$00000011
    libinit2.o(.ARM.Collect$$libinit$$00000016) refers to libinit2.o(.ARM.Collect$$libinit$$00000011) for .ARM.Collect$$libinit$$00000011
    libinit2.o(.ARM.Collect$$libinit$$00000018) refers to libinit2.o(.ARM.Collect$$libinit$$00000011) for .ARM.Collect$$libinit$$00000011
    libinit2.o(.ARM.Collect$$libinit$$0000001A) refers to libinit2.o(.ARM.Collect$$libinit$$00000011) for .ARM.Collect$$libinit$$00000011
    libinit2.o(.ARM.Collect$$libinit$$00000028) refers to argv_veneer.o(.emb_text) for __ARM_argv_veneer
    libinit2.o(.ARM.Collect$$libinit$$00000029) refers to argv_veneer.o(.emb_text) for __ARM_argv_veneer
    rtexit2.o(.ARM.Collect$$rtexit$$00000003) refers to libshutdown.o(.ARM.Collect$$libshutdown$$00000000) for __rt_lib_shutdown
    rtexit2.o(.ARM.Collect$$rtexit$$00000004) refers to sys_exit.o(.text) for _sys_exit
    rtexit2.o(.ARM.exidx) refers to rtexit2.o(.ARM.Collect$$rtexit$$00000001) for .ARM.Collect$$rtexit$$00000001
    rtexit2.o(.ARM.exidx) refers to rtexit2.o(.ARM.Collect$$rtexit$$00000003) for .ARM.Collect$$rtexit$$00000003
    rtexit2.o(.ARM.exidx) refers to rtexit2.o(.ARM.Collect$$rtexit$$00000004) for .ARM.Collect$$rtexit$$00000004
    argv_veneer.o(.emb_text) refers to no_argv.o(.text) for __ARM_get_argv
    sys_exit.o(.text) refers (Special) to use_no_semi.o(.text) for __I$use$semihosting
    sys_exit.o(.text) refers (Special) to indicate_semi.o(.text) for __semihosting_library_function
    sys_exit_hlt.o(.text) refers (Special) to use_no_semi.o(.text) for __I$use$semihosting
    sys_exit_hlt.o(.text) refers (Special) to indicate_semi.o(.text) for __semihosting_library_function
    _get_argv_nomalloc.o(.text) refers (Special) to hrguard.o(.text) for __heap_region$guard
    _get_argv_nomalloc.o(.text) refers to defsig_rtmem_outer.o(.text) for __rt_SIGRTMEM
    _get_argv_nomalloc.o(.text) refers to sys_command.o(.text) for _sys_command_string
    libshutdown.o(.ARM.Collect$$libshutdown$$00000000) refers (Special) to libshutdown2.o(.ARM.Collect$$libshutdown$$00000002) for __rt_lib_shutdown_cpp_1
    libshutdown.o(.ARM.Collect$$libshutdown$$00000000) refers (Special) to libshutdown2.o(.ARM.Collect$$libshutdown$$00000007) for __rt_lib_shutdown_fp_trap_1
    libshutdown.o(.ARM.Collect$$libshutdown$$00000000) refers (Special) to libshutdown2.o(.ARM.Collect$$libshutdown$$0000000F) for __rt_lib_shutdown_heap_1
    libshutdown.o(.ARM.Collect$$libshutdown$$00000000) refers (Special) to libshutdown2.o(.ARM.Collect$$libshutdown$$00000010) for __rt_lib_shutdown_return
    libshutdown.o(.ARM.Collect$$libshutdown$$00000000) refers (Special) to libshutdown2.o(.ARM.Collect$$libshutdown$$0000000A) for __rt_lib_shutdown_signal_1
    libshutdown.o(.ARM.Collect$$libshutdown$$00000000) refers (Special) to libshutdown2.o(.ARM.Collect$$libshutdown$$00000004) for __rt_lib_shutdown_stdio_1
    libshutdown.o(.ARM.Collect$$libshutdown$$00000000) refers (Special) to libshutdown2.o(.ARM.Collect$$libshutdown$$0000000C) for __rt_lib_shutdown_user_alloc_1
    sys_command.o(.text) refers (Special) to use_no_semi.o(.text) for __I$use$semihosting
    sys_command.o(.text) refers (Special) to indicate_semi.o(.text) for __semihosting_library_function
    sys_command_hlt.o(.text) refers (Special) to use_no_semi.o(.text) for __I$use$semihosting
    sys_command_hlt.o(.text) refers (Special) to indicate_semi.o(.text) for __semihosting_library_function
    defsig_rtmem_outer.o(.text) refers to defsig_rtmem_inner.o(.text) for __rt_SIGRTMEM_inner
    defsig_rtmem_outer.o(.text) refers to defsig_exit.o(.text) for __sig_exit
    defsig_rtmem_formal.o(.text) refers to rt_raise.o(.text) for __rt_raise
    rt_raise.o(.text) refers to __raise.o(.text) for __raise
    rt_raise.o(.text) refers to sys_exit.o(.text) for _sys_exit
    defsig_exit.o(.text) refers to sys_exit.o(.text) for _sys_exit
    defsig_rtmem_inner.o(.text) refers to defsig_general.o(.text) for __default_signal_display
    __raise.o(.text) refers to defsig.o(CL$$defsig) for __default_signal_handler
    defsig_general.o(.text) refers to sys_wrch.o(.text) for _ttywrch
    sys_wrch.o(.text) refers (Special) to use_no_semi.o(.text) for __I$use$semihosting
    sys_wrch.o(.text) refers (Special) to indicate_semi.o(.text) for __semihosting_library_function
    sys_wrch_hlt.o(.text) refers (Special) to use_no_semi.o(.text) for __I$use$semihosting
    sys_wrch_hlt.o(.text) refers (Special) to indicate_semi.o(.text) for __semihosting_library_function
    defsig.o(CL$$defsig) refers to defsig_rtmem_inner.o(.text) for __rt_SIGRTMEM_inner
    defsig_abrt_inner.o(.text) refers to defsig_general.o(.text) for __default_signal_display
    defsig_fpe_inner.o(.text) refers to defsig_general.o(.text) for __default_signal_display
    defsig_rtred_inner.o(.text) refers to defsig_general.o(.text) for __default_signal_display
    defsig_stak_inner.o(.text) refers to defsig_general.o(.text) for __default_signal_display
    defsig_pvfn_inner.o(.text) refers to defsig_general.o(.text) for __default_signal_display
    defsig_cppl_inner.o(.text) refers to defsig_general.o(.text) for __default_signal_display
    defsig_segv_inner.o(.text) refers to defsig_general.o(.text) for __default_signal_display
    defsig_other.o(.text) refers to defsig_general.o(.text) for __default_signal_display


==============================================================================

Removing Unused input sections from the image.

    Removing main.o(.text), (0 bytes).
    Removing main.o(.ARM.exidx.text.main), (8 bytes).
    Removing main.o(.ARM.use_no_argv), (4 bytes).
    Removing gpio_program.o(.text), (0 bytes).
    Removing gpio_program.o(.ARM.exidx.text.gpio_pin_init), (8 bytes).
    Removing gpio_program.o(.text.gpio_setPortVal), (52 bytes).
    Removing gpio_program.o(.ARM.exidx.text.gpio_setPortVal), (8 bytes).
    Removing gpio_program.o(.ARM.exidx.text.gpio_setPinVal), (8 bytes).
    Removing gpio_program.o(.text.gpio_togPinVal), (96 bytes).
    Removing gpio_program.o(.ARM.exidx.text.gpio_togPinVal), (8 bytes).
    Removing gpio_program.o(.text.gpio_getPinVal), (94 bytes).
    Removing gpio_program.o(.ARM.exidx.text.gpio_getPinVal), (8 bytes).
    Removing gpio_program.o(.text.gpio_enableInt), (124 bytes).
    Removing gpio_program.o(.ARM.exidx.text.gpio_enableInt), (8 bytes).
    Removing gpio_program.o(.text.gpio_disableInt), (84 bytes).
    Removing gpio_program.o(.ARM.exidx.text.gpio_disableInt), (8 bytes).
    Removing gpio_program.o(.text.gpio_setIntSense), (180 bytes).
    Removing gpio_program.o(.ARM.exidx.text.gpio_setIntSense), (8 bytes).
    Removing gpio_program.o(.text.gpio_setIntCallback), (74 bytes).
    Removing gpio_program.o(.ARM.exidx.text.gpio_setIntCallback), (8 bytes).
    Removing gpio_program.o(.ARM.exidx.text.GPIOA_Handler), (8 bytes).
    Removing gpio_program.o(.ARM.exidx.text.GPIOB_Handler), (8 bytes).
    Removing gpio_program.o(.ARM.exidx.text.GPIOC_Handler), (8 bytes).
    Removing gpio_program.o(.ARM.exidx.text.GPIOD_Handler), (8 bytes).
    Removing gpio_program.o(.ARM.exidx.text.GPIOE_Handler), (8 bytes).
    Removing gpio_program.o(.ARM.exidx.text.GPIOF_Handler), (8 bytes).
    Removing gpt_linking_cfg.o(.text), (0 bytes).
    Removing gpt_linking_cfg.o(.data.gl_st_gpt_lconfig_arr), (9 bytes).
    Removing gpt_program.o(.text), (0 bytes).
    Removing gpt_program.o(.text.gpt_init), (358 bytes).
    Removing gpt_program.o(.ARM.exidx.text.gpt_init), (8 bytes).
    Removing gpt_program.o(.text.gpt_enable_notification), (388 bytes).
    Removing gpt_program.o(.ARM.exidx.text.gpt_enable_notification), (8 bytes).
    Removing gpt_program.o(.text.gpt_start), (672 bytes).
    Removing gpt_program.o(.ARM.exidx.text.gpt_start), (8 bytes).
    Removing gpt_program.o(.text.gpt_stop), (462 bytes).
    Removing gpt_program.o(.ARM.exidx.text.gpt_stop), (8 bytes).
    Removing gpt_program.o(.text.gpt_get_elapsed_time), (4 bytes).
    Removing gpt_program.o(.ARM.exidx.text.gpt_get_elapsed_time), (8 bytes).
    Removing gpt_program.o(.text.gpt_get_remaining_time), (4 bytes).
    Removing gpt_program.o(.ARM.exidx.text.gpt_get_remaining_time), (8 bytes).
    Removing gpt_program.o(.text.gpt_set_callback), (32 bytes).
    Removing gpt_program.o(.ARM.exidx.text.gpt_set_callback), (8 bytes).
    Removing gpt_program.o(.text.gpt_disable_notification), (154 bytes).
    Removing gpt_program.o(.ARM.exidx.text.gpt_disable_notification), (8 bytes).
    Removing gpt_program.o(.ARM.exidx.text.TIMER0A_Handler), (8 bytes).
    Removing gpt_program.o(.ARM.exidx.text.TIMER1A_Handler), (8 bytes).
    Removing gpt_program.o(.ARM.exidx.text.TIMER2A_Handler), (8 bytes).
    Removing gpt_program.o(.ARM.exidx.text.TIMER3A_Handler), (8 bytes).
    Removing gpt_program.o(.ARM.exidx.text.TIMER4A_Handler), (8 bytes).
    Removing gpt_program.o(.ARM.exidx.text.TIMER5A_Handler), (8 bytes).
    Removing gpt_program.o(.ARM.exidx.text.WTIMER0A_Handler), (8 bytes).
    Removing gpt_program.o(.ARM.exidx.text.WTIMER1A_Handler), (8 bytes).
    Removing gpt_program.o(.ARM.exidx.text.WTIMER2A_Handler), (8 bytes).
    Removing gpt_program.o(.ARM.exidx.text.WTIMER3A_Handler), (8 bytes).
    Removing gpt_program.o(.ARM.exidx.text.WTIMER4A_Handler), (8 bytes).
    Removing gpt_program.o(.ARM.exidx.text.WTIMER5A_Handler), (8 bytes).
    Removing gpt_program.o(.bss.gl_gpt_initialized), (1 bytes).
    Removing btn_program.o(.text), (0 bytes).
    Removing led_program.o(.text), (0 bytes).
    Removing led_program.o(.ARM.exidx.text.led_init), (8 bytes).
    Removing led_program.o(.text.led_on), (38 bytes).
    Removing led_program.o(.ARM.exidx.text.led_on), (8 bytes).
    Removing led_program.o(.ARM.exidx.text.led_off), (8 bytes).
    Removing led_program.o(.text.led_toggle), (36 bytes).
    Removing led_program.o(.ARM.exidx.text.led_toggle), (8 bytes).
    Removing pwm_linking_cfg.o(.text), (0 bytes).
    Removing pwm_linking_cfg.o(.rodata.arr_gl_st_signal_cfg), (24 bytes).
    Removing pwm_program.o(.text), (0 bytes).
    Removing pwm_program.o(.text.pwm_init), (98 bytes).
    Removing pwm_program.o(.ARM.exidx.text.pwm_init), (8 bytes).
    Removing pwm_program.o(.text.pwm_adjust_signal), (136 bytes).
    Removing pwm_program.o(.ARM.exidx.text.pwm_adjust_signal), (8 bytes).
    Removing pwm_program.o(.text.pwm_start), (234 bytes).
    Removing pwm_program.o(.ARM.exidx.text.pwm_start), (8 bytes).
    Removing pwm_program.o(.text.pwm_timer_cbf), (116 bytes).
    Removing pwm_program.o(.ARM.exidx.text.pwm_timer_cbf), (8 bytes).
    Removing pwm_program.o(.text.pwm_stop), (118 bytes).
    Removing pwm_program.o(.ARM.exidx.text.pwm_stop), (8 bytes).
    Removing pwm_program.o(.bss.arr_gl_st_signal_state), (24 bytes).
    Removing pwm_program.o(.bss.u8_gl_active_channels), (1 bytes).
    Removing pwm_program.o(.bss.en_gl_active_channel_index), (1 bytes).
    Removing delay_program.o(.text), (0 bytes).
    Removing delay_program.o(.text.delay_init), (14 bytes).
    Removing delay_program.o(.ARM.exidx.text.delay_init), (8 bytes).
    Removing delay_program.o(.text.delay_start), (20 bytes).
    Removing delay_program.o(.ARM.exidx.text.delay_start), (8 bytes).
    Removing delay_program.o(.text.delay_stop), (16 bytes).
    Removing delay_program.o(.ARM.exidx.text.delay_stop), (8 bytes).
    Removing app_program.o(.text), (0 bytes).
    Removing app_program.o(.ARM.exidx.text.app_init), (8 bytes).
    Removing app_program.o(.ARM.exidx.text.app_start), (8 bytes).
    Removing system_tm4c123.o(.text), (0 bytes).
    Removing system_tm4c123.o(.text.SystemCoreClockUpdate), (280 bytes).
    Removing system_tm4c123.o(.ARM.exidx.text.SystemCoreClockUpdate), (8 bytes).
    Removing system_tm4c123.o(.ARM.exidx.text.SystemInit), (8 bytes).
    Removing system_tm4c123.o(.data.SystemCoreClock), (4 bytes).
    Removing system_tm4c123.o(.rodata..Lswitch.table.SystemCoreClockUpdate.1), (92 bytes).

98 unused section(s) (total 4460 bytes) removed from the image.

==============================================================================

Image Symbol Table

    Local Symbols

    Symbol Name                              Value     Ov Type        Size  Object(Section)

    ../clib/angel/boardlib.s                 0x00000000   Number         0  boardinit1.o ABSOLUTE
    ../clib/angel/boardlib.s                 0x00000000   Number         0  boardinit2.o ABSOLUTE
    ../clib/angel/boardlib.s                 0x00000000   Number         0  boardinit3.o ABSOLUTE
    ../clib/angel/boardlib.s                 0x00000000   Number         0  boardshut.o ABSOLUTE
    ../clib/angel/handlers.s                 0x00000000   Number         0  __scatter_zi.o ABSOLUTE
    ../clib/angel/kernel.s                   0x00000000   Number         0  __rtentry.o ABSOLUTE
    ../clib/angel/kernel.s                   0x00000000   Number         0  __rtentry2.o ABSOLUTE
    ../clib/angel/kernel.s                   0x00000000   Number         0  __rtentry4.o ABSOLUTE
    ../clib/angel/kernel.s                   0x00000000   Number         0  rtexit.o ABSOLUTE
    ../clib/angel/kernel.s                   0x00000000   Number         0  rtexit2.o ABSOLUTE
    ../clib/angel/rt.s                       0x00000000   Number         0  rt_raise.o ABSOLUTE
    ../clib/angel/scatter.s                  0x00000000   Number         0  __scatter.o ABSOLUTE
    ../clib/angel/startup.s                  0x00000000   Number         0  __main.o ABSOLUTE
    ../clib/angel/sys.s                      0x00000000   Number         0  sys_stackheap_outer.o ABSOLUTE
    ../clib/angel/sys.s                      0x00000000   Number         0  libspace.o ABSOLUTE
    ../clib/angel/sys.s                      0x00000000   Number         0  use_no_semi.o ABSOLUTE
    ../clib/angel/sys.s                      0x00000000   Number         0  indicate_semi.o ABSOLUTE
    ../clib/angel/sysapp.c                   0x00000000   Number         0  sys_exit.o ABSOLUTE
    ../clib/angel/sysapp.c                   0x00000000   Number         0  sys_exit_hlt.o ABSOLUTE
    ../clib/angel/sysapp.c                   0x00000000   Number         0  sys_command.o ABSOLUTE
    ../clib/angel/sysapp.c                   0x00000000   Number         0  sys_command_hlt.o ABSOLUTE
    ../clib/angel/sysapp.c                   0x00000000   Number         0  sys_wrch.o ABSOLUTE
    ../clib/angel/sysapp.c                   0x00000000   Number         0  sys_wrch_hlt.o ABSOLUTE
    ../clib/armsys.c                         0x00000000   Number         0  argv_veneer.o ABSOLUTE
    ../clib/armsys.c                         0x00000000   Number         0  argv_veneer.o ABSOLUTE
    ../clib/armsys.c                         0x00000000   Number         0  _get_argv_nomalloc.o ABSOLUTE
    ../clib/armsys.c                         0x00000000   Number         0  no_argv.o ABSOLUTE
    ../clib/heapalloc.c                      0x00000000   Number         0  hrguard.o ABSOLUTE
    ../clib/heapaux.c                        0x00000000   Number         0  heapauxi.o ABSOLUTE
    ../clib/libinit.s                        0x00000000   Number         0  libinit.o ABSOLUTE
    ../clib/libinit.s                        0x00000000   Number         0  libinit2.o ABSOLUTE
    ../clib/libinit.s                        0x00000000   Number         0  libshutdown.o ABSOLUTE
    ../clib/libinit.s                        0x00000000   Number         0  libshutdown2.o ABSOLUTE
    ../clib/signal.c                         0x00000000   Number         0  defsig_rtmem_outer.o ABSOLUTE
    ../clib/signal.c                         0x00000000   Number         0  defsig_rtmem_formal.o ABSOLUTE
    ../clib/signal.c                         0x00000000   Number         0  defsig_exit.o ABSOLUTE
    ../clib/signal.c                         0x00000000   Number         0  defsig_rtmem_inner.o ABSOLUTE
    ../clib/signal.c                         0x00000000   Number         0  __raise.o ABSOLUTE
    ../clib/signal.c                         0x00000000   Number         0  defsig_general.o ABSOLUTE
    ../clib/signal.c                         0x00000000   Number         0  defsig_abrt_inner.o ABSOLUTE
    ../clib/signal.c                         0x00000000   Number         0  defsig_fpe_inner.o ABSOLUTE
    ../clib/signal.c                         0x00000000   Number         0  defsig_rtred_inner.o ABSOLUTE
    ../clib/signal.c                         0x00000000   Number         0  defsig_stak_inner.o ABSOLUTE
    ../clib/signal.c                         0x00000000   Number         0  defsig_pvfn_inner.o ABSOLUTE
    ../clib/signal.c                         0x00000000   Number         0  defsig_cppl_inner.o ABSOLUTE
    ../clib/signal.c                         0x00000000   Number         0  defsig_segv_inner.o ABSOLUTE
    ../clib/signal.c                         0x00000000   Number         0  defsig_other.o ABSOLUTE
    ../clib/signal.s                         0x00000000   Number         0  defsig.o ABSOLUTE
    ../clib/stdlib.c                         0x00000000   Number         0  exit.o ABSOLUTE
    ../fplib/daddsub.s                       0x00000000   Number         0  daddsub_clz.o ABSOLUTE
    ../fplib/dcmp.s                          0x00000000   Number         0  dcmp.o ABSOLUTE
    ../fplib/dcmpi.s                         0x00000000   Number         0  dcmpi.o ABSOLUTE
    ../fplib/ddiv.s                          0x00000000   Number         0  ddiv.o ABSOLUTE
    ../fplib/deqf.s                          0x00000000   Number         0  deqf.o ABSOLUTE
    ../fplib/dfix.s                          0x00000000   Number         0  dfix.o ABSOLUTE
    ../fplib/dflt.s                          0x00000000   Number         0  dflt_clz.o ABSOLUTE
    ../fplib/dgeqf.s                         0x00000000   Number         0  dgeqf.o ABSOLUTE
    ../fplib/dleqf.s                         0x00000000   Number         0  dleqf.o ABSOLUTE
    ../fplib/dmul.s                          0x00000000   Number         0  dmul.o ABSOLUTE
    ../fplib/dnaninf.s                       0x00000000   Number         0  dnaninf.o ABSOLUTE
    ../fplib/dretinf.s                       0x00000000   Number         0  dretinf.o ABSOLUTE
    ../fplib/fpinit.s                        0x00000000   Number         0  fpinit.o ABSOLUTE
    ../fplib/usenofp.s                       0x00000000   Number         0  usenofp.o ABSOLUTE
    RTE/Device/TM4C123GH6PM/startup_TM4C123.s 0x00000000   Number         0  startup_tm4c123.o ABSOLUTE
    app_program.c                            0x00000000   Number         0  app_program.o ABSOLUTE
    btn_program.c                            0x00000000   Number         0  btn_program.o ABSOLUTE
    dc.s                                     0x00000000   Number         0  dc.o ABSOLUTE
    delay_program.c                          0x00000000   Number         0  delay_program.o ABSOLUTE
    gpio_program.c                           0x00000000   Number         0  gpio_program.o ABSOLUTE
    gpt_linking_cfg.c                        0x00000000   Number         0  gpt_linking_cfg.o ABSOLUTE
    gpt_program.c                            0x00000000   Number         0  gpt_program.o ABSOLUTE
    led_program.c                            0x00000000   Number         0  led_program.o ABSOLUTE
    main.c                                   0x00000000   Number         0  main.o ABSOLUTE
    pwm_linking_cfg.c                        0x00000000   Number         0  pwm_linking_cfg.o ABSOLUTE
    pwm_program.c                            0x00000000   Number         0  pwm_program.o ABSOLUTE
    system_TM4C123.c                         0x00000000   Number         0  system_tm4c123.o ABSOLUTE
    RESET                                    0x00000000   Section      620  startup_tm4c123.o(RESET)
    !!!main                                  0x0000026c   Section        8  __main.o(!!!main)
    !!!scatter                               0x00000274   Section       52  __scatter.o(!!!scatter)
    !!handler_zi                             0x000002a8   Section       28  __scatter_zi.o(!!handler_zi)
    .ARM.Collect$$libinit$$00000000          0x000002c4   Section        2  libinit.o(.ARM.Collect$$libinit$$00000000)
    .ARM.Collect$$libinit$$00000001          0x000002c6   Section        4  libinit2.o(.ARM.Collect$$libinit$$00000001)
    .ARM.Collect$$libinit$$00000004          0x000002ca   Section        0  libinit2.o(.ARM.Collect$$libinit$$00000004)
    .ARM.Collect$$libinit$$00000006          0x000002ca   Section        0  libinit2.o(.ARM.Collect$$libinit$$00000006)
    .ARM.Collect$$libinit$$0000000C          0x000002ca   Section        0  libinit2.o(.ARM.Collect$$libinit$$0000000C)
    .ARM.Collect$$libinit$$0000000E          0x000002ca   Section        0  libinit2.o(.ARM.Collect$$libinit$$0000000E)
    .ARM.Collect$$libinit$$00000010          0x000002ca   Section        0  libinit2.o(.ARM.Collect$$libinit$$00000010)
    .ARM.Collect$$libinit$$00000013          0x000002ca   Section        0  libinit2.o(.ARM.Collect$$libinit$$00000013)
    .ARM.Collect$$libinit$$00000015          0x000002ca   Section        0  libinit2.o(.ARM.Collect$$libinit$$00000015)
    .ARM.Collect$$libinit$$00000017          0x000002ca   Section        0  libinit2.o(.ARM.Collect$$libinit$$00000017)
    .ARM.Collect$$libinit$$00000019          0x000002ca   Section        0  libinit2.o(.ARM.Collect$$libinit$$00000019)
    .ARM.Collect$$libinit$$0000001B          0x000002ca   Section        0  libinit2.o(.ARM.Collect$$libinit$$0000001B)
    .ARM.Collect$$libinit$$0000001D          0x000002ca   Section        0  libinit2.o(.ARM.Collect$$libinit$$0000001D)
    .ARM.Collect$$libinit$$0000001F          0x000002ca   Section        0  libinit2.o(.ARM.Collect$$libinit$$0000001F)
    .ARM.Collect$$libinit$$00000021          0x000002ca   Section        0  libinit2.o(.ARM.Collect$$libinit$$00000021)
    .ARM.Collect$$libinit$$00000023          0x000002ca   Section        0  libinit2.o(.ARM.Collect$$libinit$$00000023)
    .ARM.Collect$$libinit$$00000025          0x000002ca   Section        0  libinit2.o(.ARM.Collect$$libinit$$00000025)
    .ARM.Collect$$libinit$$00000027          0x000002ca   Section        0  libinit2.o(.ARM.Collect$$libinit$$00000027)
    .ARM.Collect$$libinit$$0000002E          0x000002ca   Section        0  libinit2.o(.ARM.Collect$$libinit$$0000002E)
    .ARM.Collect$$libinit$$00000030          0x000002ca   Section        0  libinit2.o(.ARM.Collect$$libinit$$00000030)
    .ARM.Collect$$libinit$$00000032          0x000002ca   Section        0  libinit2.o(.ARM.Collect$$libinit$$00000032)
    .ARM.Collect$$libinit$$00000034          0x000002ca   Section        0  libinit2.o(.ARM.Collect$$libinit$$00000034)
    .ARM.Collect$$libinit$$00000035          0x000002ca   Section        2  libinit2.o(.ARM.Collect$$libinit$$00000035)
    .ARM.Collect$$libshutdown$$00000000      0x000002cc   Section        2  libshutdown.o(.ARM.Collect$$libshutdown$$00000000)
    .ARM.Collect$$libshutdown$$00000002      0x000002ce   Section        0  libshutdown2.o(.ARM.Collect$$libshutdown$$00000002)
    .ARM.Collect$$libshutdown$$00000004      0x000002ce   Section        0  libshutdown2.o(.ARM.Collect$$libshutdown$$00000004)
    .ARM.Collect$$libshutdown$$00000007      0x000002ce   Section        0  libshutdown2.o(.ARM.Collect$$libshutdown$$00000007)
    .ARM.Collect$$libshutdown$$0000000A      0x000002ce   Section        0  libshutdown2.o(.ARM.Collect$$libshutdown$$0000000A)
    .ARM.Collect$$libshutdown$$0000000C      0x000002ce   Section        0  libshutdown2.o(.ARM.Collect$$libshutdown$$0000000C)
    .ARM.Collect$$libshutdown$$0000000F      0x000002ce   Section        0  libshutdown2.o(.ARM.Collect$$libshutdown$$0000000F)
    .ARM.Collect$$libshutdown$$00000010      0x000002ce   Section        2  libshutdown2.o(.ARM.Collect$$libshutdown$$00000010)
    .ARM.Collect$$rtentry$$00000000          0x000002d0   Section        0  __rtentry.o(.ARM.Collect$$rtentry$$00000000)
    .ARM.Collect$$rtentry$$00000002          0x000002d0   Section        0  __rtentry2.o(.ARM.Collect$$rtentry$$00000002)
    .ARM.Collect$$rtentry$$00000004          0x000002d0   Section        6  __rtentry4.o(.ARM.Collect$$rtentry$$00000004)
    .ARM.Collect$$rtentry$$00000009          0x000002d6   Section        0  __rtentry2.o(.ARM.Collect$$rtentry$$00000009)
    .ARM.Collect$$rtentry$$0000000A          0x000002d6   Section        4  __rtentry2.o(.ARM.Collect$$rtentry$$0000000A)
    .ARM.Collect$$rtentry$$0000000C          0x000002da   Section        0  __rtentry2.o(.ARM.Collect$$rtentry$$0000000C)
    .ARM.Collect$$rtentry$$0000000D          0x000002da   Section        8  __rtentry2.o(.ARM.Collect$$rtentry$$0000000D)
    .ARM.Collect$$rtexit$$00000000           0x000002e2   Section        2  rtexit.o(.ARM.Collect$$rtexit$$00000000)
    .ARM.Collect$$rtexit$$00000002           0x000002e4   Section        0  rtexit2.o(.ARM.Collect$$rtexit$$00000002)
    .ARM.Collect$$rtexit$$00000003           0x000002e4   Section        4  rtexit2.o(.ARM.Collect$$rtexit$$00000003)
    .ARM.Collect$$rtexit$$00000004           0x000002e8   Section        6  rtexit2.o(.ARM.Collect$$rtexit$$00000004)
    $v0                                      0x000002f0   Number         0  startup_tm4c123.o(.text)
    .text                                    0x000002f0   Section      276  startup_tm4c123.o(.text)
    .text                                    0x00000404   Section        0  heapauxi.o(.text)
    .text                                    0x0000040a   Section       74  sys_stackheap_outer.o(.text)
    .text                                    0x00000454   Section        0  exit.o(.text)
    .text                                    0x00000468   Section        8  libspace.o(.text)
    .text                                    0x00000470   Section        0  sys_exit.o(.text)
    .text                                    0x0000047c   Section        2  use_no_semi.o(.text)
    .text                                    0x0000047e   Section        0  indicate_semi.o(.text)
    [Anonymous Symbol]                       0x00000480   Section        0  gpio_program.o(.text.GPIOA_Handler)
    [Anonymous Symbol]                       0x00000528   Section        0  gpio_program.o(.text.GPIOB_Handler)
    [Anonymous Symbol]                       0x000005d0   Section        0  gpio_program.o(.text.GPIOC_Handler)
    [Anonymous Symbol]                       0x00000678   Section        0  gpio_program.o(.text.GPIOD_Handler)
    [Anonymous Symbol]                       0x00000720   Section        0  gpio_program.o(.text.GPIOE_Handler)
    [Anonymous Symbol]                       0x000007cc   Section        0  gpio_program.o(.text.GPIOF_Handler)
    [Anonymous Symbol]                       0x0000084c   Section        0  system_tm4c123.o(.text.SystemInit)
    [Anonymous Symbol]                       0x000008a0   Section        0  gpt_program.o(.text.TIMER0A_Handler)
    [Anonymous Symbol]                       0x000008c4   Section        0  gpt_program.o(.text.TIMER1A_Handler)
    [Anonymous Symbol]                       0x000008e8   Section        0  gpt_program.o(.text.TIMER2A_Handler)
    [Anonymous Symbol]                       0x0000090c   Section        0  gpt_program.o(.text.TIMER3A_Handler)
    [Anonymous Symbol]                       0x00000930   Section        0  gpt_program.o(.text.TIMER4A_Handler)
    [Anonymous Symbol]                       0x00000954   Section        0  gpt_program.o(.text.TIMER5A_Handler)
    [Anonymous Symbol]                       0x00000978   Section        0  gpt_program.o(.text.WTIMER0A_Handler)
    [Anonymous Symbol]                       0x0000099c   Section        0  gpt_program.o(.text.WTIMER1A_Handler)
    [Anonymous Symbol]                       0x000009c0   Section        0  gpt_program.o(.text.WTIMER2A_Handler)
    [Anonymous Symbol]                       0x000009e4   Section        0  gpt_program.o(.text.WTIMER3A_Handler)
    [Anonymous Symbol]                       0x00000a08   Section        0  gpt_program.o(.text.WTIMER4A_Handler)
    [Anonymous Symbol]                       0x00000a2c   Section        0  gpt_program.o(.text.WTIMER5A_Handler)
    [Anonymous Symbol]                       0x00000a50   Section        0  app_program.o(.text.app_init)
    [Anonymous Symbol]                       0x00000a80   Section        0  app_program.o(.text.app_start)
    [Anonymous Symbol]                       0x00000a84   Section        0  gpio_program.o(.text.gpio_pin_init)
    [Anonymous Symbol]                       0x00000ccc   Section        0  gpio_program.o(.text.gpio_setPinVal)
    [Anonymous Symbol]                       0x00000d4c   Section        0  led_program.o(.text.led_init)
    [Anonymous Symbol]                       0x00000d84   Section        0  led_program.o(.text.led_off)
    [Anonymous Symbol]                       0x00000dac   Section        0  main.o(.text.main)
    $v0                                      0x00000dbe   Number         0  fpinit.o(x$fpl$fpinit)
    x$fpl$fpinit                             0x00000dbe   Section       26  fpinit.o(x$fpl$fpinit)
    .bss                                     0x20000000   Section       96  libspace.o(.bss)
    gl_callbacks_array                       0x20000120   Data          48  gpt_program.o(.bss.gl_callbacks_array)
    [Anonymous Symbol]                       0x20000120   Section        0  gpt_program.o(.bss.gl_callbacks_array)
    Heap_Mem                                 0x20000150   Data           0  startup_tm4c123.o(HEAP)
    Stack_Mem                                0x20000150   Data         512  startup_tm4c123.o(STACK)
    HEAP                                     0x20000150   Section        0  startup_tm4c123.o(HEAP)
    STACK                                    0x20000150   Section      512  startup_tm4c123.o(STACK)
    __initial_sp                             0x20000350   Data           0  startup_tm4c123.o(STACK)

    Global Symbols

    Symbol Name                              Value     Ov Type        Size  Object(Section)

    BuildAttributes$$THM_ISAv4$E$P$D$K$B$S$7EM$VFPi3$EXTD16$VFPS$VFMA$PE$A:L22UL41UL21$X:L11$S22US41US21$IEEE1$IW$~IW$USESV6$~STKCKD$USESV7$~SHL$OTIME$ROPI$EBA8$UX$STANDARDLIB$REQ8$PRES8$EABIv2 0x00000000   Number         0  anon$$obj.o ABSOLUTE
    __Vectors                                0x00000000   Data           4  startup_tm4c123.o(RESET)
    __ARM_exceptions_init                     - Undefined Weak Reference
    __alloca_initialize                       - Undefined Weak Reference
    __arm_preinit_                            - Undefined Weak Reference
    __arm_relocate_pie_                       - Undefined Weak Reference
    __cpp_initialize__aeabi_                  - Undefined Weak Reference
    __cxa_finalize                            - Undefined Weak Reference
    __rt_locale                               - Undefined Weak Reference
    __sigvec_lookup                           - Undefined Weak Reference
    _atexit_init                              - Undefined Weak Reference
    _call_atexit_fns                          - Undefined Weak Reference
    _clock_init                               - Undefined Weak Reference
    _fp_trap_init                             - Undefined Weak Reference
    _fp_trap_shutdown                         - Undefined Weak Reference
    _get_lc_collate                           - Undefined Weak Reference
    _get_lc_ctype                             - Undefined Weak Reference
    _get_lc_monetary                          - Undefined Weak Reference
    _get_lc_numeric                           - Undefined Weak Reference
    _get_lc_time                              - Undefined Weak Reference
    _getenv_init                              - Undefined Weak Reference
    _handle_redirection                       - Undefined Weak Reference
    _init_alloc                               - Undefined Weak Reference
    _init_user_alloc                          - Undefined Weak Reference
    _initio                                   - Undefined Weak Reference
    _rand_init                                - Undefined Weak Reference
    _signal_finish                            - Undefined Weak Reference
    _signal_init                              - Undefined Weak Reference
    _terminate_alloc                          - Undefined Weak Reference
    _terminate_user_alloc                     - Undefined Weak Reference
    _terminateio                              - Undefined Weak Reference
    __Vectors_End                            0x0000026c   Data           0  startup_tm4c123.o(RESET)
    __Vectors_Size                           0x0000026c   Number         0  startup_tm4c123.o ABSOLUTE
    __main                                   0x0000026d   Thumb Code     8  __main.o(!!!main)
    __scatterload                            0x00000275   Thumb Code     0  __scatter.o(!!!scatter)
    __scatterload_rt2                        0x00000275   Thumb Code    44  __scatter.o(!!!scatter)
    __scatterload_rt2_thumb_only             0x00000275   Thumb Code     0  __scatter.o(!!!scatter)
    __scatterload_null                       0x00000283   Thumb Code     0  __scatter.o(!!!scatter)
    __scatterload_zeroinit                   0x000002a9   Thumb Code    28  __scatter_zi.o(!!handler_zi)
    __rt_lib_init                            0x000002c5   Thumb Code     0  libinit.o(.ARM.Collect$$libinit$$00000000)
    __rt_lib_init_fp_1                       0x000002c7   Thumb Code     0  libinit2.o(.ARM.Collect$$libinit$$00000001)
    __rt_lib_init_alloca_1                   0x000002cb   Thumb Code     0  libinit2.o(.ARM.Collect$$libinit$$00000030)
    __rt_lib_init_argv_1                     0x000002cb   Thumb Code     0  libinit2.o(.ARM.Collect$$libinit$$0000002E)
    __rt_lib_init_atexit_1                   0x000002cb   Thumb Code     0  libinit2.o(.ARM.Collect$$libinit$$0000001D)
    __rt_lib_init_clock_1                    0x000002cb   Thumb Code     0  libinit2.o(.ARM.Collect$$libinit$$00000023)
    __rt_lib_init_cpp_1                      0x000002cb   Thumb Code     0  libinit2.o(.ARM.Collect$$libinit$$00000034)
    __rt_lib_init_exceptions_1               0x000002cb   Thumb Code     0  libinit2.o(.ARM.Collect$$libinit$$00000032)
    __rt_lib_init_fp_trap_1                  0x000002cb   Thumb Code     0  libinit2.o(.ARM.Collect$$libinit$$00000021)
    __rt_lib_init_getenv_1                   0x000002cb   Thumb Code     0  libinit2.o(.ARM.Collect$$libinit$$00000025)
    __rt_lib_init_heap_1                     0x000002cb   Thumb Code     0  libinit2.o(.ARM.Collect$$libinit$$0000000C)
    __rt_lib_init_lc_collate_1               0x000002cb   Thumb Code     0  libinit2.o(.ARM.Collect$$libinit$$00000013)
    __rt_lib_init_lc_ctype_1                 0x000002cb   Thumb Code     0  libinit2.o(.ARM.Collect$$libinit$$00000015)
    __rt_lib_init_lc_monetary_1              0x000002cb   Thumb Code     0  libinit2.o(.ARM.Collect$$libinit$$00000017)
    __rt_lib_init_lc_numeric_1               0x000002cb   Thumb Code     0  libinit2.o(.ARM.Collect$$libinit$$00000019)
    __rt_lib_init_lc_time_1                  0x000002cb   Thumb Code     0  libinit2.o(.ARM.Collect$$libinit$$0000001B)
    __rt_lib_init_preinit_1                  0x000002cb   Thumb Code     0  libinit2.o(.ARM.Collect$$libinit$$00000006)
    __rt_lib_init_rand_1                     0x000002cb   Thumb Code     0  libinit2.o(.ARM.Collect$$libinit$$00000010)
    __rt_lib_init_relocate_pie_1             0x000002cb   Thumb Code     0  libinit2.o(.ARM.Collect$$libinit$$00000004)
    __rt_lib_init_return                     0x000002cb   Thumb Code     0  libinit2.o(.ARM.Collect$$libinit$$00000035)
    __rt_lib_init_signal_1                   0x000002cb   Thumb Code     0  libinit2.o(.ARM.Collect$$libinit$$0000001F)
    __rt_lib_init_stdio_1                    0x000002cb   Thumb Code     0  libinit2.o(.ARM.Collect$$libinit$$00000027)
    __rt_lib_init_user_alloc_1               0x000002cb   Thumb Code     0  libinit2.o(.ARM.Collect$$libinit$$0000000E)
    __rt_lib_shutdown                        0x000002cd   Thumb Code     0  libshutdown.o(.ARM.Collect$$libshutdown$$00000000)
    __rt_lib_shutdown_cpp_1                  0x000002cf   Thumb Code     0  libshutdown2.o(.ARM.Collect$$libshutdown$$00000002)
    __rt_lib_shutdown_fp_trap_1              0x000002cf   Thumb Code     0  libshutdown2.o(.ARM.Collect$$libshutdown$$00000007)
    __rt_lib_shutdown_heap_1                 0x000002cf   Thumb Code     0  libshutdown2.o(.ARM.Collect$$libshutdown$$0000000F)
    __rt_lib_shutdown_return                 0x000002cf   Thumb Code     0  libshutdown2.o(.ARM.Collect$$libshutdown$$00000010)
    __rt_lib_shutdown_signal_1               0x000002cf   Thumb Code     0  libshutdown2.o(.ARM.Collect$$libshutdown$$0000000A)
    __rt_lib_shutdown_stdio_1                0x000002cf   Thumb Code     0  libshutdown2.o(.ARM.Collect$$libshutdown$$00000004)
    __rt_lib_shutdown_user_alloc_1           0x000002cf   Thumb Code     0  libshutdown2.o(.ARM.Collect$$libshutdown$$0000000C)
    __rt_entry                               0x000002d1   Thumb Code     0  __rtentry.o(.ARM.Collect$$rtentry$$00000000)
    __rt_entry_presh_1                       0x000002d1   Thumb Code     0  __rtentry2.o(.ARM.Collect$$rtentry$$00000002)
    __rt_entry_sh                            0x000002d1   Thumb Code     0  __rtentry4.o(.ARM.Collect$$rtentry$$00000004)
    __rt_entry_li                            0x000002d7   Thumb Code     0  __rtentry2.o(.ARM.Collect$$rtentry$$0000000A)
    __rt_entry_postsh_1                      0x000002d7   Thumb Code     0  __rtentry2.o(.ARM.Collect$$rtentry$$00000009)
    __rt_entry_main                          0x000002db   Thumb Code     0  __rtentry2.o(.ARM.Collect$$rtentry$$0000000D)
    __rt_entry_postli_1                      0x000002db   Thumb Code     0  __rtentry2.o(.ARM.Collect$$rtentry$$0000000C)
    __rt_exit                                0x000002e3   Thumb Code     0  rtexit.o(.ARM.Collect$$rtexit$$00000000)
    __rt_exit_ls                             0x000002e5   Thumb Code     0  rtexit2.o(.ARM.Collect$$rtexit$$00000003)
    __rt_exit_prels_1                        0x000002e5   Thumb Code     0  rtexit2.o(.ARM.Collect$$rtexit$$00000002)
    __rt_exit_exit                           0x000002e9   Thumb Code     0  rtexit2.o(.ARM.Collect$$rtexit$$00000004)
    Reset_Handler                            0x000002f1   Thumb Code     8  startup_tm4c123.o(.text)
    NMI_Handler                              0x000002f9   Thumb Code     2  startup_tm4c123.o(.text)
    HardFault_Handler                        0x000002fb   Thumb Code     2  startup_tm4c123.o(.text)
    MemManage_Handler                        0x000002fd   Thumb Code     2  startup_tm4c123.o(.text)
    BusFault_Handler                         0x000002ff   Thumb Code     2  startup_tm4c123.o(.text)
    UsageFault_Handler                       0x00000301   Thumb Code     2  startup_tm4c123.o(.text)
    SVC_Handler                              0x00000303   Thumb Code     2  startup_tm4c123.o(.text)
    DebugMon_Handler                         0x00000305   Thumb Code     2  startup_tm4c123.o(.text)
    PendSV_Handler                           0x00000307   Thumb Code     2  startup_tm4c123.o(.text)
    SysTick_Handler                          0x00000309   Thumb Code     2  startup_tm4c123.o(.text)
    UART0_Handler                            0x00000315   Thumb Code     2  startup_tm4c123.o(.text)
    UART1_Handler                            0x00000317   Thumb Code     2  startup_tm4c123.o(.text)
    SSI0_Handler                             0x00000319   Thumb Code     2  startup_tm4c123.o(.text)
    I2C0_Handler                             0x0000031b   Thumb Code     2  startup_tm4c123.o(.text)
    PMW0_FAULT_Handler                       0x0000031d   Thumb Code     2  startup_tm4c123.o(.text)
    PWM0_0_Handler                           0x0000031f   Thumb Code     2  startup_tm4c123.o(.text)
    PWM0_1_Handler                           0x00000321   Thumb Code     2  startup_tm4c123.o(.text)
    PWM0_2_Handler                           0x00000323   Thumb Code     2  startup_tm4c123.o(.text)
    QEI0_Handler                             0x00000325   Thumb Code     2  startup_tm4c123.o(.text)
    ADC0SS0_Handler                          0x00000327   Thumb Code     2  startup_tm4c123.o(.text)
    ADC0SS1_Handler                          0x00000329   Thumb Code     2  startup_tm4c123.o(.text)
    ADC0SS2_Handler                          0x0000032b   Thumb Code     2  startup_tm4c123.o(.text)
    ADC0SS3_Handler                          0x0000032d   Thumb Code     2  startup_tm4c123.o(.text)
    WDT0_Handler                             0x0000032f   Thumb Code     2  startup_tm4c123.o(.text)
    TIMER0B_Handler                          0x00000333   Thumb Code     2  startup_tm4c123.o(.text)
    TIMER1B_Handler                          0x00000337   Thumb Code     2  startup_tm4c123.o(.text)
    TIMER2B_Handler                          0x0000033b   Thumb Code     2  startup_tm4c123.o(.text)
    COMP0_Handler                            0x0000033d   Thumb Code     2  startup_tm4c123.o(.text)
    COMP1_Handler                            0x0000033f   Thumb Code     2  startup_tm4c123.o(.text)
    COMP2_Handler                            0x00000341   Thumb Code     2  startup_tm4c123.o(.text)
    SYSCTL_Handler                           0x00000343   Thumb Code     2  startup_tm4c123.o(.text)
    FLASH_Handler                            0x00000345   Thumb Code     2  startup_tm4c123.o(.text)
    GPIOG_Handler                            0x00000349   Thumb Code     2  startup_tm4c123.o(.text)
    GPIOH_Handler                            0x0000034b   Thumb Code     2  startup_tm4c123.o(.text)
    UART2_Handler                            0x0000034d   Thumb Code     2  startup_tm4c123.o(.text)
    SSI1_Handler                             0x0000034f   Thumb Code     2  startup_tm4c123.o(.text)
    TIMER3B_Handler                          0x00000353   Thumb Code     2  startup_tm4c123.o(.text)
    I2C1_Handler                             0x00000355   Thumb Code     2  startup_tm4c123.o(.text)
    QEI1_Handler                             0x00000357   Thumb Code     2  startup_tm4c123.o(.text)
    CAN0_Handler                             0x00000359   Thumb Code     2  startup_tm4c123.o(.text)
    CAN1_Handler                             0x0000035b   Thumb Code     2  startup_tm4c123.o(.text)
    CAN2_Handler                             0x0000035d   Thumb Code     2  startup_tm4c123.o(.text)
    HIB_Handler                              0x0000035f   Thumb Code     2  startup_tm4c123.o(.text)
    USB0_Handler                             0x00000361   Thumb Code     2  startup_tm4c123.o(.text)
    PWM0_3_Handler                           0x00000363   Thumb Code     2  startup_tm4c123.o(.text)
    UDMA_Handler                             0x00000365   Thumb Code     2  startup_tm4c123.o(.text)
    UDMAERR_Handler                          0x00000367   Thumb Code     2  startup_tm4c123.o(.text)
    ADC1SS0_Handler                          0x00000369   Thumb Code     2  startup_tm4c123.o(.text)
    ADC1SS1_Handler                          0x0000036b   Thumb Code     2  startup_tm4c123.o(.text)
    ADC1SS2_Handler                          0x0000036d   Thumb Code     2  startup_tm4c123.o(.text)
    ADC1SS3_Handler                          0x0000036f   Thumb Code     2  startup_tm4c123.o(.text)
    GPIOJ_Handler                            0x00000371   Thumb Code     2  startup_tm4c123.o(.text)
    GPIOK_Handler                            0x00000373   Thumb Code     2  startup_tm4c123.o(.text)
    GPIOL_Handler                            0x00000375   Thumb Code     2  startup_tm4c123.o(.text)
    SSI2_Handler                             0x00000377   Thumb Code     2  startup_tm4c123.o(.text)
    SSI3_Handler                             0x00000379   Thumb Code     2  startup_tm4c123.o(.text)
    UART3_Handler                            0x0000037b   Thumb Code     2  startup_tm4c123.o(.text)
    UART4_Handler                            0x0000037d   Thumb Code     2  startup_tm4c123.o(.text)
    UART5_Handler                            0x0000037f   Thumb Code     2  startup_tm4c123.o(.text)
    UART6_Handler                            0x00000381   Thumb Code     2  startup_tm4c123.o(.text)
    UART7_Handler                            0x00000383   Thumb Code     2  startup_tm4c123.o(.text)
    I2C2_Handler                             0x00000385   Thumb Code     2  startup_tm4c123.o(.text)
    I2C3_Handler                             0x00000387   Thumb Code     2  startup_tm4c123.o(.text)
    TIMER4B_Handler                          0x0000038b   Thumb Code     2  startup_tm4c123.o(.text)
    TIMER5B_Handler                          0x0000038f   Thumb Code     2  startup_tm4c123.o(.text)
    WTIMER0B_Handler                         0x00000393   Thumb Code     2  startup_tm4c123.o(.text)
    WTIMER1B_Handler                         0x00000397   Thumb Code     2  startup_tm4c123.o(.text)
    WTIMER2B_Handler                         0x0000039b   Thumb Code     2  startup_tm4c123.o(.text)
    WTIMER3B_Handler                         0x0000039f   Thumb Code     2  startup_tm4c123.o(.text)
    WTIMER4B_Handler                         0x000003a3   Thumb Code     2  startup_tm4c123.o(.text)
    WTIMER5B_Handler                         0x000003a7   Thumb Code     2  startup_tm4c123.o(.text)
    FPU_Handler                              0x000003a9   Thumb Code     2  startup_tm4c123.o(.text)
    I2C4_Handler                             0x000003ab   Thumb Code     2  startup_tm4c123.o(.text)
    I2C5_Handler                             0x000003ad   Thumb Code     2  startup_tm4c123.o(.text)
    GPIOM_Handler                            0x000003af   Thumb Code     2  startup_tm4c123.o(.text)
    GPION_Handler                            0x000003b1   Thumb Code     2  startup_tm4c123.o(.text)
    QEI2_Handler                             0x000003b3   Thumb Code     2  startup_tm4c123.o(.text)
    GPIOP0_Handler                           0x000003b5   Thumb Code     2  startup_tm4c123.o(.text)
    GPIOP1_Handler                           0x000003b7   Thumb Code     2  startup_tm4c123.o(.text)
    GPIOP2_Handler                           0x000003b9   Thumb Code     2  startup_tm4c123.o(.text)
    GPIOP3_Handler                           0x000003bb   Thumb Code     2  startup_tm4c123.o(.text)
    GPIOP4_Handler                           0x000003bd   Thumb Code     2  startup_tm4c123.o(.text)
    GPIOP5_Handler                           0x000003bf   Thumb Code     2  startup_tm4c123.o(.text)
    GPIOP6_Handler                           0x000003c1   Thumb Code     2  startup_tm4c123.o(.text)
    GPIOP7_Handler                           0x000003c3   Thumb Code     2  startup_tm4c123.o(.text)
    GPIOQ0_Handler                           0x000003c5   Thumb Code     2  startup_tm4c123.o(.text)
    GPIOQ1_Handler                           0x000003c7   Thumb Code     2  startup_tm4c123.o(.text)
    GPIOQ2_Handler                           0x000003c9   Thumb Code     2  startup_tm4c123.o(.text)
    GPIOQ3_Handler                           0x000003cb   Thumb Code     2  startup_tm4c123.o(.text)
    GPIOQ4_Handler                           0x000003cd   Thumb Code     2  startup_tm4c123.o(.text)
    GPIOQ5_Handler                           0x000003cf   Thumb Code     2  startup_tm4c123.o(.text)
    GPIOQ6_Handler                           0x000003d1   Thumb Code     2  startup_tm4c123.o(.text)
    GPIOQ7_Handler                           0x000003d3   Thumb Code     2  startup_tm4c123.o(.text)
    GPIOR_Handler                            0x000003d5   Thumb Code     2  startup_tm4c123.o(.text)
    GPIOS_Handler                            0x000003d7   Thumb Code     2  startup_tm4c123.o(.text)
    PMW1_0_Handler                           0x000003d9   Thumb Code     2  startup_tm4c123.o(.text)
    PWM1_1_Handler                           0x000003db   Thumb Code     2  startup_tm4c123.o(.text)
    PWM1_2_Handler                           0x000003dd   Thumb Code     2  startup_tm4c123.o(.text)
    PWM1_3_Handler                           0x000003df   Thumb Code     2  startup_tm4c123.o(.text)
    PWM1_FAULT_Handler                       0x000003e1   Thumb Code     2  startup_tm4c123.o(.text)
    __user_initial_stackheap                 0x000003e5   Thumb Code     0  startup_tm4c123.o(.text)
    __use_two_region_memory                  0x00000405   Thumb Code     2  heapauxi.o(.text)
    __rt_heap_escrow$2region                 0x00000407   Thumb Code     2  heapauxi.o(.text)
    __rt_heap_expand$2region                 0x00000409   Thumb Code     2  heapauxi.o(.text)
    __user_setup_stackheap                   0x0000040b   Thumb Code    74  sys_stackheap_outer.o(.text)
    exit                                     0x00000455   Thumb Code    18  exit.o(.text)
    __user_libspace                          0x00000469   Thumb Code     8  libspace.o(.text)
    __user_perproc_libspace                  0x00000469   Thumb Code     0  libspace.o(.text)
    __user_perthread_libspace                0x00000469   Thumb Code     0  libspace.o(.text)
    _sys_exit                                0x00000471   Thumb Code     8  sys_exit.o(.text)
    __I$use$semihosting                      0x0000047d   Thumb Code     0  use_no_semi.o(.text)
    __use_no_semihosting_swi                 0x0000047d   Thumb Code     2  use_no_semi.o(.text)
    __semihosting_library_function           0x0000047f   Thumb Code     0  indicate_semi.o(.text)
    GPIOA_Handler                            0x00000481   Thumb Code   166  gpio_program.o(.text.GPIOA_Handler)
    GPIOB_Handler                            0x00000529   Thumb Code   168  gpio_program.o(.text.GPIOB_Handler)
    GPIOC_Handler                            0x000005d1   Thumb Code   168  gpio_program.o(.text.GPIOC_Handler)
    GPIOD_Handler                            0x00000679   Thumb Code   168  gpio_program.o(.text.GPIOD_Handler)
    GPIOE_Handler                            0x00000721   Thumb Code   170  gpio_program.o(.text.GPIOE_Handler)
    GPIOF_Handler                            0x000007cd   Thumb Code   128  gpio_program.o(.text.GPIOF_Handler)
    SystemInit                               0x0000084d   Thumb Code    84  system_tm4c123.o(.text.SystemInit)
    TIMER0A_Handler                          0x000008a1   Thumb Code    34  gpt_program.o(.text.TIMER0A_Handler)
    TIMER1A_Handler                          0x000008c5   Thumb Code    36  gpt_program.o(.text.TIMER1A_Handler)
    TIMER2A_Handler                          0x000008e9   Thumb Code    36  gpt_program.o(.text.TIMER2A_Handler)
    TIMER3A_Handler                          0x0000090d   Thumb Code    36  gpt_program.o(.text.TIMER3A_Handler)
    TIMER4A_Handler                          0x00000931   Thumb Code    36  gpt_program.o(.text.TIMER4A_Handler)
    TIMER5A_Handler                          0x00000955   Thumb Code    36  gpt_program.o(.text.TIMER5A_Handler)
    WTIMER0A_Handler                         0x00000979   Thumb Code    36  gpt_program.o(.text.WTIMER0A_Handler)
    WTIMER1A_Handler                         0x0000099d   Thumb Code    36  gpt_program.o(.text.WTIMER1A_Handler)
    WTIMER2A_Handler                         0x000009c1   Thumb Code    36  gpt_program.o(.text.WTIMER2A_Handler)
    WTIMER3A_Handler                         0x000009e5   Thumb Code    36  gpt_program.o(.text.WTIMER3A_Handler)
    WTIMER4A_Handler                         0x00000a09   Thumb Code    36  gpt_program.o(.text.WTIMER4A_Handler)
    WTIMER5A_Handler                         0x00000a2d   Thumb Code    36  gpt_program.o(.text.WTIMER5A_Handler)
    app_init                                 0x00000a51   Thumb Code    46  app_program.o(.text.app_init)
    app_start                                0x00000a81   Thumb Code     2  app_program.o(.text.app_start)
    gpio_pin_init                            0x00000a85   Thumb Code   584  gpio_program.o(.text.gpio_pin_init)
    gpio_setPinVal                           0x00000ccd   Thumb Code   128  gpio_program.o(.text.gpio_setPinVal)
    led_init                                 0x00000d4d   Thumb Code    54  led_program.o(.text.led_init)
    led_off                                  0x00000d85   Thumb Code    38  led_program.o(.text.led_off)
    main                                     0x00000dad   Thumb Code    18  main.o(.text.main)
    _fp_init                                 0x00000dbf   Thumb Code    26  fpinit.o(x$fpl$fpinit)
    __fplib_config_fpu_vfp                   0x00000dd7   Thumb Code     0  fpinit.o(x$fpl$fpinit)
    __fplib_config_pureend_doubles           0x00000dd7   Thumb Code     0  fpinit.o(x$fpl$fpinit)
    Region$$Table$$Base                      0x00000dd8   Number         0  anon$$obj.o(Region$$Table)
    Region$$Table$$Limit                     0x00000de8   Number         0  anon$$obj.o(Region$$Table)
    __libspace_start                         0x20000000   Data          96  libspace.o(.bss)
    __temporary_stack_top$libspace           0x20000060   Data           0  libspace.o(.bss)
    arr_gpio_cbf                             0x20000060   Data         192  gpio_program.o(.bss.arr_gpio_cbf)



==============================================================================

Memory Map of the image

  Image Entry point : 0x000002f1

  Load Region LR_1 (Base: 0x00000000, Size: 0x00000de8, Max: 0xffffffff, ABSOLUTE)

    Execution Region ER_RO (Exec base: 0x00000000, Load base: 0x00000000, Size: 0x00000de8, Max: 0xffffffff, ABSOLUTE)

    Exec Addr    Load Addr    Size         Type   Attr      Idx    E Section Name        Object

    0x00000000   0x00000000   0x0000026c   Data   RO          176    RESET               startup_tm4c123.o
    0x0000026c   0x0000026c   0x00000008   Code   RO          201  * !!!main             c_w.l(__main.o)
    0x00000274   0x00000274   0x00000034   Code   RO          403    !!!scatter          c_w.l(__scatter.o)
    0x000002a8   0x000002a8   0x0000001c   Code   RO          405    !!handler_zi        c_w.l(__scatter_zi.o)
    0x000002c4   0x000002c4   0x00000002   Code   RO          265    .ARM.Collect$$libinit$$00000000  c_w.l(libinit.o)
    0x000002c6   0x000002c6   0x00000004   Code   RO          271    .ARM.Collect$$libinit$$00000001  c_w.l(libinit2.o)
    0x000002ca   0x000002ca   0x00000000   Code   RO          274    .ARM.Collect$$libinit$$00000004  c_w.l(libinit2.o)
    0x000002ca   0x000002ca   0x00000000   Code   RO          276    .ARM.Collect$$libinit$$00000006  c_w.l(libinit2.o)
    0x000002ca   0x000002ca   0x00000000   Code   RO          279    .ARM.Collect$$libinit$$0000000C  c_w.l(libinit2.o)
    0x000002ca   0x000002ca   0x00000000   Code   RO          281    .ARM.Collect$$libinit$$0000000E  c_w.l(libinit2.o)
    0x000002ca   0x000002ca   0x00000000   Code   RO          283    .ARM.Collect$$libinit$$00000010  c_w.l(libinit2.o)
    0x000002ca   0x000002ca   0x00000000   Code   RO          286    .ARM.Collect$$libinit$$00000013  c_w.l(libinit2.o)
    0x000002ca   0x000002ca   0x00000000   Code   RO          288    .ARM.Collect$$libinit$$00000015  c_w.l(libinit2.o)
    0x000002ca   0x000002ca   0x00000000   Code   RO          290    .ARM.Collect$$libinit$$00000017  c_w.l(libinit2.o)
    0x000002ca   0x000002ca   0x00000000   Code   RO          292    .ARM.Collect$$libinit$$00000019  c_w.l(libinit2.o)
    0x000002ca   0x000002ca   0x00000000   Code   RO          294    .ARM.Collect$$libinit$$0000001B  c_w.l(libinit2.o)
    0x000002ca   0x000002ca   0x00000000   Code   RO          296    .ARM.Collect$$libinit$$0000001D  c_w.l(libinit2.o)
    0x000002ca   0x000002ca   0x00000000   Code   RO          298    .ARM.Collect$$libinit$$0000001F  c_w.l(libinit2.o)
    0x000002ca   0x000002ca   0x00000000   Code   RO          300    .ARM.Collect$$libinit$$00000021  c_w.l(libinit2.o)
    0x000002ca   0x000002ca   0x00000000   Code   RO          302    .ARM.Collect$$libinit$$00000023  c_w.l(libinit2.o)
    0x000002ca   0x000002ca   0x00000000   Code   RO          304    .ARM.Collect$$libinit$$00000025  c_w.l(libinit2.o)
    0x000002ca   0x000002ca   0x00000000   Code   RO          306    .ARM.Collect$$libinit$$00000027  c_w.l(libinit2.o)
    0x000002ca   0x000002ca   0x00000000   Code   RO          310    .ARM.Collect$$libinit$$0000002E  c_w.l(libinit2.o)
    0x000002ca   0x000002ca   0x00000000   Code   RO          312    .ARM.Collect$$libinit$$00000030  c_w.l(libinit2.o)
    0x000002ca   0x000002ca   0x00000000   Code   RO          314    .ARM.Collect$$libinit$$00000032  c_w.l(libinit2.o)
    0x000002ca   0x000002ca   0x00000000   Code   RO          316    .ARM.Collect$$libinit$$00000034  c_w.l(libinit2.o)
    0x000002ca   0x000002ca   0x00000002   Code   RO          317    .ARM.Collect$$libinit$$00000035  c_w.l(libinit2.o)
    0x000002cc   0x000002cc   0x00000002   Code   RO          339    .ARM.Collect$$libshutdown$$00000000  c_w.l(libshutdown.o)
    0x000002ce   0x000002ce   0x00000000   Code   RO          354    .ARM.Collect$$libshutdown$$00000002  c_w.l(libshutdown2.o)
    0x000002ce   0x000002ce   0x00000000   Code   RO          356    .ARM.Collect$$libshutdown$$00000004  c_w.l(libshutdown2.o)
    0x000002ce   0x000002ce   0x00000000   Code   RO          359    .ARM.Collect$$libshutdown$$00000007  c_w.l(libshutdown2.o)
    0x000002ce   0x000002ce   0x00000000   Code   RO          362    .ARM.Collect$$libshutdown$$0000000A  c_w.l(libshutdown2.o)
    0x000002ce   0x000002ce   0x00000000   Code   RO          364    .ARM.Collect$$libshutdown$$0000000C  c_w.l(libshutdown2.o)
    0x000002ce   0x000002ce   0x00000000   Code   RO          367    .ARM.Collect$$libshutdown$$0000000F  c_w.l(libshutdown2.o)
    0x000002ce   0x000002ce   0x00000002   Code   RO          368    .ARM.Collect$$libshutdown$$00000010  c_w.l(libshutdown2.o)
    0x000002d0   0x000002d0   0x00000000   Code   RO          227    .ARM.Collect$$rtentry$$00000000  c_w.l(__rtentry.o)
    0x000002d0   0x000002d0   0x00000000   Code   RO          240    .ARM.Collect$$rtentry$$00000002  c_w.l(__rtentry2.o)
    0x000002d0   0x000002d0   0x00000006   Code   RO          252    .ARM.Collect$$rtentry$$00000004  c_w.l(__rtentry4.o)
    0x000002d6   0x000002d6   0x00000000   Code   RO          242    .ARM.Collect$$rtentry$$00000009  c_w.l(__rtentry2.o)
    0x000002d6   0x000002d6   0x00000004   Code   RO          243    .ARM.Collect$$rtentry$$0000000A  c_w.l(__rtentry2.o)
    0x000002da   0x000002da   0x00000000   Code   RO          245    .ARM.Collect$$rtentry$$0000000C  c_w.l(__rtentry2.o)
    0x000002da   0x000002da   0x00000008   Code   RO          246    .ARM.Collect$$rtentry$$0000000D  c_w.l(__rtentry2.o)
    0x000002e2   0x000002e2   0x00000002   Code   RO          269    .ARM.Collect$$rtexit$$00000000  c_w.l(rtexit.o)
    0x000002e4   0x000002e4   0x00000000   Code   RO          319    .ARM.Collect$$rtexit$$00000002  c_w.l(rtexit2.o)
    0x000002e4   0x000002e4   0x00000004   Code   RO          320    .ARM.Collect$$rtexit$$00000003  c_w.l(rtexit2.o)
    0x000002e8   0x000002e8   0x00000006   Code   RO          321    .ARM.Collect$$rtexit$$00000004  c_w.l(rtexit2.o)
    0x000002ee   0x000002ee   0x00000002   PAD
    0x000002f0   0x000002f0   0x00000114   Code   RO          177  * .text               startup_tm4c123.o
    0x00000404   0x00000404   0x00000006   Code   RO          199    .text               c_w.l(heapauxi.o)
    0x0000040a   0x0000040a   0x0000004a   Code   RO          256    .text               c_w.l(sys_stackheap_outer.o)
    0x00000454   0x00000454   0x00000012   Code   RO          258    .text               c_w.l(exit.o)
    0x00000466   0x00000466   0x00000002   PAD
    0x00000468   0x00000468   0x00000008   Code   RO          266    .text               c_w.l(libspace.o)
    0x00000470   0x00000470   0x0000000c   Code   RO          329    .text               c_w.l(sys_exit.o)
    0x0000047c   0x0000047c   0x00000002   Code   RO          344    .text               c_w.l(use_no_semi.o)
    0x0000047e   0x0000047e   0x00000000   Code   RO          346    .text               c_w.l(indicate_semi.o)
    0x0000047e   0x0000047e   0x00000002   PAD
    0x00000480   0x00000480   0x000000a6   Code   RO           29    .text.GPIOA_Handler  gpio_program.o
    0x00000526   0x00000526   0x00000002   PAD
    0x00000528   0x00000528   0x000000a8   Code   RO           31    .text.GPIOB_Handler  gpio_program.o
    0x000005d0   0x000005d0   0x000000a8   Code   RO           33    .text.GPIOC_Handler  gpio_program.o
    0x00000678   0x00000678   0x000000a8   Code   RO           35    .text.GPIOD_Handler  gpio_program.o
    0x00000720   0x00000720   0x000000aa   Code   RO           37    .text.GPIOE_Handler  gpio_program.o
    0x000007ca   0x000007ca   0x00000002   PAD
    0x000007cc   0x000007cc   0x00000080   Code   RO           39    .text.GPIOF_Handler  gpio_program.o
    0x0000084c   0x0000084c   0x00000054   Code   RO          186    .text.SystemInit    system_tm4c123.o
    0x000008a0   0x000008a0   0x00000022   Code   RO           72    .text.TIMER0A_Handler  gpt_program.o
    0x000008c2   0x000008c2   0x00000002   PAD
    0x000008c4   0x000008c4   0x00000024   Code   RO           74    .text.TIMER1A_Handler  gpt_program.o
    0x000008e8   0x000008e8   0x00000024   Code   RO           76    .text.TIMER2A_Handler  gpt_program.o
    0x0000090c   0x0000090c   0x00000024   Code   RO           78    .text.TIMER3A_Handler  gpt_program.o
    0x00000930   0x00000930   0x00000024   Code   RO           80    .text.TIMER4A_Handler  gpt_program.o
    0x00000954   0x00000954   0x00000024   Code   RO           82    .text.TIMER5A_Handler  gpt_program.o
    0x00000978   0x00000978   0x00000024   Code   RO           84    .text.WTIMER0A_Handler  gpt_program.o
    0x0000099c   0x0000099c   0x00000024   Code   RO           86    .text.WTIMER1A_Handler  gpt_program.o
    0x000009c0   0x000009c0   0x00000024   Code   RO           88    .text.WTIMER2A_Handler  gpt_program.o
    0x000009e4   0x000009e4   0x00000024   Code   RO           90    .text.WTIMER3A_Handler  gpt_program.o
    0x00000a08   0x00000a08   0x00000024   Code   RO           92    .text.WTIMER4A_Handler  gpt_program.o
    0x00000a2c   0x00000a2c   0x00000024   Code   RO           94    .text.WTIMER5A_Handler  gpt_program.o
    0x00000a50   0x00000a50   0x0000002e   Code   RO          164    .text.app_init      app_program.o
    0x00000a7e   0x00000a7e   0x00000002   PAD
    0x00000a80   0x00000a80   0x00000002   Code   RO          166    .text.app_start     app_program.o
    0x00000a82   0x00000a82   0x00000002   PAD
    0x00000a84   0x00000a84   0x00000248   Code   RO           11    .text.gpio_pin_init  gpio_program.o
    0x00000ccc   0x00000ccc   0x00000080   Code   RO           15    .text.gpio_setPinVal  gpio_program.o
    0x00000d4c   0x00000d4c   0x00000036   Code   RO          107    .text.led_init      led_program.o
    0x00000d82   0x00000d82   0x00000002   PAD
    0x00000d84   0x00000d84   0x00000026   Code   RO          111    .text.led_off       led_program.o
    0x00000daa   0x00000daa   0x00000002   PAD
    0x00000dac   0x00000dac   0x00000012   Code   RO            2    .text.main          main.o
    0x00000dbe   0x00000dbe   0x0000001a   Code   RO          327    x$fpl$fpinit        fz_wm.l(fpinit.o)
    0x00000dd8   0x00000dd8   0x00000010   Data   RO          402    Region$$Table       anon$$obj.o


    Execution Region ER_RW (Exec base: 0x20000000, Load base: 0x00000de8, Size: 0x00000000, Max: 0xffffffff, ABSOLUTE)

    **** No section assigned to this execution region ****


    Execution Region ER_ZI (Exec base: 0x20000000, Load base: 0x00000de8, Size: 0x00000350, Max: 0xffffffff, ABSOLUTE)

    Exec Addr    Load Addr    Size         Type   Attr      Idx    E Section Name        Object

    0x20000000        -       0x00000060   Zero   RW          267    .bss                c_w.l(libspace.o)
    0x20000060        -       0x000000c0   Zero   RW           41    .bss.arr_gpio_cbf   gpio_program.o
    0x20000120        -       0x00000030   Zero   RW           97    .bss.gl_callbacks_array  gpt_program.o
    0x20000150        -       0x00000000   Zero   RW          175    HEAP                startup_tm4c123.o
    0x20000150        -       0x00000200   Zero   RW          174    STACK               startup_tm4c123.o


==============================================================================

Image component sizes


      Code (inc. data)   RO Data    RW Data    ZI Data      Debug   Object Name

        48          0          0          0          0       1114   app_program.o
      1680          6          0          0        192      10612   gpio_program.o
       430          0          0          0         48      11493   gpt_program.o
        92          0          0          0          0       3352   led_program.o
        18          0          0          0          0        550   main.o
       276         24        620          0        512       5532   startup_tm4c123.o
        84          0          0          0          0       6491   system_tm4c123.o

    ----------------------------------------------------------------------
      2642         30        636          0        752      39144   Object Totals
         0          0         16          0          0          0   (incl. Generated)
        14          0          0          0          0          0   (incl. Padding)

    ----------------------------------------------------------------------

      Code (inc. data)   RO Data    RW Data    ZI Data      Debug   Library Member Name

         8          0          0          0          0         68   __main.o
         0          0          0          0          0          0   __rtentry.o
        12          0          0          0          0          0   __rtentry2.o
         6          0          0          0          0          0   __rtentry4.o
        52          8          0          0          0          0   __scatter.o
        28          0          0          0          0          0   __scatter_zi.o
        18          0          0          0          0         80   exit.o
         6          0          0          0          0        152   heapauxi.o
         0          0          0          0          0          0   indicate_semi.o
         2          0          0          0          0          0   libinit.o
         6          0          0          0          0          0   libinit2.o
         2          0          0          0          0          0   libshutdown.o
         2          0          0          0          0          0   libshutdown2.o
         8          4          0          0         96         68   libspace.o
         2          0          0          0          0          0   rtexit.o
        10          0          0          0          0          0   rtexit2.o
        12          4          0          0          0         68   sys_exit.o
        74          0          0          0          0         80   sys_stackheap_outer.o
         2          0          0          0          0         68   use_no_semi.o
        26          0          0          0          0        116   fpinit.o

    ----------------------------------------------------------------------
       282         16          0          0         96        700   Library Totals
         6          0          0          0          0          0   (incl. Padding)

    ----------------------------------------------------------------------

      Code (inc. data)   RO Data    RW Data    ZI Data      Debug   Library Name

       250         16          0          0         96        584   c_w.l
        26          0          0          0          0        116   fz_wm.l

    ----------------------------------------------------------------------
       282         16          0          0         96        700   Library Totals

    ----------------------------------------------------------------------

==============================================================================


      Code (inc. data)   RO Data    RW Data    ZI Data      Debug   

      2924         46        636          0        848      39520   Grand Totals
      2924         46        636          0        848      39520   ELF Image Totals
      2924         46        636          0          0          0   ROM Totals

==============================================================================

    Total RO  Size (Code + RO Data)                 3560 (   3.48kB)
    Total RW  Size (RW Data + ZI Data)               848 (   0.83kB)
    Total ROM Size (Code + RO Data + RW Data)       3560 (   3.48kB)

==============================================================================

